ARM Linker, 5.03 [Build 76] [MDK-ARM Standard][RL-ARM]

==============================================================================

Section Cross References

    main.o(.text) refers (Special) to compat_c99.o(.text) for __use_c99_library
    main.o(.text) refers to main.o(.bss) for CHdata1
    main.o(.text) refers to stm32f10x_rcc.o(.text) for RCC_DeInit
    main.o(.text) refers to stm32f10x_flash.o(.text) for FLASH_PrefetchBufferCmd
    main.o(.text) refers to stm32f10x_gpio.o(.text) for GPIO_Init
    main.o(.text) refers to stm32f10x_nvic.o(.text) for NVIC_Init
    main.o(.text) refers to stm32f10x_usart.o(.text) for USART_Init
    main.o(.text) refers to stm32f10x_tim.o(.text) for TIM_TimeBaseInit
    main.o(.text) refers to os_time.o(.text) for OSTimeDly
    main.o(.text) refers to stm32f10x_systick.o(.text) for SysTick_SetReload
    main.o(.text) refers to stm32f10x_exti.o(.text) for EXTI_ClearITPendingBit
    main.o(.text) refers to stm32f10x_adc.o(.text) for ADC_Init
    main.o(.text) refers to main.o(.constdata) for asci1
    main.o(.text) refers to os_core.o(.text) for OSTimeTick
    main.o(.text) refers to os_cpu_a.o(.text) for OS_CPU_SR_Save
    main.o(.text) refers to user2.o(.text) for DisLED
    main.o(.text) refers to os_sem.o(.text) for OSSemPost
    main.o(.text) refers to stm32f10x_dma.o(.text) for DMA_DeInit
    main.o(.text) refers to at24c16.o(.text) for CommIIC
    main.o(.text) refers to os_core.o(.data) for OSIntNesting
    main.o(.text) refers to rt_memclr_w.o(.text) for __aeabi_memclr4
    main.o(.text) refers to os_task.o(.text) for OSTaskCreate
    main.o(.text) refers to user1.o(.text) for GetEnvTem
    main.o(.bss) refers (Special) to compat_c99.o(.text) for __use_c99_library
    main.o(.constdata) refers (Special) to compat_c99.o(.text) for __use_c99_library
    main.o(.data) refers (Special) to compat_c99.o(.text) for __use_c99_library
    user1.o(.text) refers (Special) to compat_c99.o(.text) for __use_c99_library
    user1.o(.text) refers to os_cpu_a.o(.text) for OS_CPU_SR_Save
    user1.o(.text) refers to user.o(.text) for Get1
    user1.o(.text) refers to fflt_clz.o(x$fpl$fflt) for __aeabi_i2f
    user1.o(.text) refers to fmul.o(x$fpl$fmul) for __aeabi_fmul
    user1.o(.text) refers to fdiv.o(x$fpl$fdiv) for __aeabi_fdiv
    user1.o(.text) refers to ffixu.o(x$fpl$ffixu) for __aeabi_f2uiz
    user1.o(.text) refers to main.o(.bss) for SYS
    user1.o(.text) refers to dflt_clz.o(x$fpl$dflt) for __aeabi_i2d
    user1.o(.text) refers to dmul.o(x$fpl$dmul) for __aeabi_dmul
    user1.o(.text) refers to dfix.o(x$fpl$dfix) for __aeabi_d2iz
    user1.o(.text) refers to os_time.o(.text) for OSTimeDly
    user1.o(.text) refers to user2.o(.text) for PWM_OUT
    user1.o(.text) refers to os_sem.o(.text) for OSSemPost
    user1.o(.text) refers to os_task.o(.text) for OSTaskCreate
    user1.o(.text) refers to user1.o(.data) for num
    user1.o(.text) refers to lib.o(.text) for ModData1
    user1.o(.text) refers to at24c16.o(.text) for CommIIC
    user1.o(.text) refers to faddsub_clz.o(x$fpl$fadd) for __aeabi_fadd
    user1.o(.text) refers to fleqf.o(x$fpl$fleqf) for __aeabi_cfcmple
    user1.o(.text) refers to frleqf.o(x$fpl$frleqf) for __aeabi_cfrcmple
    user1.o(.text) refers to ffix.o(x$fpl$ffix) for __aeabi_f2iz
    user1.o(.text) refers to os_core.o(.data) for OSIntNesting
    user1.o(.text) refers to os_core.o(.text) for OSIntExit
    user1.o(.data) refers (Special) to compat_c99.o(.text) for __use_c99_library
    user2.o(.text) refers (Special) to compat_c99.o(.text) for __use_c99_library
    user2.o(.text) refers to os_time.o(.text) for OSTimeDly
    user2.o(.text) refers to stm32f10x_gpio.o(.text) for GPIO_ResetBits
    user2.o(.text) refers to stm32f10x_rcc.o(.text) for RCC_GetFlagStatus
    user2.o(.text) refers to at24c16.o(.text) for CommIIC
    user2.o(.text) refers to main.o(.bss) for CHdata1
    user2.o(.text) refers to os_core.o(.text) for OSIntExit
    user2.o(.text) refers to os_core.o(.data) for OSIntNesting
    os_core.o(.text) refers (Special) to compat_c99.o(.text) for __use_c99_library
    os_core.o(.text) refers to os_cpu_a.o(.text) for OS_CPU_SR_Save
    os_core.o(.text) refers to os_core.o(.data) for OSIntNesting
    os_core.o(.text) refers to os_core.o(.constdata) for OSUnMapTbl
    os_core.o(.text) refers to os_core.o(.bss) for OSTCBPrioTbl
    os_core.o(.text) refers to os_task.o(.text) for OSTaskStkChk
    os_core.o(.text) refers to os_time.o(.text) for OSTimeDly
    os_core.o(.text) refers to os_cpu_c.o(.text) for OSTaskStatHook
    os_core.o(.text) refers to os_flag.o(.text) for OS_FlagInit
    os_core.o(.text) refers to os_dbg.o(.text) for OSDebugInit
    os_core.o(.bss) refers (Special) to compat_c99.o(.text) for __use_c99_library
    os_core.o(.constdata) refers (Special) to compat_c99.o(.text) for __use_c99_library
    os_core.o(.data) refers (Special) to compat_c99.o(.text) for __use_c99_library
[...]
    __rt_lib_shutdown_stdio_1                0x08000167   Thumb Code     0  libshutdown2.o(.ARM.Collect$$libshutdown$$00000003)
    __rt_lib_shutdown_user_alloc_1           0x08000167   Thumb Code     0  libshutdown2.o(.ARM.Collect$$libshutdown$$0000000B)
    __rt_entry                               0x08000169   Thumb Code     0  rtentry.o(.ARM.Collect$$rtentry$$00000000)
    __rt_entry_presh_1                       0x08000169   Thumb Code     0  rtentry2.o(.ARM.Collect$$rtentry$$00000002)
    __rt_entry_sh                            0x08000169   Thumb Code     0  rtentry4.o(.ARM.Collect$$rtentry$$00000004)
    __rt_entry_li                            0x0800016f   Thumb Code     0  rtentry2.o(.ARM.Collect$$rtentry$$0000000A)
    __rt_entry_postsh_1                      0x0800016f   Thumb Code     0  rtentry2.o(.ARM.Collect$$rtentry$$00000009)
    __rt_entry_main                          0x08000173   Thumb Code     0  rtentry2.o(.ARM.Collect$$rtentry$$0000000D)
    __rt_entry_postli_1                      0x08000173   Thumb Code     0  rtentry2.o(.ARM.Collect$$rtentry$$0000000C)
    __rt_exit                                0x0800017b   Thumb Code     0  rtexit.o(.ARM.Collect$$rtexit$$00000000)
    __rt_exit_ls                             0x0800017d   Thumb Code     0  rtexit2.o(.ARM.Collect$$rtexit$$00000003)
    __rt_exit_prels_1                        0x0800017d   Thumb Code     0  rtexit2.o(.ARM.Collect$$rtexit$$00000002)
    __rt_exit_exit                           0x08000181   Thumb Code     0  rtexit2.o(.ARM.Collect$$rtexit$$00000004)
    CheckD1                                  0x08000189   Thumb Code   602  main.o(.text)
    CheckD2                                  0x080003e3   Thumb Code   644  main.o(.text)
    CheckD3                                  0x08000667   Thumb Code   602  main.o(.text)
    CheckD4                                  0x080008c1   Thumb Code   614  main.o(.text)
    RCC_Configuration                        0x08000b27   Thumb Code   122  main.o(.text)
    GPIO_Configuration                       0x08000ba1   Thumb Code   324  main.o(.text)
    USART_Configuration                      0x08000ce5   Thumb Code   100  main.o(.text)
    Timer1_Config                            0x08000d49   Thumb Code   106  main.o(.text)
    KeyTurnS                                 0x08000db3   Thumb Code    70  main.o(.text)
    KeyTurnX                                 0x08000df9   Thumb Code    32  main.o(.text)
    Timer2_Config                            0x08000e19   Thumb Code   110  main.o(.text)
    Timer3_Config                            0x08000e87   Thumb Code   102  main.o(.text)
    CCdataValue                              0x08000eed   Thumb Code    56  main.o(.text)
    Tim_data                                 0x08000f25   Thumb Code    52  main.o(.text)
    Timcomm                                  0x08000f59   Thumb Code   228  main.o(.text)
    Timer4_Config                            0x0800103d   Thumb Code   102  main.o(.text)
    SysTick_Config                           0x080010a3   Thumb Code    30  main.o(.text)
    EXTI_Configuration                       0x080010c1   Thumb Code    76  main.o(.text)
    ADC_Configuration                        0x0800110d   Thumb Code   236  main.o(.text)
    SysTick_Handler                          0x080011f9   Thumb Code    72  main.o(.text)
    USART1_IRQHandler                        0x08001241   Thumb Code   210  main.o(.text)
    DMA_Configuration                        0x08001313   Thumb Code   112  main.o(.text)
    bps_init                                 0x08001383   Thumb Code    98  main.o(.text)
    IWDG_Config                              0x080013e5   Thumb Code    28  main.o(.text)
    SafeData                                 0x08001401   Thumb Code  3484  main.o(.text)
    TaskStartSaveData                        0x0800219d   Thumb Code   370  main.o(.text)
    TaskStartDisplay                         0x0800230f   Thumb Code  1288  main.o(.text)
    main                                     0x08002817   Thumb Code    34  main.o(.text)
    GetEnvTem                                0x08002859   Thumb Code   294  user1.o(.text)
    GetTem1                                  0x0800297f   Thumb Code   552  user1.o(.text)
    GetTem2                                  0x08002ba7   Thumb Code   576  user1.o(.text)
    GetTem3                                  0x08002de7   Thumb Code   548  user1.o(.text)
    GetTem4                                  0x0800300b   Thumb Code   572  user1.o(.text)
    GetCurrent1                              0x08003247   Thumb Code   164  user1.o(.text)
    GetCurrent2                              0x080032eb   Thumb Code   164  user1.o(.text)
    GetCurrent3                              0x0800338f   Thumb Code   164  user1.o(.text)
    GetCurrent4                              0x08003433   Thumb Code   204  user1.o(.text)
    CheckOutShort1                           0x080034ff   Thumb Code   344  user1.o(.text)
    CheckOutShort2                           0x08003657   Thumb Code   352  user1.o(.text)
    CheckOutShort3                           0x080037b7   Thumb Code   382  user1.o(.text)
    CheckOutShort4                           0x08003935   Thumb Code   352  user1.o(.text)
    ResetManualTurn1                         0x08003a95   Thumb Code    66  user1.o(.text)
    ResetManualTurn2                         0x08003ad7   Thumb Code    66  user1.o(.text)
    ResetManualTurn3                         0x08003b19   Thumb Code    62  user1.o(.text)
    ResetManualTurn4                         0x08003b57   Thumb Code    62  user1.o(.text)
    TaskPID                                  0x08003b95   Thumb Code    98  user1.o(.text)
    TaskStartPID1                            0x08003bf7   Thumb Code  3326  user1.o(.text)
    TaskStartPID2                            0x080048f5   Thumb Code  3284  user1.o(.text)
    TaskStartPID3                            0x080055c9   Thumb Code  3300  user1.o(.text)
    TaskStartPID4                            0x080062ad   Thumb Code  3294  user1.o(.text)
    TIM2_IRQHandler                          0x08006f8b   Thumb Code    32  user1.o(.text)
    TIM3_IRQHandler                          0x08006fab   Thumb Code    28  user1.o(.text)
    TIM4_IRQHandler                          0x08006fc7   Thumb Code    28  user1.o(.text)
    TIM1_UP_IRQHandler                       0x08006fe3   Thumb Code    28  user1.o(.text)
    EXTI0_IRQHandler                         0x08006fff   Thumb Code  1104  user1.o(.text)
    delay                                    0x08007471   Thumb Code    28  user2.o(.text)
    Delay                                    0x0800748d   Thumb Code    28  user2.o(.text)
    Relay                                    0x080074a9   Thumb Code   112  user2.o(.text)
    PWM_OUT                                  0x08007519   Thumb Code    92  user2.o(.text)
    LED                                      0x08007575   Thumb Code    92  user2.o(.text)
    DisLED                                   0x080075d1   Thumb Code   112  user2.o(.text)
    ChTUP                                    0x08007641   Thumb Code    96  user2.o(.text)
    SetInitData                              0x080076a1   Thumb Code   272  user2.o(.text)
    LoadData                                 0x080077b1   Thumb Code  1792  user2.o(.text)
    GetCommID                                0x08007eb1   Thumb Code   200  user2.o(.text)
    GetTemSV                                 0x08007f79   Thumb Code     6  user2.o(.text)
    DMAChannel1_IRQHandler                   0x08007f7f   Thumb Code   252  user2.o(.text)
    OS_StrLen                                0x080080a9   Thumb Code    20  os_core.o(.text)
    OSEventNameGet                           0x080080bd   Thumb Code    98  os_core.o(.text)
    OSEventNameSet                           0x0800811f   Thumb Code    86  os_core.o(.text)
    OS_EventTaskRemoveMulti                  0x08008175   Thumb Code    60  os_core.o(.text)
    OS_Sched                                 0x080081cb   Thumb Code    88  os_core.o(.text)
    OS_EventTaskWaitMulti                    0x08008223   Thumb Code   136  os_core.o(.text)
    OSEventPendMulti                         0x080082ab   Thumb Code   632  os_core.o(.text)
    OS_TaskStatStkChk                        0x08008523   Thumb Code    54  os_core.o(.text)
    OS_TaskStat                              0x08008559   Thumb Code   114  os_core.o(.text)
    OS_TaskIdle                              0x080085ff   Thumb Code    32  os_core.o(.text)
    OS_MemClr                                0x08008653   Thumb Code    18  os_core.o(.text)
    OSInit                                   0x08008743   Thumb Code    44  os_core.o(.text)
    OSIntEnter                               0x0800876f   Thumb Code    28  os_core.o(.text)
    OSIntExit                                0x0800878b   Thumb Code   114  os_core.o(.text)
    OSSchedLock                              0x080087fd   Thumb Code    50  os_core.o(.text)
    OSSchedUnlock                            0x0800882f   Thumb Code    84  os_core.o(.text)
    OSStart                                  0x08008883   Thumb Code    48  os_core.o(.text)
    OSStatInit                               0x080088b3   Thumb Code   206  os_core.o(.text)
    OSTimeTick                               0x08008981   Thumb Code   218  os_core.o(.text)
    OSVersion                                0x08008a5b   Thumb Code     6  os_core.o(.text)
    OS_Dummy                                 0x08008a61   Thumb Code     2  os_core.o(.text)
    OS_EventTaskRemove                       0x08008a63   Thumb Code    42  os_core.o(.text)
    OS_EventTaskRdy                          0x08008a8d   Thumb Code   132  os_core.o(.text)
    OS_EventTaskWait                         0x08008b11   Thumb Code   112  os_core.o(.text)
    OS_EventWaitListInit                     0x08008b81   Thumb Code    28  os_core.o(.text)
    OS_MemCopy                               0x08008b9d   Thumb Code    20  os_core.o(.text)
    OS_TCBInit                               0x08008bb1   Thumb Code   296  os_core.o(.text)
    OSInitHookBegin                          0x08008d05   Thumb Code     2  os_cpu_c.o(.text)
    OSInitHookEnd                            0x08008d07   Thumb Code     2  os_cpu_c.o(.text)
    App_TaskCreateHook                       0x08008d09   Thumb Code     2  os_cpu_c.o(.text)
    OSTaskCreateHook                         0x08008d0b   Thumb Code    12  os_cpu_c.o(.text)
    App_TaskDelHook                          0x08008d17   Thumb Code     2  os_cpu_c.o(.text)
    OSTaskDelHook                            0x08008d19   Thumb Code    12  os_cpu_c.o(.text)
    App_TaskIdleHook                         0x08008d25   Thumb Code     2  os_cpu_c.o(.text)
    OSTaskIdleHook                           0x08008d27   Thumb Code     8  os_cpu_c.o(.text)
    App_TaskStatHook                         0x08008d2f   Thumb Code     2  os_cpu_c.o(.text)
    OSTaskStatHook                           0x08008d31   Thumb Code     8  os_cpu_c.o(.text)
    OSTaskStkInit                            0x08008d39   Thumb Code   154  os_cpu_c.o(.text)
    App_TaskSwHook                           0x08008dd3   Thumb Code     2  os_cpu_c.o(.text)
    App_TCBInitHook                          0x08008dd5   Thumb Code     2  os_cpu_c.o(.text)
    App_TimeTickHook                         0x08008dd7   Thumb Code     2  os_cpu_c.o(.text)
    TerminalTask                             0x08008dd9   Thumb Code     2  os_cpu_c.o(.text)
    OSTaskSwHook                             0x08008ddb   Thumb Code     8  os_cpu_c.o(.text)
    OSTCBInitHook                            0x08008de3   Thumb Code    12  os_cpu_c.o(.text)
    OSTimeTickHook                           0x08008def   Thumb Code     8  os_cpu_c.o(.text)
    OSDebugInit                              0x08008df9   Thumb Code    96  os_dbg.o(.text)
    OSFlagAccept                             0x08008f11   Thumb Code   252  os_flag.o(.text)
    OSFlagCreate                             0x0800900d   Thumb Code    88  os_flag.o(.text)
    OS_FlagUnlink                            0x08009065   Thumb Code    36  os_flag.o(.text)
    OSFlagDel                                0x080090e9   Thumb Code   216  os_flag.o(.text)
    OSFlagNameGet                            0x080091c1   Thumb Code    80  os_flag.o(.text)
    OSFlagNameSet                            0x08009211   Thumb Code    68  os_flag.o(.text)
    OSFlagPend                               0x080092ed   Thumb Code   628  os_flag.o(.text)
    OSFlagPendGetFlagsRdy                    0x08009561   Thumb Code    26  os_flag.o(.text)
    OSFlagPost                               0x0800957b   Thumb Code   312  os_flag.o(.text)
    OSFlagQuery                              0x080096b3   Thumb Code    48  os_flag.o(.text)
    OS_FlagInit                              0x080096e3   Thumb Code    64  os_flag.o(.text)
    OSSemAccept                              0x08009731   Thumb Code    44  os_sem.o(.text)
    OSSemCreate                              0x0800975d   Thumb Code    74  os_sem.o(.text)
    OSSemDel                                 0x080097a7   Thumb Code   212  os_sem.o(.text)
    OSSemPend                                0x0800987b   Thumb Code   234  os_sem.o(.text)
    OSSemPendAbort                           0x08009965   Thumb Code   128  os_sem.o(.text)
    OSSemPost                                0x080099e5   Thumb Code    88  os_sem.o(.text)
    OSSemQuery                               0x08009a3d   Thumb Code    82  os_sem.o(.text)
    OSSemSet                                 0x08009a8f   Thumb Code    68  os_sem.o(.text)
    OSTaskChangePrio                         0x08009ae9   Thumb Code   396  os_task.o(.text)
    OSTaskCreate                             0x08009c75   Thumb Code   150  os_task.o(.text)
    OS_TaskStkClr                            0x08009d0b   Thumb Code    26  os_task.o(.text)
    OSTaskCreateExt                          0x08009d25   Thumb Code   172  os_task.o(.text)
    OSTaskDel                                0x08009dd1   Thumb Code   348  os_task.o(.text)
    OSTaskDelReq                             0x08009f2d   Thumb Code   100  os_task.o(.text)
    OSTaskNameGet                            0x08009f91   Thumb Code   114  os_task.o(.text)
    OSTaskNameSet                            0x0800a003   Thumb Code   100  os_task.o(.text)
    OSTaskResume                             0x0800a067   Thumb Code   160  os_task.o(.text)
    OSTaskStkChk                             0x0800a107   Thumb Code   132  os_task.o(.text)
    OSTaskSuspend                            0x0800a18b   Thumb Code   152  os_task.o(.text)
    OSTaskQuery                              0x0800a223   Thumb Code    82  os_task.o(.text)
    OSTaskRegGet                             0x0800a275   Thumb Code    60  os_task.o(.text)
    OSTaskRegSet                             0x0800a2b1   Thumb Code    96  os_task.o(.text)
    OSTimeDly                                0x0800a311   Thumb Code    94  os_time.o(.text)
    OSTimeDlyHMSM                            0x0800a36f   Thumb Code    78  os_time.o(.text)
    OSTimeDlyResume                          0x0800a3bd   Thumb Code   176  os_time.o(.text)
    OSTimeGet                                0x0800a46d   Thumb Code    24  os_time.o(.text)
    OSTimeSet                                0x0800a485   Thumb Code    24  os_time.o(.text)
    ADC_DeInit                               0x0800a4b5   Thumb Code    90  stm32f10x_adc.o(.text)
    ADC_Init                                 0x0800a50f   Thumb Code    70  stm32f10x_adc.o(.text)
    ADC_StructInit                           0x0800a555   Thumb Code    18  stm32f10x_adc.o(.text)
    ADC_Cmd                                  0x0800a567   Thumb Code    22  stm32f10x_adc.o(.text)
    ADC_DMACmd                               0x0800a57d   Thumb Code    22  stm32f10x_adc.o(.text)
    ADC_ITConfig                             0x0800a593   Thumb Code    24  stm32f10x_adc.o(.text)
    ADC_ResetCalibration                     0x0800a5ab   Thumb Code    10  stm32f10x_adc.o(.text)
    ADC_GetResetCalibrationStatus            0x0800a5b5   Thumb Code    20  stm32f10x_adc.o(.text)
    ADC_StartCalibration                     0x0800a5c9   Thumb Code    10  stm32f10x_adc.o(.text)
    ADC_GetCalibrationStatus                 0x0800a5d3   Thumb Code    20  stm32f10x_adc.o(.text)
    ADC_SoftwareStartConvCmd                 0x0800a5e7   Thumb Code    22  stm32f10x_adc.o(.text)
    ADC_GetSoftwareStartConvStatus           0x0800a5fd   Thumb Code    20  stm32f10x_adc.o(.text)
    ADC_DiscModeChannelCountConfig           0x0800a611   Thumb Code    24  stm32f10x_adc.o(.text)
    ADC_DiscModeCmd                          0x0800a629   Thumb Code    22  stm32f10x_adc.o(.text)
    ADC_RegularChannelConfig                 0x0800a63f   Thumb Code   184  stm32f10x_adc.o(.text)
    ADC_ExternalTrigConvCmd                  0x0800a6f7   Thumb Code    22  stm32f10x_adc.o(.text)
    ADC_GetConversionValue                   0x0800a70d   Thumb Code     8  stm32f10x_adc.o(.text)
    ADC_GetDualModeConversionValue           0x0800a715   Thumb Code     6  stm32f10x_adc.o(.text)
    ADC_AutoInjectedConvCmd                  0x0800a71b   Thumb Code    22  stm32f10x_adc.o(.text)
    ADC_InjectedDiscModeCmd                  0x0800a731   Thumb Code    22  stm32f10x_adc.o(.text)
    ADC_ExternalTrigInjectedConvConfig       0x0800a747   Thumb Code    16  stm32f10x_adc.o(.text)
    ADC_ExternalTrigInjectedConvCmd          0x0800a757   Thumb Code    22  stm32f10x_adc.o(.text)
    ADC_SoftwareStartInjectedConvCmd         0x0800a76d   Thumb Code    22  stm32f10x_adc.o(.text)
    ADC_GetSoftwareStartInjectedConvCmdStatus 0x0800a783   Thumb Code    20  stm32f10x_adc.o(.text)
    ADC_InjectedChannelConfig                0x0800a797   Thumb Code   130  stm32f10x_adc.o(.text)
    ADC_InjectedSequencerLengthConfig        0x0800a819   Thumb Code    24  stm32f10x_adc.o(.text)
    ADC_SetInjectedOffset                    0x0800a831   Thumb Code     4  stm32f10x_adc.o(.text)
    ADC_GetInjectedConversionValue           0x0800a835   Thumb Code    10  stm32f10x_adc.o(.text)
    ADC_AnalogWatchdogCmd                    0x0800a83f   Thumb Code    16  stm32f10x_adc.o(.text)
    ADC_AnalogWatchdogThresholdsConfig       0x0800a84f   Thumb Code     6  stm32f10x_adc.o(.text)
    ADC_AnalogWatchdogSingleChannelConfig    0x0800a855   Thumb Code    16  stm32f10x_adc.o(.text)
    ADC_TempSensorVrefintCmd                 0x0800a865   Thumb Code    38  stm32f10x_adc.o(.text)
    ADC_GetFlagStatus                        0x0800a88b   Thumb Code    38  stm32f10x_adc.o(.text)
    ADC_ClearFlag                            0x0800a8b1   Thumb Code     6  stm32f10x_adc.o(.text)
    ADC_GetITStatus                          0x0800a8b7   Thumb Code    36  stm32f10x_adc.o(.text)
    ADC_ClearITPendingBit                    0x0800a8db   Thumb Code    10  stm32f10x_adc.o(.text)
    DMA_DeInit                               0x0800a8e5   Thumb Code   306  stm32f10x_dma.o(.text)
    DMA_Init                                 0x0800aa17   Thumb Code    60  stm32f10x_dma.o(.text)
    DMA_StructInit                           0x0800aa53   Thumb Code    26  stm32f10x_dma.o(.text)
    DMA_Cmd                                  0x0800aa6d   Thumb Code    22  stm32f10x_dma.o(.text)
    DMA_ITConfig                             0x0800aa83   Thumb Code    18  stm32f10x_dma.o(.text)
    DMA_GetCurrDataCounter                   0x0800aa95   Thumb Code     8  stm32f10x_dma.o(.text)
    DMA_GetFlagStatus                        0x0800aa9d   Thumb Code    38  stm32f10x_dma.o(.text)
    DMA_ClearFlag                            0x0800aac3   Thumb Code    20  stm32f10x_dma.o(.text)
    DMA_GetITStatus                          0x0800aad7   Thumb Code    38  stm32f10x_dma.o(.text)
    DMA_ClearITPendingBit                    0x0800aafd   Thumb Code    20  stm32f10x_dma.o(.text)
    EXTI_DeInit                              0x0800ab21   Thumb Code    28  stm32f10x_exti.o(.text)
    EXTI_Init                                0x0800ab3d   Thumb Code   150  stm32f10x_exti.o(.text)
    EXTI_StructInit                          0x0800abd3   Thumb Code    16  stm32f10x_exti.o(.text)
    EXTI_GenerateSWInterrupt                 0x0800abe3   Thumb Code    16  stm32f10x_exti.o(.text)
    EXTI_GetFlagStatus                       0x0800abf3   Thumb Code    22  stm32f10x_exti.o(.text)
    EXTI_ClearFlag                           0x0800ac09   Thumb Code     8  stm32f10x_exti.o(.text)
    EXTI_GetITStatus                         0x0800ac11   Thumb Code    34  stm32f10x_exti.o(.text)
    EXTI_ClearITPendingBit                   0x0800ac33   Thumb Code     8  stm32f10x_exti.o(.text)
    FLASH_SetLatency                         0x0800ac45   Thumb Code    22  stm32f10x_flash.o(.text)
    FLASH_HalfCycleAccessCmd                 0x0800ac5b   Thumb Code    22  stm32f10x_flash.o(.text)
    FLASH_PrefetchBufferCmd                  0x0800ac71   Thumb Code    22  stm32f10x_flash.o(.text)
    FLASH_Unlock                             0x0800ac87   Thumb Code    12  stm32f10x_flash.o(.text)
    FLASH_Lock                               0x0800ac93   Thumb Code    14  stm32f10x_flash.o(.text)
    FLASH_GetStatus                          0x0800aca1   Thumb Code    48  stm32f10x_flash.o(.text)
    FLASH_WaitForLastOperation               0x0800aceb   Thumb Code    42  stm32f10x_flash.o(.text)
    FLASH_ErasePage                          0x0800ad15   Thumb Code    76  stm32f10x_flash.o(.text)
    FLASH_EraseAllPages                      0x0800ad61   Thumb Code    72  stm32f10x_flash.o(.text)
    FLASH_EraseOptionBytes                   0x0800ada9   Thumb Code   142  stm32f10x_flash.o(.text)
    FLASH_ProgramWord                        0x0800ae37   Thumb Code   100  stm32f10x_flash.o(.text)
    FLASH_ProgramHalfWord                    0x0800ae9b   Thumb Code    64  stm32f10x_flash.o(.text)
    FLASH_ProgramOptionByteData              0x0800aedb   Thumb Code    72  stm32f10x_flash.o(.text)
    FLASH_EnableWriteProtection              0x0800af23   Thumb Code   182  stm32f10x_flash.o(.text)
    FLASH_ReadOutProtection                  0x0800afd9   Thumb Code   174  stm32f10x_flash.o(.text)
    FLASH_UserOptionByteConfig               0x0800b087   Thumb Code    94  stm32f10x_flash.o(.text)
    FLASH_GetUserOptionByte                  0x0800b0e5   Thumb Code     8  stm32f10x_flash.o(.text)
    FLASH_GetWriteProtectionOptionByte       0x0800b0ed   Thumb Code     6  stm32f10x_flash.o(.text)
    FLASH_GetReadOutProtectionStatus         0x0800b0f3   Thumb Code    20  stm32f10x_flash.o(.text)
    FLASH_GetPrefetchBufferStatus            0x0800b107   Thumb Code    20  stm32f10x_flash.o(.text)
    FLASH_ITConfig                           0x0800b11b   Thumb Code    26  stm32f10x_flash.o(.text)
    FLASH_GetFlagStatus                      0x0800b135   Thumb Code    42  stm32f10x_flash.o(.text)
    FLASH_ClearFlag                          0x0800b15f   Thumb Code     6  stm32f10x_flash.o(.text)
    GPIO_DeInit                              0x0800b175   Thumb Code   188  stm32f10x_gpio.o(.text)
    GPIO_AFIODeInit                          0x0800b231   Thumb Code    20  stm32f10x_gpio.o(.text)
    GPIO_Init                                0x0800b245   Thumb Code   272  stm32f10x_gpio.o(.text)
    GPIO_StructInit                          0x0800b355   Thumb Code    16  stm32f10x_gpio.o(.text)
    GPIO_ReadInputDataBit                    0x0800b365   Thumb Code    18  stm32f10x_gpio.o(.text)
    GPIO_ReadInputData                       0x0800b377   Thumb Code     8  stm32f10x_gpio.o(.text)
    GPIO_ReadOutputDataBit                   0x0800b37f   Thumb Code    18  stm32f10x_gpio.o(.text)
    GPIO_ReadOutputData                      0x0800b391   Thumb Code     8  stm32f10x_gpio.o(.text)
    GPIO_SetBits                             0x0800b399   Thumb Code     4  stm32f10x_gpio.o(.text)
    GPIO_ResetBits                           0x0800b39d   Thumb Code     4  stm32f10x_gpio.o(.text)
    GPIO_WriteBit                            0x0800b3a1   Thumb Code    10  stm32f10x_gpio.o(.text)
    GPIO_Write                               0x0800b3ab   Thumb Code     4  stm32f10x_gpio.o(.text)
    GPIO_PinLockConfig                       0x0800b3af   Thumb Code    18  stm32f10x_gpio.o(.text)
    GPIO_EventOutputConfig                   0x0800b3c1   Thumb Code    26  stm32f10x_gpio.o(.text)
    GPIO_EventOutputCmd                      0x0800b3db   Thumb Code     6  stm32f10x_gpio.o(.text)
    GPIO_PinRemapConfig                      0x0800b3e1   Thumb Code   106  stm32f10x_gpio.o(.text)
    GPIO_EXTILineConfig                      0x0800b44b   Thumb Code    66  stm32f10x_gpio.o(.text)
    NVIC_DeInit                              0x0800b49d   Thumb Code    58  stm32f10x_nvic.o(.text)
    NVIC_SCBDeInit                           0x0800b4d7   Thumb Code    76  stm32f10x_nvic.o(.text)
    NVIC_PriorityGroupConfig                 0x0800b523   Thumb Code    12  stm32f10x_nvic.o(.text)
    NVIC_Init                                0x0800b52f   Thumb Code   154  stm32f10x_nvic.o(.text)
    NVIC_StructInit                          0x0800b5c9   Thumb Code    12  stm32f10x_nvic.o(.text)
    NVIC_SETPRIMASK                          0x0800b5d5   Thumb Code     8  stm32f10x_nvic.o(.text)
    NVIC_RESETPRIMASK                        0x0800b5dd   Thumb Code     8  stm32f10x_nvic.o(.text)
    NVIC_SETFAULTMASK                        0x0800b5e5   Thumb Code     8  stm32f10x_nvic.o(.text)
    NVIC_RESETFAULTMASK                      0x0800b5ed   Thumb Code     8  stm32f10x_nvic.o(.text)
    NVIC_BASEPRICONFIG                       0x0800b5f5   Thumb Code    12  stm32f10x_nvic.o(.text)
    NVIC_GetBASEPRI                          0x0800b601   Thumb Code     8  stm32f10x_nvic.o(.text)
    NVIC_GetCurrentPendingIRQChannel         0x0800b609   Thumb Code    10  stm32f10x_nvic.o(.text)
    NVIC_GetIRQChannelPendingBitStatus       0x0800b613   Thumb Code    42  stm32f10x_nvic.o(.text)
    NVIC_SetIRQChannelPendingBit             0x0800b63d   Thumb Code     6  stm32f10x_nvic.o(.text)
    NVIC_ClearIRQChannelPendingBit           0x0800b643   Thumb Code    20  stm32f10x_nvic.o(.text)
    NVIC_GetCurrentActiveHandler             0x0800b657   Thumb Code    10  stm32f10x_nvic.o(.text)
    NVIC_GetIRQChannelActiveBitStatus        0x0800b661   Thumb Code    42  stm32f10x_nvic.o(.text)
    NVIC_GetCPUID                            0x0800b68b   Thumb Code     8  stm32f10x_nvic.o(.text)
    NVIC_SetVectorTable                      0x0800b693   Thumb Code    14  stm32f10x_nvic.o(.text)
    NVIC_GenerateSystemReset                 0x0800b6a1   Thumb Code    12  stm32f10x_nvic.o(.text)
    NVIC_GenerateCoreReset                   0x0800b6ad   Thumb Code    12  stm32f10x_nvic.o(.text)
    NVIC_SystemLPConfig                      0x0800b6b9   Thumb Code    34  stm32f10x_nvic.o(.text)
    NVIC_SystemHandlerConfig                 0x0800b6db   Thumb Code    48  stm32f10x_nvic.o(.text)
    NVIC_SystemHandlerPriorityConfig         0x0800b70b   Thumb Code   110  stm32f10x_nvic.o(.text)
    NVIC_GetSystemHandlerPendingBitStatus    0x0800b779   Thumb Code    44  stm32f10x_nvic.o(.text)
    NVIC_SetSystemHandlerPendingBit          0x0800b7a5   Thumb Code    22  stm32f10x_nvic.o(.text)
    NVIC_ClearSystemHandlerPendingBit        0x0800b7bb   Thumb Code    26  stm32f10x_nvic.o(.text)
    NVIC_GetSystemHandlerActiveBitStatus     0x0800b7d5   Thumb Code    42  stm32f10x_nvic.o(.text)
    NVIC_GetFaultHandlerSources              0x0800b7ff   Thumb Code    66  stm32f10x_nvic.o(.text)
    NVIC_GetFaultAddress                     0x0800b841   Thumb Code    28  stm32f10x_nvic.o(.text)
    RCC_DeInit                               0x0800b87d   Thumb Code    62  stm32f10x_rcc.o(.text)
    RCC_HSEConfig                            0x0800b8bb   Thumb Code    70  stm32f10x_rcc.o(.text)
    RCC_GetFlagStatus                        0x0800b901   Thumb Code    56  stm32f10x_rcc.o(.text)
    RCC_WaitForHSEStartUp                    0x0800b939   Thumb Code    62  stm32f10x_rcc.o(.text)
    RCC_AdjustHSICalibrationValue            0x0800b977   Thumb Code    20  stm32f10x_rcc.o(.text)
    RCC_HSICmd                               0x0800b98b   Thumb Code     6  stm32f10x_rcc.o(.text)
    RCC_PLLConfig                            0x0800b991   Thumb Code    24  stm32f10x_rcc.o(.text)
    RCC_PLLCmd                               0x0800b9a9   Thumb Code     6  stm32f10x_rcc.o(.text)
    RCC_SYSCLKConfig                         0x0800b9af   Thumb Code    18  stm32f10x_rcc.o(.text)
    RCC_GetSYSCLKSource                      0x0800b9c1   Thumb Code    10  stm32f10x_rcc.o(.text)
    RCC_HCLKConfig                           0x0800b9cb   Thumb Code    18  stm32f10x_rcc.o(.text)
    RCC_PCLK1Config                          0x0800b9dd   Thumb Code    18  stm32f10x_rcc.o(.text)
    RCC_PCLK2Config                          0x0800b9ef   Thumb Code    20  stm32f10x_rcc.o(.text)
    RCC_ITConfig                             0x0800ba03   Thumb Code    26  stm32f10x_rcc.o(.text)
    RCC_USBCLKConfig                         0x0800ba1d   Thumb Code     6  stm32f10x_rcc.o(.text)
    RCC_ADCCLKConfig                         0x0800ba23   Thumb Code    18  stm32f10x_rcc.o(.text)
    RCC_LSEConfig                            0x0800ba35   Thumb Code    44  stm32f10x_rcc.o(.text)
    RCC_LSICmd                               0x0800ba61   Thumb Code     6  stm32f10x_rcc.o(.text)
    RCC_RTCCLKConfig                         0x0800ba67   Thumb Code    12  stm32f10x_rcc.o(.text)
    RCC_RTCCLKCmd                            0x0800ba73   Thumb Code     8  stm32f10x_rcc.o(.text)
    RCC_GetClocksFreq                        0x0800ba7b   Thumb Code   192  stm32f10x_rcc.o(.text)
    RCC_AHBPeriphClockCmd                    0x0800bb3b   Thumb Code    26  stm32f10x_rcc.o(.text)
    RCC_APB2PeriphClockCmd                   0x0800bb55   Thumb Code    26  stm32f10x_rcc.o(.text)
    RCC_APB1PeriphClockCmd                   0x0800bb6f   Thumb Code    26  stm32f10x_rcc.o(.text)
    RCC_APB2PeriphResetCmd                   0x0800bb89   Thumb Code    26  stm32f10x_rcc.o(.text)
    RCC_APB1PeriphResetCmd                   0x0800bba3   Thumb Code    26  stm32f10x_rcc.o(.text)
    RCC_BackupResetCmd                       0x0800bbbd   Thumb Code     8  stm32f10x_rcc.o(.text)
    RCC_ClockSecuritySystemCmd               0x0800bbc5   Thumb Code     6  stm32f10x_rcc.o(.text)
    RCC_MCOConfig                            0x0800bbcb   Thumb Code     6  stm32f10x_rcc.o(.text)
    RCC_ClearFlag                            0x0800bbd1   Thumb Code    14  stm32f10x_rcc.o(.text)
    RCC_GetITStatus                          0x0800bbdf   Thumb Code    20  stm32f10x_rcc.o(.text)
    RCC_ClearITPendingBit                    0x0800bbf3   Thumb Code     6  stm32f10x_rcc.o(.text)
    SysTick_CLKSourceConfig                  0x0800bc35   Thumb Code    40  stm32f10x_systick.o(.text)
    SysTick_SetReload                        0x0800bc5d   Thumb Code     8  stm32f10x_systick.o(.text)
    SysTick_CounterCmd                       0x0800bc65   Thumb Code    54  stm32f10x_systick.o(.text)
    SysTick_ITConfig                         0x0800bc9b   Thumb Code    38  stm32f10x_systick.o(.text)
    SysTick_GetCounter                       0x0800bcc1   Thumb Code     8  stm32f10x_systick.o(.text)
    SysTick_GetFlagStatus                    0x0800bcc9   Thumb Code    46  stm32f10x_systick.o(.text)
    TIM_DeInit                               0x0800bcf9   Thumb Code   214  stm32f10x_tim.o(.text)
    TIM_TimeBaseInit                         0x0800bdcf   Thumb Code    50  stm32f10x_tim.o(.text)
    TIM_OC1Init                              0x0800be01   Thumb Code   110  stm32f10x_tim.o(.text)
    TIM_OC2Init                              0x0800be6f   Thumb Code   148  stm32f10x_tim.o(.text)
    TIM_OC3Init                              0x0800bf03   Thumb Code   144  stm32f10x_tim.o(.text)
    TIM_OC4Init                              0x0800bf93   Thumb Code   106  stm32f10x_tim.o(.text)
    TIM_SetIC4Prescaler                      0x0800bffd   Thumb Code    26  stm32f10x_tim.o(.text)
    TIM_SetIC3Prescaler                      0x0800c069   Thumb Code    18  stm32f10x_tim.o(.text)
    TIM_SetIC2Prescaler                      0x0800c0c3   Thumb Code    42  stm32f10x_tim.o(.text)
    TIM_SetIC1Prescaler                      0x0800c13d   Thumb Code    18  stm32f10x_tim.o(.text)
    TIM_ICInit                               0x0800c187   Thumb Code   110  stm32f10x_tim.o(.text)
    TIM_PWMIConfig                           0x0800c1f5   Thumb Code   124  stm32f10x_tim.o(.text)
    TIM_BDTRConfig                           0x0800c271   Thumb Code    32  stm32f10x_tim.o(.text)
    TIM_TimeBaseStructInit                   0x0800c291   Thumb Code    18  stm32f10x_tim.o(.text)
    TIM_OCStructInit                         0x0800c2a3   Thumb Code    20  stm32f10x_tim.o(.text)
    TIM_ICStructInit                         0x0800c2b7   Thumb Code    18  stm32f10x_tim.o(.text)
    TIM_BDTRStructInit                       0x0800c2c9   Thumb Code    18  stm32f10x_tim.o(.text)
    TIM_Cmd                                  0x0800c2db   Thumb Code    24  stm32f10x_tim.o(.text)
    TIM_CtrlPWMOutputs                       0x0800c2f3   Thumb Code    30  stm32f10x_tim.o(.text)
    TIM_ITConfig                             0x0800c311   Thumb Code    18  stm32f10x_tim.o(.text)
    TIM_GenerateEvent                        0x0800c323   Thumb Code     4  stm32f10x_tim.o(.text)
    TIM_DMAConfig                            0x0800c327   Thumb Code    10  stm32f10x_tim.o(.text)
    TIM_DMACmd                               0x0800c331   Thumb Code    18  stm32f10x_tim.o(.text)
    TIM_InternalClockConfig                  0x0800c343   Thumb Code    12  stm32f10x_tim.o(.text)
    TIM_SelectInputTrigger                   0x0800c34f   Thumb Code    18  stm32f10x_tim.o(.text)
    TIM_ITRxExternalClockConfig              0x0800c361   Thumb Code    24  stm32f10x_tim.o(.text)
    TIM_TIxExternalClockConfig               0x0800c379   Thumb Code    62  stm32f10x_tim.o(.text)
    TIM_ETRConfig                            0x0800c3b7   Thumb Code    30  stm32f10x_tim.o(.text)
    TIM_ETRClockMode1Config                  0x0800c3d5   Thumb Code    54  stm32f10x_tim.o(.text)
    TIM_ETRClockMode2Config                  0x0800c40b   Thumb Code    32  stm32f10x_tim.o(.text)
    TIM_PrescalerConfig                      0x0800c42b   Thumb Code     6  stm32f10x_tim.o(.text)
    TIM_CounterModeConfig                    0x0800c431   Thumb Code    18  stm32f10x_tim.o(.text)
    TIM_EncoderInterfaceConfig               0x0800c443   Thumb Code    66  stm32f10x_tim.o(.text)
    TIM_ForcedOC1Config                      0x0800c485   Thumb Code    18  stm32f10x_tim.o(.text)
    TIM_ForcedOC2Config                      0x0800c497   Thumb Code    26  stm32f10x_tim.o(.text)
    TIM_ForcedOC3Config                      0x0800c4b1   Thumb Code    18  stm32f10x_tim.o(.text)
    TIM_ForcedOC4Config                      0x0800c4c3   Thumb Code    26  stm32f10x_tim.o(.text)
    TIM_ARRPreloadConfig                     0x0800c4dd   Thumb Code    24  stm32f10x_tim.o(.text)
    TIM_SelectCOM                            0x0800c4f5   Thumb Code    24  stm32f10x_tim.o(.text)
    TIM_SelectCCDMA                          0x0800c50d   Thumb Code    24  stm32f10x_tim.o(.text)
    TIM_CCPreloadControl                     0x0800c525   Thumb Code    24  stm32f10x_tim.o(.text)
    TIM_OC1PreloadConfig                     0x0800c53d   Thumb Code    18  stm32f10x_tim.o(.text)
    TIM_OC2PreloadConfig                     0x0800c54f   Thumb Code    26  stm32f10x_tim.o(.text)
    TIM_OC3PreloadConfig                     0x0800c569   Thumb Code    18  stm32f10x_tim.o(.text)
    TIM_OC4PreloadConfig                     0x0800c57b   Thumb Code    26  stm32f10x_tim.o(.text)
    TIM_OC1FastConfig                        0x0800c595   Thumb Code    18  stm32f10x_tim.o(.text)
    TIM_OC2FastConfig                        0x0800c5a7   Thumb Code    26  stm32f10x_tim.o(.text)
    TIM_OC3FastConfig                        0x0800c5c1   Thumb Code    18  stm32f10x_tim.o(.text)
    TIM_OC4FastConfig                        0x0800c5d3   Thumb Code    26  stm32f10x_tim.o(.text)
    TIM_ClearOC1Ref                          0x0800c5ed   Thumb Code    18  stm32f10x_tim.o(.text)
    TIM_ClearOC2Ref                          0x0800c5ff   Thumb Code    24  stm32f10x_tim.o(.text)
    TIM_ClearOC3Ref                          0x0800c617   Thumb Code    18  stm32f10x_tim.o(.text)
    TIM_ClearOC4Ref                          0x0800c629   Thumb Code    24  stm32f10x_tim.o(.text)
    TIM_OC1PolarityConfig                    0x0800c641   Thumb Code    18  stm32f10x_tim.o(.text)
    TIM_OC1NPolarityConfig                   0x0800c653   Thumb Code    18  stm32f10x_tim.o(.text)
    TIM_OC2PolarityConfig                    0x0800c665   Thumb Code    26  stm32f10x_tim.o(.text)
    TIM_OC2NPolarityConfig                   0x0800c67f   Thumb Code    26  stm32f10x_tim.o(.text)
    TIM_OC3PolarityConfig                    0x0800c699   Thumb Code    26  stm32f10x_tim.o(.text)
    TIM_OC3NPolarityConfig                   0x0800c6b3   Thumb Code    26  stm32f10x_tim.o(.text)
    TIM_OC4PolarityConfig                    0x0800c6cd   Thumb Code    26  stm32f10x_tim.o(.text)
    TIM_CCxCmd                               0x0800c6e7   Thumb Code    26  stm32f10x_tim.o(.text)
    TIM_CCxNCmd                              0x0800c701   Thumb Code    26  stm32f10x_tim.o(.text)
    TIM_SelectOCxM                           0x0800c71b   Thumb Code   108  stm32f10x_tim.o(.text)
    TIM_UpdateDisableConfig                  0x0800c787   Thumb Code    24  stm32f10x_tim.o(.text)
    TIM_UpdateRequestConfig                  0x0800c79f   Thumb Code    24  stm32f10x_tim.o(.text)
    TIM_SelectHallSensor                     0x0800c7b7   Thumb Code    24  stm32f10x_tim.o(.text)
    TIM_SelectOnePulseMode                   0x0800c7cf   Thumb Code    18  stm32f10x_tim.o(.text)
    TIM_SelectOutputTrigger                  0x0800c7e1   Thumb Code    18  stm32f10x_tim.o(.text)
    TIM_SelectSlaveMode                      0x0800c7f3   Thumb Code    18  stm32f10x_tim.o(.text)
    TIM_SelectMasterSlaveMode                0x0800c805   Thumb Code    18  stm32f10x_tim.o(.text)
    TIM_SetCounter                           0x0800c817   Thumb Code     4  stm32f10x_tim.o(.text)
    TIM_SetAutoreload                        0x0800c81b   Thumb Code     4  stm32f10x_tim.o(.text)
    TIM_SetCompare1                          0x0800c81f   Thumb Code     4  stm32f10x_tim.o(.text)
    TIM_SetCompare2                          0x0800c823   Thumb Code     4  stm32f10x_tim.o(.text)
    TIM_SetCompare3                          0x0800c827   Thumb Code     4  stm32f10x_tim.o(.text)
    TIM_SetCompare4                          0x0800c82b   Thumb Code     6  stm32f10x_tim.o(.text)
    TIM_SetClockDivision                     0x0800c831   Thumb Code    14  stm32f10x_tim.o(.text)
    TIM_GetCapture1                          0x0800c83f   Thumb Code     6  stm32f10x_tim.o(.text)
    TIM_GetCapture2                          0x0800c845   Thumb Code     6  stm32f10x_tim.o(.text)
    TIM_GetCapture3                          0x0800c84b   Thumb Code     6  stm32f10x_tim.o(.text)
    TIM_GetCapture4                          0x0800c851   Thumb Code     8  stm32f10x_tim.o(.text)
    TIM_GetCounter                           0x0800c859   Thumb Code     6  stm32f10x_tim.o(.text)
    TIM_GetPrescaler                         0x0800c85f   Thumb Code     6  stm32f10x_tim.o(.text)
    TIM_GetFlagStatus                        0x0800c865   Thumb Code    18  stm32f10x_tim.o(.text)
    TIM_ClearFlag                            0x0800c877   Thumb Code     6  stm32f10x_tim.o(.text)
    TIM_GetITStatus                          0x0800c87d   Thumb Code    34  stm32f10x_tim.o(.text)
    TIM_ClearITPendingBit                    0x0800c89f   Thumb Code     6  stm32f10x_tim.o(.text)
    USART_DeInit                             0x0800c8a5   Thumb Code   146  stm32f10x_usart.o(.text)
    USART_Init                               0x0800c937   Thumb Code   150  stm32f10x_usart.o(.text)
    USART_StructInit                         0x0800c9cd   Thumb Code    24  stm32f10x_usart.o(.text)
    USART_ClockInit                          0x0800c9e5   Thumb Code    34  stm32f10x_usart.o(.text)
    USART_ClockStructInit                    0x0800ca07   Thumb Code    12  stm32f10x_usart.o(.text)
    USART_Cmd                                0x0800ca13   Thumb Code    24  stm32f10x_usart.o(.text)
    USART_ITConfig                           0x0800ca2b   Thumb Code    64  stm32f10x_usart.o(.text)
    USART_DMACmd                             0x0800ca6b   Thumb Code    18  stm32f10x_usart.o(.text)
    USART_SetAddress                         0x0800ca7d   Thumb Code    18  stm32f10x_usart.o(.text)
    USART_WakeUpConfig                       0x0800ca8f   Thumb Code    18  stm32f10x_usart.o(.text)
    USART_ReceiverWakeUpCmd                  0x0800caa1   Thumb Code    24  stm32f10x_usart.o(.text)
    USART_LINBreakDetectLengthConfig         0x0800cab9   Thumb Code    18  stm32f10x_usart.o(.text)
    USART_LINCmd                             0x0800cacb   Thumb Code    24  stm32f10x_usart.o(.text)
    USART_SendData                           0x0800cae3   Thumb Code     8  stm32f10x_usart.o(.text)
    USART_ReceiveData                        0x0800caeb   Thumb Code    10  stm32f10x_usart.o(.text)
    USART_SendBreak                          0x0800caf5   Thumb Code    10  stm32f10x_usart.o(.text)
    USART_SetGuardTime                       0x0800caff   Thumb Code    16  stm32f10x_usart.o(.text)
    USART_SetPrescaler                       0x0800cb0f   Thumb Code    16  stm32f10x_usart.o(.text)
    USART_SmartCardCmd                       0x0800cb1f   Thumb Code    24  stm32f10x_usart.o(.text)
    USART_SmartCardNACKCmd                   0x0800cb37   Thumb Code    24  stm32f10x_usart.o(.text)
    USART_HalfDuplexCmd                      0x0800cb4f   Thumb Code    24  stm32f10x_usart.o(.text)
    USART_IrDAConfig                         0x0800cb67   Thumb Code    18  stm32f10x_usart.o(.text)
    USART_IrDACmd                            0x0800cb79   Thumb Code    24  stm32f10x_usart.o(.text)
    USART_GetFlagStatus                      0x0800cb91   Thumb Code    18  stm32f10x_usart.o(.text)
    USART_ClearFlag                          0x0800cba3   Thumb Code     6  stm32f10x_usart.o(.text)
    USART_GetITStatus                        0x0800cba9   Thumb Code    76  stm32f10x_usart.o(.text)
    USART_ClearITPendingBit                  0x0800cbf5   Thumb Code    20  stm32f10x_usart.o(.text)
    __WFI                                    0x0800cc15   Thumb Code     0  cortexm3_macro.o(.text)
    __WFE                                    0x0800cc19   Thumb Code     0  cortexm3_macro.o(.text)
    __SEV                                    0x0800cc1d   Thumb Code     0  cortexm3_macro.o(.text)
    __ISB                                    0x0800cc21   Thumb Code     0  cortexm3_macro.o(.text)
    __DSB                                    0x0800cc27   Thumb Code     0  cortexm3_macro.o(.text)
    __DMB                                    0x0800cc2d   Thumb Code     0  cortexm3_macro.o(.text)
    __SVC                                    0x0800cc33   Thumb Code     0  cortexm3_macro.o(.text)
    __MRS_CONTROL                            0x0800cc37   Thumb Code     0  cortexm3_macro.o(.text)
    __MSR_CONTROL                            0x0800cc3d   Thumb Code     0  cortexm3_macro.o(.text)
    __MRS_PSP                                0x0800cc47   Thumb Code     0  cortexm3_macro.o(.text)
    __MSR_PSP                                0x0800cc4d   Thumb Code     0  cortexm3_macro.o(.text)
    __MRS_MSP                                0x0800cc53   Thumb Code     0  cortexm3_macro.o(.text)
    __MSR_MSP                                0x0800cc59   Thumb Code     0  cortexm3_macro.o(.text)
    __RESETPRIMASK                           0x0800cc5f   Thumb Code     0  cortexm3_macro.o(.text)
    __SETPRIMASK                             0x0800cc63   Thumb Code     0  cortexm3_macro.o(.text)
    __READ_PRIMASK                           0x0800cc67   Thumb Code     0  cortexm3_macro.o(.text)
    __SETFAULTMASK                           0x0800cc6d   Thumb Code     0  cortexm3_macro.o(.text)
    __RESETFAULTMASK                         0x0800cc71   Thumb Code     0  cortexm3_macro.o(.text)
    __READ_FAULTMASK                         0x0800cc75   Thumb Code     0  cortexm3_macro.o(.text)
    __BASEPRICONFIG                          0x0800cc7b   Thumb Code     0  cortexm3_macro.o(.text)
    __GetBASEPRI                             0x0800cc81   Thumb Code     0  cortexm3_macro.o(.text)
    __REV_HalfWord                           0x0800cc87   Thumb Code     0  cortexm3_macro.o(.text)
    __REV_Word                               0x0800cc8b   Thumb Code     0  cortexm3_macro.o(.text)
    OS_CPU_SR_Save                           0x0800cc91   Thumb Code     0  os_cpu_a.o(.text)
    OS_CPU_SR_Restore                        0x0800cc99   Thumb Code     0  os_cpu_a.o(.text)
    OSStartHighRdy                           0x0800cc9f   Thumb Code     0  os_cpu_a.o(.text)
    OSCtxSw                                  0x0800ccbf   Thumb Code     0  os_cpu_a.o(.text)
    OSIntCtxSw                               0x0800ccc9   Thumb Code     0  os_cpu_a.o(.text)
    PendSV_Handler                           0x0800ccd3   Thumb Code     0  os_cpu_a.o(.text)
    Reset_Handler                            0x0800cd35   Thumb Code     4  stm32f10x.o(.text)
    NMI_Handler                              0x0800cd39   Thumb Code     2  stm32f10x.o(.text)
    HardFault_Handler                        0x0800cd3b   Thumb Code     2  stm32f10x.o(.text)
    MemManage_Handler                        0x0800cd3d   Thumb Code     2  stm32f10x.o(.text)
    BusFault_Handler                         0x0800cd3f   Thumb Code     2  stm32f10x.o(.text)
    UsageFault_Handler                       0x0800cd41   Thumb Code     2  stm32f10x.o(.text)
    SVC_Handler                              0x0800cd43   Thumb Code     2  stm32f10x.o(.text)
    DebugMon_Handler                         0x0800cd45   Thumb Code     2  stm32f10x.o(.text)
    ADC_IRQHandler                           0x0800cd4b   Thumb Code     0  stm32f10x.o(.text)
    CAN_RX1_IRQHandler                       0x0800cd4b   Thumb Code     0  stm32f10x.o(.text)
    CAN_SCE_IRQHandler                       0x0800cd4b   Thumb Code     0  stm32f10x.o(.text)
    DMAChannel2_IRQHandler                   0x0800cd4b   Thumb Code     0  stm32f10x.o(.text)
    DMAChannel3_IRQHandler                   0x0800cd4b   Thumb Code     0  stm32f10x.o(.text)
    DMAChannel4_IRQHandler                   0x0800cd4b   Thumb Code     0  stm32f10x.o(.text)
    DMAChannel5_IRQHandler                   0x0800cd4b   Thumb Code     0  stm32f10x.o(.text)
    DMAChannel6_IRQHandler                   0x0800cd4b   Thumb Code     0  stm32f10x.o(.text)
    DMAChannel7_IRQHandler                   0x0800cd4b   Thumb Code     0  stm32f10x.o(.text)
    EXTI15_10_IRQHandler                     0x0800cd4b   Thumb Code     0  stm32f10x.o(.text)
    EXTI1_IRQHandler                         0x0800cd4b   Thumb Code     0  stm32f10x.o(.text)
    EXTI2_IRQHandler                         0x0800cd4b   Thumb Code     0  stm32f10x.o(.text)
    EXTI3_IRQHandler                         0x0800cd4b   Thumb Code     0  stm32f10x.o(.text)
    EXTI4_IRQHandler                         0x0800cd4b   Thumb Code     0  stm32f10x.o(.text)
    EXTI9_5_IRQHandler                       0x0800cd4b   Thumb Code     0  stm32f10x.o(.text)
    FLASH_IRQHandler                         0x0800cd4b   Thumb Code     0  stm32f10x.o(.text)
    I2C1_ER_IRQHandler                       0x0800cd4b   Thumb Code     0  stm32f10x.o(.text)
    I2C1_EV_IRQHandler                       0x0800cd4b   Thumb Code     0  stm32f10x.o(.text)
    I2C2_ER_IRQHandler                       0x0800cd4b   Thumb Code     0  stm32f10x.o(.text)
    I2C2_EV_IRQHandler                       0x0800cd4b   Thumb Code     0  stm32f10x.o(.text)
    PVD_IRQHandler                           0x0800cd4b   Thumb Code     0  stm32f10x.o(.text)
    RCC_IRQHandler                           0x0800cd4b   Thumb Code     0  stm32f10x.o(.text)
    RTCAlarm_IRQHandler                      0x0800cd4b   Thumb Code     0  stm32f10x.o(.text)
    RTC_IRQHandler                           0x0800cd4b   Thumb Code     0  stm32f10x.o(.text)
    SPI1_IRQHandler                          0x0800cd4b   Thumb Code     0  stm32f10x.o(.text)
    SPI2_IRQHandler                          0x0800cd4b   Thumb Code     0  stm32f10x.o(.text)
    TAMPER_IRQHandler                        0x0800cd4b   Thumb Code     0  stm32f10x.o(.text)
    TIM1_BRK_IRQHandler                      0x0800cd4b   Thumb Code     0  stm32f10x.o(.text)
    TIM1_CC_IRQHandler                       0x0800cd4b   Thumb Code     0  stm32f10x.o(.text)
    TIM1_TRG_COM_IRQHandler                  0x0800cd4b   Thumb Code     0  stm32f10x.o(.text)
    USART2_IRQHandler                        0x0800cd4b   Thumb Code     0  stm32f10x.o(.text)
    USART3_IRQHandler                        0x0800cd4b   Thumb Code     0  stm32f10x.o(.text)
    USBWakeUp_IRQHandler                     0x0800cd4b   Thumb Code     0  stm32f10x.o(.text)
    USB_HP_CAN_TX_IRQHandler                 0x0800cd4b   Thumb Code     0  stm32f10x.o(.text)
    USB_LP_CAN_RX0_IRQHandler                0x0800cd4b   Thumb Code     0  stm32f10x.o(.text)
    WWDG_IRQHandler                          0x0800cd4b   Thumb Code     0  stm32f10x.o(.text)
    __user_initial_stackheap                 0x0800cd4d   Thumb Code     0  stm32f10x.o(.text)
    I2C_delay                                0x0800cd6d   Thumb Code    14  at24c16.o(.text)
    I2C_delay1                               0x0800cd7b   Thumb Code    14  at24c16.o(.text)
    Start                                    0x0800cd89   Thumb Code    90  at24c16.o(.text)
    Stop                                     0x0800cde3   Thumb Code    48  at24c16.o(.text)
    RecAck                                   0x0800ce13   Thumb Code    82  at24c16.o(.text)
    Ack                                      0x0800ce65   Thumb Code    50  at24c16.o(.text)
    NoAck                                    0x0800ce97   Thumb Code    48  at24c16.o(.text)
    Send                                     0x0800cec7   Thumb Code    80  at24c16.o(.text)
    Receive                                  0x0800cf17   Thumb Code    72  at24c16.o(.text)
    CommIIC                                  0x0800cf5f   Thumb Code   610  at24c16.o(.text)
    DataConverter1                           0x0800d1c5   Thumb Code   778  lib.o(.text)
    DataConverter2                           0x0800d4cf   Thumb Code   856  lib.o(.text)
    DataConverter3                           0x0800d827   Thumb Code   856  lib.o(.text)
    DataConverter4                           0x0800db7f   Thumb Code   850  lib.o(.text)
    ModData1                                 0x0800ded1   Thumb Code    86  lib.o(.text)
    ModData2                                 0x0800df27   Thumb Code    88  lib.o(.text)
    ConverTime                               0x0800df8d   Thumb Code    88  user.o(.text)
    Get1                                     0x0800dfe5   Thumb Code   202  user.o(.text)
    Get1ToGet2                               0x0800e0af   Thumb Code    56  user.o(.text)
    Get2                                     0x0800e0e7   Thumb Code   208  user.o(.text)
    Get3                                     0x0800e1b7   Thumb Code   208  user.o(.text)
    Get4                                     0x0800e287   Thumb Code   208  user.o(.text)
    Get5                                     0x0800e357   Thumb Code   246  user.o(.text)
    __aeabi_memclr4                          0x0800e451   Thumb Code     0  rt_memclr_w.o(.text)
    __aeabi_memclr8                          0x0800e451   Thumb Code     0  rt_memclr_w.o(.text)
    __rt_memclr_w                            0x0800e451   Thumb Code    78  rt_memclr_w.o(.text)
    _memset_w                                0x0800e455   Thumb Code     0  rt_memclr_w.o(.text)
    __use_two_region_memory                  0x0800e49f   Thumb Code     2  heapauxi.o(.text)
    __rt_heap_escrow$2region                 0x0800e4a1   Thumb Code     2  heapauxi.o(.text)
    __rt_heap_expand$2region                 0x0800e4a3   Thumb Code     2  heapauxi.o(.text)
    __use_c99_library                        0x0800e4a5   Thumb Code     2  compat_c99.o(.text)
    __read_errno                             0x0800e4a7   Thumb Code    10  _rserrno.o(.text)
    __set_errno                              0x0800e4b1   Thumb Code    12  _rserrno.o(.text)
    __aeabi_errno_addr                       0x0800e4bd   Thumb Code     8  rt_errno_addr_intlibspace.o(.text)
    __errno$intlibspace                      0x0800e4bd   Thumb Code     0  rt_errno_addr_intlibspace.o(.text)
    __rt_errno_addr$intlibspace              0x0800e4bd   Thumb Code     0  rt_errno_addr_intlibspace.o(.text)
    __user_libspace                          0x0800e4c5   Thumb Code     8  libspace.o(.text)
    __user_perproc_libspace                  0x0800e4c5   Thumb Code     0  libspace.o(.text)
    __user_perthread_libspace                0x0800e4c5   Thumb Code     0  libspace.o(.text)
    __user_setup_stackheap                   0x0800e4cd   Thumb Code    74  sys_stackheap_outer.o(.text)
    exit                                     0x0800e517   Thumb Code    12  exit.o(.text)
    _sys_exit                                0x0800e525   Thumb Code     8  sys_exit.o(.text)
    __I$use$semihosting                      0x0800e531   Thumb Code     0  use_no_semi.o(.text)
    __use_no_semihosting_swi                 0x0800e531   Thumb Code     2  use_no_semi.o(.text)
    __ARM_fpclassify                         0x0800e533   Thumb Code    40  fpclassify.o(i.__ARM_fpclassify)
    __semihosting_library_function           0x0800e533   Thumb Code     0  indicate_semi.o(.text)
    __kernel_poly                            0x0800e55b   Thumb Code   170  poly.o(i.__kernel_poly)
    __mathlib_dbl_underflow                  0x0800e605   Thumb Code    10  dunder.o(i.__mathlib_dbl_underflow)
    pow                                      0x0800e615   Thumb Code  2510  pow.o(i.pow)
    sqrt                                     0x0800eff5   Thumb Code    76  sqrt.o(i.sqrt)
    __aeabi_d2f                              0x0800f041   Thumb Code     0  d2f.o(x$fpl$d2f)
    _d2f                                     0x0800f041   Thumb Code    98  d2f.o(x$fpl$d2f)
    __aeabi_dadd                             0x0800f0a5   Thumb Code     0  daddsub_clz.o(x$fpl$dadd)
    _dadd                                    0x0800f0a5   Thumb Code   332  daddsub_clz.o(x$fpl$dadd)
    __fpl_dcheck_NaN1                        0x0800f1f5   Thumb Code    10  dcheck1.o(x$fpl$dcheck1)
    __fpl_dcmp_Inf                           0x0800f205   Thumb Code    24  dcmpi.o(x$fpl$dcmpinf)
    __aeabi_ddiv                             0x0800f21d   Thumb Code     0  ddiv.o(x$fpl$ddiv)
    _ddiv                                    0x0800f21d   Thumb Code   552  ddiv.o(x$fpl$ddiv)
    __aeabi_d2iz                             0x0800f4cd   Thumb Code     0  dfix.o(x$fpl$dfix)
    _dfix                                    0x0800f4cd   Thumb Code    94  dfix.o(x$fpl$dfix)
    __aeabi_i2d                              0x0800f52b   Thumb Code     0  dflt_clz.o(x$fpl$dflt)
    _dflt                                    0x0800f52b   Thumb Code    46  dflt_clz.o(x$fpl$dflt)
    __aeabi_cdcmple                          0x0800f559   Thumb Code     0  dleqf.o(x$fpl$dleqf)
    _dcmple                                  0x0800f559   Thumb Code   120  dleqf.o(x$fpl$dleqf)
    __fpl_dcmple_InfNaN                      0x0800f5bb   Thumb Code     0  dleqf.o(x$fpl$dleqf)
    __aeabi_dmul                             0x0800f5d1   Thumb Code     0  dmul.o(x$fpl$dmul)
    _dmul                                    0x0800f5d1   Thumb Code   332  dmul.o(x$fpl$dmul)
    __fpl_dnaninf                            0x0800f725   Thumb Code   156  dnaninf.o(x$fpl$dnaninf)
    __fpl_dretinf                            0x0800f7c1   Thumb Code    12  dretinf.o(x$fpl$dretinf)
    __aeabi_cdrcmple                         0x0800f7cd   Thumb Code     0  drleqf.o(x$fpl$drleqf)
    _drcmple                                 0x0800f7cd   Thumb Code   108  drleqf.o(x$fpl$drleqf)
    __aeabi_drsub                            0x0800f839   Thumb Code     0  daddsub_clz.o(x$fpl$drsb)
    _drsb                                    0x0800f839   Thumb Code    22  daddsub_clz.o(x$fpl$drsb)
    _dsqrt                                   0x0800f851   Thumb Code   456  dsqrt_noumaal.o(x$fpl$dsqrt)
    __aeabi_dsub                             0x0800fa1d   Thumb Code     0  daddsub_clz.o(x$fpl$dsub)
    _dsub                                    0x0800fa1d   Thumb Code   464  daddsub_clz.o(x$fpl$dsub)
    __aeabi_f2d                              0x0800fbf1   Thumb Code     0  f2d.o(x$fpl$f2d)
    _f2d                                     0x0800fbf1   Thumb Code    86  f2d.o(x$fpl$f2d)
    __aeabi_fadd                             0x0800fc49   Thumb Code     0  faddsub_clz.o(x$fpl$fadd)
    _fadd                                    0x0800fc49   Thumb Code   196  faddsub_clz.o(x$fpl$fadd)
    __fpl_fcmp_Inf                           0x0800fd0d   Thumb Code    24  fcmpi.o(x$fpl$fcmpinf)
    __aeabi_fdiv                             0x0800fd25   Thumb Code     0  fdiv.o(x$fpl$fdiv)
    _fdiv                                    0x0800fd25   Thumb Code   384  fdiv.o(x$fpl$fdiv)
    __aeabi_f2iz                             0x0800fea9   Thumb Code     0  ffix.o(x$fpl$ffix)
    _ffix                                    0x0800fea9   Thumb Code    54  ffix.o(x$fpl$ffix)
    __aeabi_f2uiz                            0x0800fee1   Thumb Code     0  ffixu.o(x$fpl$ffixu)
    _ffixu                                   0x0800fee1   Thumb Code    62  ffixu.o(x$fpl$ffixu)
    __aeabi_i2f                              0x0800ff21   Thumb Code     0  fflt_clz.o(x$fpl$fflt)
    _fflt                                    0x0800ff21   Thumb Code    48  fflt_clz.o(x$fpl$fflt)
    __aeabi_cfcmple                          0x0800ff51   Thumb Code     0  fleqf.o(x$fpl$fleqf)
    _fcmple                                  0x0800ff51   Thumb Code   104  fleqf.o(x$fpl$fleqf)
    __fpl_fcmple_InfNaN                      0x0800ffa3   Thumb Code     0  fleqf.o(x$fpl$fleqf)
    __aeabi_fmul                             0x0800ffb9   Thumb Code     0  fmul.o(x$fpl$fmul)
    _fmul                                    0x0800ffb9   Thumb Code   258  fmul.o(x$fpl$fmul)
    __fpl_fnaninf                            0x080100bb   Thumb Code   140  fnaninf.o(x$fpl$fnaninf)
    __fpl_fretinf                            0x08010147   Thumb Code    10  fretinf.o(x$fpl$fretinf)
    __aeabi_cfrcmple                         0x08010151   Thumb Code     0  frleqf.o(x$fpl$frleqf)
    _frcmple                                 0x08010151   Thumb Code    98  frleqf.o(x$fpl$frleqf)
    __aeabi_fsub                             0x080101b5   Thumb Code     0  faddsub_clz.o(x$fpl$fsub)
    _fsub                                    0x080101b5   Thumb Code   234  faddsub_clz.o(x$fpl$fsub)
    __fpl_return_NaN                         0x0801029f   Thumb Code   100  retnan.o(x$fpl$retnan)
    __ARM_scalbn                             0x08010303   Thumb Code    92  scalbn.o(x$fpl$scalbn)
    __fpl_cmpreturn                          0x0801035f   Thumb Code    48  trapv.o(x$fpl$trapveneer)
    __I$use$fp                               0x0801038e   Number         0  usenofp.o(x$fpl$usenofp)
    ascii                                    0x0801038e   Data         256  main.o(.constdata)
    asci1                                    0x0801048e   Data         256  main.o(.constdata)
    asci2                                    0x0801058e   Data         256  main.o(.constdata)
    OSUnMapTbl                               0x0801068e   Data         256  os_core.o(.constdata)
    OSDebugEn                                0x08010790   Data           2  os_dbg.o(.constdata)
    OSEndiannessTest                         0x08010794   Data           4  os_dbg.o(.constdata)
    OSEventEn                                0x08010798   Data           2  os_dbg.o(.constdata)
    OSEventMax                               0x0801079a   Data           2  os_dbg.o(.constdata)
    OSEventNameEn                            0x0801079c   Data           2  os_dbg.o(.constdata)
    OSEventSize                              0x0801079e   Data           2  os_dbg.o(.constdata)
    OSEventTblSize                           0x080107a0   Data           2  os_dbg.o(.constdata)
    OSEventMultiEn                           0x080107a2   Data           2  os_dbg.o(.constdata)
    OSFlagEn                                 0x080107a4   Data           2  os_dbg.o(.constdata)
    OSFlagGrpSize                            0x080107a6   Data           2  os_dbg.o(.constdata)
    OSFlagNodeSize                           0x080107a8   Data           2  os_dbg.o(.constdata)
    OSFlagWidth                              0x080107aa   Data           2  os_dbg.o(.constdata)
    OSFlagMax                                0x080107ac   Data           2  os_dbg.o(.constdata)
    OSFlagNameEn                             0x080107ae   Data           2  os_dbg.o(.constdata)
    OSLowestPrio                             0x080107b0   Data           2  os_dbg.o(.constdata)
    OSMboxEn                                 0x080107b2   Data           2  os_dbg.o(.constdata)
    OSMemEn                                  0x080107b4   Data           2  os_dbg.o(.constdata)
    OSMemMax                                 0x080107b6   Data           2  os_dbg.o(.constdata)
    OSMemNameEn                              0x080107b8   Data           2  os_dbg.o(.constdata)
    OSMemSize                                0x080107ba   Data           2  os_dbg.o(.constdata)
    OSMemTblSize                             0x080107bc   Data           2  os_dbg.o(.constdata)
    OSMutexEn                                0x080107be   Data           2  os_dbg.o(.constdata)
    OSPtrSize                                0x080107c0   Data           2  os_dbg.o(.constdata)
    OSQEn                                    0x080107c2   Data           2  os_dbg.o(.constdata)
    OSQMax                                   0x080107c4   Data           2  os_dbg.o(.constdata)
    OSQSize                                  0x080107c6   Data           2  os_dbg.o(.constdata)
    OSRdyTblSize                             0x080107c8   Data           2  os_dbg.o(.constdata)
    OSSemEn                                  0x080107ca   Data           2  os_dbg.o(.constdata)
    OSStkWidth                               0x080107cc   Data           2  os_dbg.o(.constdata)
    OSTaskCreateEn                           0x080107ce   Data           2  os_dbg.o(.constdata)
    OSTaskCreateExtEn                        0x080107d0   Data           2  os_dbg.o(.constdata)
    OSTaskDelEn                              0x080107d2   Data           2  os_dbg.o(.constdata)
    OSTaskIdleStkSize                        0x080107d4   Data           2  os_dbg.o(.constdata)
    OSTaskProfileEn                          0x080107d6   Data           2  os_dbg.o(.constdata)
    OSTaskMax                                0x080107d8   Data           2  os_dbg.o(.constdata)
    OSTaskNameEn                             0x080107da   Data           2  os_dbg.o(.constdata)
    OSTaskStatEn                             0x080107dc   Data           2  os_dbg.o(.constdata)
    OSTaskStatStkSize                        0x080107de   Data           2  os_dbg.o(.constdata)
    OSTaskStatStkChkEn                       0x080107e0   Data           2  os_dbg.o(.constdata)
    OSTaskSwHookEn                           0x080107e2   Data           2  os_dbg.o(.constdata)
    OSTaskRegTblSize                         0x080107e4   Data           2  os_dbg.o(.constdata)
    OSTCBPrioTblMax                          0x080107e6   Data           2  os_dbg.o(.constdata)
    OSTCBSize                                0x080107e8   Data           2  os_dbg.o(.constdata)
    OSTicksPerSec                            0x080107ea   Data           2  os_dbg.o(.constdata)
    OSTimeTickHookEn                         0x080107ec   Data           2  os_dbg.o(.constdata)
    OSVersionNbr                             0x080107ee   Data           2  os_dbg.o(.constdata)
    OSTmrEn                                  0x080107f0   Data           2  os_dbg.o(.constdata)
    OSTmrCfgMax                              0x080107f2   Data           2  os_dbg.o(.constdata)
    OSTmrCfgNameEn                           0x080107f4   Data           2  os_dbg.o(.constdata)
    OSTmrCfgWheelSize                        0x080107f6   Data           2  os_dbg.o(.constdata)
    OSTmrCfgTicksPerSec                      0x080107f8   Data           2  os_dbg.o(.constdata)
    OSTmrSize                                0x080107fa   Data           2  os_dbg.o(.constdata)
    OSTmrTblSize                             0x080107fc   Data           2  os_dbg.o(.constdata)
    OSTmrWheelSize                           0x080107fe   Data           2  os_dbg.o(.constdata)
    OSTmrWheelTblSize                        0x08010800   Data           2  os_dbg.o(.constdata)
    OSDataSize                               0x08010802   Data           2  os_dbg.o(.constdata)
    TBL_out                                  0x08010818   Data        4000  user.o(.constdata)
    TemTblJ                                  0x080117b8   Data         140  user.o(.constdata)
    TemTblK                                  0x08011844   Data         140  user.o(.constdata)
    TemTblNTC                                0x080118d0   Data         132  user.o(.constdata)
    __mathlib_zero                           0x080119e0   Data           8  qnan.o(.constdata)
    Region$$Table$$Base                      0x080119e8   Number         0  anon$$obj.o(Region$$Table)
    Region$$Table$$Limit                     0x08011a08   Number         0  anon$$obj.o(Region$$Table)
    OSCtxSwCtr                               0x20000004   Data           4  os_core.o(.data)
    OSEventFreeList                          0x20000008   Data           4  os_core.o(.data)
    OSFlagFreeList                           0x2000000c   Data           4  os_core.o(.data)
    OSCPUUsage                               0x20000010   Data           1  os_core.o(.data)
    OSIdleCtrMax                             0x20000014   Data           4  os_core.o(.data)
    OSIdleCtrRun                             0x20000018   Data           4  os_core.o(.data)
    OSStatRdy                                0x2000001c   Data           1  os_core.o(.data)
    OSIntNesting                             0x2000001d   Data           1  os_core.o(.data)
    OSLockNesting                            0x2000001e   Data           1  os_core.o(.data)
    OSPrioCur                                0x2000001f   Data           1  os_core.o(.data)
    OSPrioHighRdy                            0x20000020   Data           1  os_core.o(.data)
    OSRdyGrp                                 0x20000021   Data           1  os_core.o(.data)
    OSRdyTbl                                 0x20000022   Data           4  os_core.o(.data)
    OSRunning                                0x20000026   Data           1  os_core.o(.data)
    OSTaskCtr                                0x20000027   Data           1  os_core.o(.data)
    OSIdleCtr                                0x20000028   Data           4  os_core.o(.data)
    OSTCBCur                                 0x2000002c   Data           4  os_core.o(.data)
    OSTCBFreeList                            0x20000030   Data           4  os_core.o(.data)
    OSTCBHighRdy                             0x20000034   Data           4  os_core.o(.data)
    OSTCBList                                0x20000038   Data           4  os_core.o(.data)
    OSTickStepState                          0x2000003c   Data           1  os_core.o(.data)
    OSTime                                   0x20000040   Data           4  os_core.o(.data)
    TaskStartStkPID1                         0x20000070   Data        2200  main.o(.bss)
    TaskStartStkPID2                         0x20000908   Data        2200  main.o(.bss)
    TaskStartStkPID3                         0x200011a0   Data        2200  main.o(.bss)
    TaskStartStkPID4                         0x20001a38   Data        2200  main.o(.bss)
    TaskStkPID                               0x200022d0   Data        1800  main.o(.bss)
    TaskStartStkSaveData                     0x200029d8   Data        1800  main.o(.bss)
    TaskStartStkDisplay                      0x200030e0   Data        1800  main.o(.bss)
    SS1                                      0x200037e8   Data          20  main.o(.bss)
    SYS                                      0x200037fc   Data         144  main.o(.bss)
    SYS0                                     0x2000388c   Data          74  main.o(.bss)
    Reg3Data                                 0x200038d6   Data          80  main.o(.bss)
    Reg4Data                                 0x20003926   Data         400  main.o(.bss)
    CHdata1                                  0x20003ab8   Data         204  main.o(.bss)
    CHdata2                                  0x20003b84   Data         204  main.o(.bss)
    CHdata3                                  0x20003c50   Data         204  main.o(.bss)
    CHdata4                                  0x20003d1c   Data         204  main.o(.bss)
    TurnData1                                0x20003de8   Data          36  main.o(.bss)
    TurnData2                                0x20003e0c   Data          36  main.o(.bss)
    TurnData3                                0x20003e30   Data          36  main.o(.bss)
    TurnData4                                0x20003e54   Data          36  main.o(.bss)
    SYS1                                     0x20003e78   Data         260  main.o(.bss)
    OSEventTbl                               0x20003f7c   Data         400  os_core.o(.bss)
    OSFlagTbl                                0x2000410c   Data          80  os_core.o(.bss)
    OSTaskStatStk                            0x2000415c   Data         512  os_core.o(.bss)
    OSTaskIdleStk                            0x2000435c   Data         512  os_core.o(.bss)
    OSTCBPrioTbl                             0x2000455c   Data         128  os_core.o(.bss)
    OSTCBTbl                                 0x200045dc   Data        1056  os_core.o(.bss)
    __libspace_start                         0x200049fc   Data          96  libspace.o(.bss)
    __temporary_stack_top$libspace           0x20004a5c   Data           0  libspace.o(.bss)



==============================================================================

Memory Map of the image

  Image Entry point : 0x080000ed

  Load Region LR_IROM1 (Base: 0x08000000, Size: 0x00011a78, Max: 0x00020000, ABSOLUTE)

    Execution Region ER_IROM1 (Base: 0x08000000, Size: 0x00011a08, Max: 0x00020000, ABSOLUTE)

    Base Addr    Size         Type   Attr      Idx    E Section Name        Object

    0x08000000   0x000000ec   Data   RO          478    RESET               stm32f10x.o
    0x080000ec   0x00000008   Code   RO          510  * !!!main             c_w.l(__main.o)
    0x080000f4   0x00000034   Code   RO          779    !!!scatter          c_w.l(__scatter.o)
    0x08000128   0x0000001a   Code   RO          781    !!handler_copy      c_w.l(__scatter_copy.o)
    0x08000142   0x00000002   PAD
    0x08000144   0x0000001c   Code   RO          783    !!handler_zi        c_w.l(__scatter_zi.o)
    0x08000160   0x00000002   Code   RO          649    .ARM.Collect$$libinit$$00000000  c_w.l(libinit.o)
    0x08000162   0x00000000   Code   RO          657    .ARM.Collect$$libinit$$00000002  c_w.l(libinit2.o)
    0x08000162   0x00000000   Code   RO          660    .ARM.Collect$$libinit$$00000008  c_w.l(libinit2.o)
    0x08000162   0x00000000   Code   RO          662    .ARM.Collect$$libinit$$0000000A  c_w.l(libinit2.o)
    0x08000162   0x00000000   Code   RO          664    .ARM.Collect$$libinit$$0000000C  c_w.l(libinit2.o)
    0x08000162   0x00000000   Code   RO          667    .ARM.Collect$$libinit$$0000000F  c_w.l(libinit2.o)
    0x08000162   0x00000000   Code   RO          669    .ARM.Collect$$libinit$$00000011  c_w.l(libinit2.o)
    0x08000162   0x00000000   Code   RO          671    .ARM.Collect$$libinit$$00000013  c_w.l(libinit2.o)
    0x08000162   0x00000000   Code   RO          673    .ARM.Collect$$libinit$$00000015  c_w.l(libinit2.o)
    0x08000162   0x00000000   Code   RO          675    .ARM.Collect$$libinit$$00000017  c_w.l(libinit2.o)
    0x08000162   0x00000000   Code   RO          677    .ARM.Collect$$libinit$$00000019  c_w.l(libinit2.o)
    0x08000162   0x00000000   Code   RO          679    .ARM.Collect$$libinit$$0000001B  c_w.l(libinit2.o)
    0x08000162   0x00000000   Code   RO          681    .ARM.Collect$$libinit$$0000001D  c_w.l(libinit2.o)
    0x08000162   0x00000000   Code   RO          683    .ARM.Collect$$libinit$$0000001F  c_w.l(libinit2.o)
    0x08000162   0x00000000   Code   RO          685    .ARM.Collect$$libinit$$00000021  c_w.l(libinit2.o)
    0x08000162   0x00000000   Code   RO          687    .ARM.Collect$$libinit$$00000023  c_w.l(libinit2.o)
    0x08000162   0x00000000   Code   RO          691    .ARM.Collect$$libinit$$0000002A  c_w.l(libinit2.o)
    0x08000162   0x00000000   Code   RO          693    .ARM.Collect$$libinit$$0000002C  c_w.l(libinit2.o)
    0x08000162   0x00000000   Code   RO          695    .ARM.Collect$$libinit$$0000002E  c_w.l(libinit2.o)
    0x08000162   0x00000000   Code   RO          697    .ARM.Collect$$libinit$$00000030  c_w.l(libinit2.o)
    0x08000162   0x00000002   Code   RO          698    .ARM.Collect$$libinit$$00000031  c_w.l(libinit2.o)
    0x08000164   0x00000002   Code   RO          720    .ARM.Collect$$libshutdown$$00000000  c_w.l(libshutdown.o)
    0x08000166   0x00000000   Code   RO          734    .ARM.Collect$$libshutdown$$00000003  c_w.l(libshutdown2.o)
    0x08000166   0x00000000   Code   RO          737    .ARM.Collect$$libshutdown$$00000006  c_w.l(libshutdown2.o)
    0x08000166   0x00000000   Code   RO          740    .ARM.Collect$$libshutdown$$00000009  c_w.l(libshutdown2.o)
    0x08000166   0x00000000   Code   RO          742    .ARM.Collect$$libshutdown$$0000000B  c_w.l(libshutdown2.o)
    0x08000166   0x00000000   Code   RO          745    .ARM.Collect$$libshutdown$$0000000E  c_w.l(libshutdown2.o)
    0x08000166   0x00000002   Code   RO          746    .ARM.Collect$$libshutdown$$0000000F  c_w.l(libshutdown2.o)
    0x08000168   0x00000000   Code   RO          578    .ARM.Collect$$rtentry$$00000000  c_w.l(rtentry.o)
    0x08000168   0x00000000   Code   RO          612    .ARM.Collect$$rtentry$$00000002  c_w.l(rtentry2.o)
    0x08000168   0x00000006   Code   RO          624    .ARM.Collect$$rtentry$$00000004  c_w.l(rtentry4.o)
    0x0800016e   0x00000000   Code   RO          614    .ARM.Collect$$rtentry$$00000009  c_w.l(rtentry2.o)
    0x0800016e   0x00000004   Code   RO          615    .ARM.Collect$$rtentry$$0000000A  c_w.l(rtentry2.o)
    0x08000172   0x00000000   Code   RO          617    .ARM.Collect$$rtentry$$0000000C  c_w.l(rtentry2.o)
    0x08000172   0x00000008   Code   RO          618    .ARM.Collect$$rtentry$$0000000D  c_w.l(rtentry2.o)
    0x0800017a   0x00000002   Code   RO          654    .ARM.Collect$$rtexit$$00000000  c_w.l(rtexit.o)
    0x0800017c   0x00000000   Code   RO          702    .ARM.Collect$$rtexit$$00000002  c_w.l(rtexit2.o)
    0x0800017c   0x00000004   Code   RO          703    .ARM.Collect$$rtexit$$00000003  c_w.l(rtexit2.o)
    0x08000180   0x00000006   Code   RO          704    .ARM.Collect$$rtexit$$00000004  c_w.l(rtexit2.o)
    0x08000186   0x00000002   PAD
    0x08000188   0x000026d0   Code   RO            1    .text               main.o
    0x08002858   0x00004c18   Code   RO           88    .text               user1.o
    0x08007470   0x00000c38   Code   RO          107    .text               user2.o
    0x080080a8   0x00000c5c   Code   RO          119    .text               os_core.o
    0x08008d04   0x000000f2   Code   RO          142    .text               os_cpu_c.o
    0x08008df6   0x00000002   PAD
    0x08008df8   0x00000118   Code   RO          161    .text               os_dbg.o
    0x08008f10   0x00000820   Code   RO          180    .text               os_flag.o
    0x08009730   0x000003b8   Code   RO          222    .text               os_sem.o
    0x08009ae8   0x00000828   Code   RO          234    .text               os_task.o
    0x0800a310   0x000001a4   Code   RO          246    .text               os_time.o
    0x0800a4b4   0x00000430   Code   RO          264    .text               stm32f10x_adc.o
    0x0800a8e4   0x0000023c   Code   RO          294    .text               stm32f10x_dma.o
    0x0800ab20   0x00000124   Code   RO          309    .text               stm32f10x_exti.o
    0x0800ac44   0x00000530   Code   RO          324    .text               stm32f10x_flash.o
    0x0800b174   0x00000328   Code   RO          339    .text               stm32f10x_gpio.o
    0x0800b49c   0x000003e0   Code   RO          394    .text               stm32f10x_nvic.o
    0x0800b87c   0x000003b8   Code   RO          406    .text               stm32f10x_rcc.o
    0x0800bc34   0x000000c2   Code   RO          433    .text               stm32f10x_systick.o
    0x0800bcf6   0x00000002   PAD
    0x0800bcf8   0x00000bac   Code   RO          445    .text               stm32f10x_tim.o
    0x0800c8a4   0x00000370   Code   RO          457    .text               stm32f10x_usart.o
    0x0800cc14   0x0000007a   Code   RO          469    .text               cortexm3_macro.o
    0x0800cc8e   0x00000002   PAD
    0x0800cc90   0x000000a4   Code   RO          473    .text               os_cpu_a.o
    0x0800cd34   0x00000038   Code   RO          479    .text               stm32f10x.o
    0x0800cd6c   0x00000458   Code   RO          483    .text               at24c16.o
    0x0800d1c4   0x00000dc8   Code   RO          495    .text               stm32f10x.lib(lib.o)
    0x0800df8c   0x000004c4   Code   RO          498    .text               stm32f10x.lib(user.o)
    0x0800e450   0x0000004e   Code   RO          504    .text               c_w.l(rt_memclr_w.o)
    0x0800e49e   0x00000006   Code   RO          506    .text               c_w.l(heapauxi.o)
    0x0800e4a4   0x00000002   Code   RO          508    .text               c_w.l(compat_c99.o)
    0x0800e4a6   0x00000016   Code   RO          579    .text               c_w.l(_rserrno.o)
    0x0800e4bc   0x00000008   Code   RO          629    .text               c_w.l(rt_errno_addr_intlibspace.o)
    0x0800e4c4   0x00000008   Code   RO          637    .text               c_w.l(libspace.o)
    0x0800e4cc   0x0000004a   Code   RO          640    .text               c_w.l(sys_stackheap_outer.o)
    0x0800e516   0x0000000c   Code   RO          642    .text               c_w.l(exit.o)
    0x0800e522   0x00000002   PAD
    0x0800e524   0x0000000c   Code   RO          712    .text               c_w.l(sys_exit.o)
    0x0800e530   0x00000002   Code   RO          723    .text               c_w.l(use_no_semi.o)
    0x0800e532   0x00000000   Code   RO          725    .text               c_w.l(indicate_semi.o)
    0x0800e532   0x00000028   Code   RO          598    i.__ARM_fpclassify  m_ws.l(fpclassify.o)
    0x0800e55a   0x000000aa   Code   RO          600    i.__kernel_poly     m_ws.l(poly.o)
    0x0800e604   0x00000010   Code   RO          596    i.__mathlib_dbl_underflow  m_ws.l(dunder.o)
    0x0800e614   0x000009e0   Code   RO          569    i.pow               m_ws.l(pow.o)
    0x0800eff4   0x0000004c   Code   RO          604    i.sqrt              m_ws.l(sqrt.o)
    0x0800f040   0x00000062   Code   RO          512    x$fpl$d2f           fz_ws.l(d2f.o)
    0x0800f0a2   0x00000002   PAD
    0x0800f0a4   0x00000150   Code   RO          514    x$fpl$dadd          fz_ws.l(daddsub_clz.o)
    0x0800f1f4   0x00000010   Code   RO          631    x$fpl$dcheck1       fz_ws.l(dcheck1.o)
    0x0800f204   0x00000018   Code   RO          650    x$fpl$dcmpinf       fz_ws.l(dcmpi.o)
    0x0800f21c   0x000002b0   Code   RO          521    x$fpl$ddiv          fz_ws.l(ddiv.o)
    0x0800f4cc   0x0000005e   Code   RO          524    x$fpl$dfix          fz_ws.l(dfix.o)
    0x0800f52a   0x0000002e   Code   RO          529    x$fpl$dflt          fz_ws.l(dflt_clz.o)
    0x0800f558   0x00000078   Code   RO          633    x$fpl$dleqf         fz_ws.l(dleqf.o)
    0x0800f5d0   0x00000154   Code   RO          534    x$fpl$dmul          fz_ws.l(dmul.o)
    0x0800f724   0x0000009c   Code   RO          581    x$fpl$dnaninf       fz_ws.l(dnaninf.o)
    0x0800f7c0   0x0000000c   Code   RO          583    x$fpl$dretinf       fz_ws.l(dretinf.o)
    0x0800f7cc   0x0000006c   Code   RO          585    x$fpl$drleqf        fz_ws.l(drleqf.o)
    0x0800f838   0x00000016   Code   RO          515    x$fpl$drsb          fz_ws.l(daddsub_clz.o)
    0x0800f84e   0x00000002   PAD
    0x0800f850   0x000001cc   Code   RO          635    x$fpl$dsqrt         fz_ws.l(dsqrt_noumaal.o)
    0x0800fa1c   0x000001d4   Code   RO          516    x$fpl$dsub          fz_ws.l(daddsub_clz.o)
    0x0800fbf0   0x00000056   Code   RO          536    x$fpl$f2d           fz_ws.l(f2d.o)
    0x0800fc46   0x00000002   PAD
    0x0800fc48   0x000000c4   Code   RO          538    x$fpl$fadd          fz_ws.l(faddsub_clz.o)
    0x0800fd0c   0x00000018   Code   RO          587    x$fpl$fcmpinf       fz_ws.l(fcmpi.o)
    0x0800fd24   0x00000184   Code   RO          545    x$fpl$fdiv          fz_ws.l(fdiv.o)
    0x0800fea8   0x00000036   Code   RO          548    x$fpl$ffix          fz_ws.l(ffix.o)
    0x0800fede   0x00000002   PAD
    0x0800fee0   0x0000003e   Code   RO          552    x$fpl$ffixu         fz_ws.l(ffixu.o)
    0x0800ff1e   0x00000002   PAD
    0x0800ff20   0x00000030   Code   RO          557    x$fpl$fflt          fz_ws.l(fflt_clz.o)
    0x0800ff50   0x00000068   Code   RO          562    x$fpl$fleqf         fz_ws.l(fleqf.o)
    0x0800ffb8   0x00000102   Code   RO          564    x$fpl$fmul          fz_ws.l(fmul.o)
    0x080100ba   0x0000008c   Code   RO          589    x$fpl$fnaninf       fz_ws.l(fnaninf.o)
    0x08010146   0x0000000a   Code   RO          591    x$fpl$fretinf       fz_ws.l(fretinf.o)
    0x08010150   0x00000062   Code   RO          566    x$fpl$frleqf        fz_ws.l(frleqf.o)
    0x080101b2   0x00000002   PAD
    0x080101b4   0x000000ea   Code   RO          540    x$fpl$fsub          fz_ws.l(faddsub_clz.o)
    0x0801029e   0x00000064   Code   RO          652    x$fpl$retnan        fz_ws.l(retnan.o)
    0x08010302   0x0000005c   Code   RO          593    x$fpl$scalbn        fz_ws.l(scalbn.o)
    0x0801035e   0x00000030   Code   RO          699    x$fpl$trapveneer    fz_ws.l(trapv.o)
    0x0801038e   0x00000000   Code   RO          595    x$fpl$usenofp       fz_ws.l(usenofp.o)
    0x0801038e   0x00000300   Data   RO            3    .constdata          main.o
    0x0801068e   0x00000100   Data   RO          121    .constdata          os_core.o
    0x0801078e   0x00000002   PAD
    0x08010790   0x00000074   Data   RO          162    .constdata          os_dbg.o
    0x08010804   0x00000014   Data   RO          407    .constdata          stm32f10x_rcc.o
    0x08010818   0x0000113c   Data   RO          499    .constdata          stm32f10x.lib(user.o)
    0x08011954   0x00000004   PAD
    0x08011958   0x00000088   Data   RO          570    .constdata          m_ws.l(pow.o)
    0x080119e0   0x00000008   Data   RO          602    .constdata          m_ws.l(qnan.o)
    0x080119e8   0x00000020   Data   RO          777    Region$$Table       anon$$obj.o


    Execution Region RW_IRAM1 (Base: 0x20000000, Size: 0x00004e60, Max: 0x00005000, ABSOLUTE)

    Base Addr    Size         Type   Attr      Idx    E Section Name        Object

    0x20000000   0x00000001   Data   RW           89    .data               user1.o
    0x20000001   0x00000003   PAD
    0x20000004   0x00000040   Data   RW          122    .data               os_core.o
    0x20000044   0x00000005   Data   RW          408    .data               stm32f10x_rcc.o
    0x20000049   0x00000003   PAD
    0x2000004c   0x00000010   Data   RW          496    .data               stm32f10x.lib(lib.o)
    0x2000005c   0x00000014   Data   RW          500    .data               stm32f10x.lib(user.o)
    0x20000070   0x00003f0c   Zero   RW            2    .bss                main.o
    0x20003f7c   0x00000a80   Zero   RW          120    .bss                os_core.o
    0x200049fc   0x00000060   Zero   RW          638    .bss                c_w.l(libspace.o)
    0x20004a5c   0x00000004   PAD
    0x20004a60   0x00000200   Zero   RW          477    HEAP                stm32f10x.o
    0x20004c60   0x00000200   Zero   RW          476    STACK               stm32f10x.o


==============================================================================

Image component sizes


      Code (inc. data)   RO Data    RW Data    ZI Data      Debug   Object Name

      1112         10          0          0          0       2776   at24c16.o
       122          0          0          0          0        296   cortexm3_macro.o
      9936        556        768          0      16140      89636   main.o
      3164        238        256         64       2688      18789   os_core.o
       164         32          0          0          0        228   os_cpu_a.o
       242          0          0          0          0      12656   os_cpu_c.o
       280        184        116          0          0      11627   os_dbg.o
      2080         42          0          0          0       6540   os_flag.o
       952         22          0          0          0       3666   os_sem.o
      2088         72          0          0          0       7259   os_task.o
       420         24          0          0          0       1654   os_time.o
        56         22        236          0       1024        688   stm32f10x.o
      1072         20          0          0          0      43005   stm32f10x_adc.o
       572         16          0          0          0      12467   stm32f10x_dma.o
       292         10          0          0          0       3815   stm32f10x_exti.o
      1328         34          0          0          0      10942   stm32f10x_flash.o
       808         16          0          0          0      11147   stm32f10x_gpio.o
         0          0          0          0          0      35756   stm32f10x_lib.o
       992         32          0          0          0       6892   stm32f10x_nvic.o
       952         60         20          5          0       8376   stm32f10x_rcc.o
       194          0          0          0          0       1481   stm32f10x_systick.o
      2988         16          0          0          0      23324   stm32f10x_tim.o
       880         12          0          0          0       7411   stm32f10x_usart.o
     19480        548          0          1          0      17476   user1.o
      3128        116          0          0          0       4032   user2.o

    ----------------------------------------------------------------------
     53308       2082       1430         76      19852     341939   Object Totals
         0          0         32          0          0          0   (incl. Generated)
         6          0          2          6          0          0   (incl. Padding)

    ----------------------------------------------------------------------

      Code (inc. data)   RO Data    RW Data    ZI Data      Debug   Library Member Name

         8          0          0          0          0         68   __main.o
        52          8          0          0          0          0   __scatter.o
        26          0          0          0          0          0   __scatter_copy.o
        28          0          0          0          0          0   __scatter_zi.o
        22          0          0          0          0        100   _rserrno.o
         2          0          0          0          0         68   compat_c99.o
        12          0          0          0          0         72   exit.o
         6          0          0          0          0        152   heapauxi.o
         0          0          0          0          0          0   indicate_semi.o
         2          0          0          0          0          0   libinit.o
         2          0          0          0          0          0   libinit2.o
         2          0          0          0          0          0   libshutdown.o
         2          0          0          0          0          0   libshutdown2.o
         8          4          0          0         96         68   libspace.o
         8          4          0          0          0         68   rt_errno_addr_intlibspace.o
        78          0          0          0          0         80   rt_memclr_w.o
         0          0          0          0          0          0   rtentry.o
        12          0          0          0          0          0   rtentry2.o
         6          0          0          0          0          0   rtentry4.o
         2          0          0          0          0          0   rtexit.o
        10          0          0          0          0          0   rtexit2.o
        12          4          0          0          0         68   sys_exit.o
        74          0          0          0          0         80   sys_stackheap_outer.o
         2          0          0          0          0         68   use_no_semi.o
        98          4          0          0          0         92   d2f.o
       826         16          0          0          0        348   daddsub_clz.o
        16          4          0          0          0         68   dcheck1.o
        24          0          0          0          0         68   dcmpi.o
       688        140          0          0          0        208   ddiv.o
        94          4          0          0          0         92   dfix.o
        46          0          0          0          0         68   dflt_clz.o
       120          4          0          0          0         92   dleqf.o
       340         12          0          0          0        104   dmul.o
       156          4          0          0          0         92   dnaninf.o
        12          0          0          0          0         68   dretinf.o
       108          0          0          0          0         80   drleqf.o
       460         56          0          0          0        120   dsqrt_noumaal.o
        86          4          0          0          0         84   f2d.o
       430          8          0          0          0        168   faddsub_clz.o
        24          0          0          0          0         68   fcmpi.o
       388         76          0          0          0         96   fdiv.o
        54          4          0          0          0         84   ffix.o
        62          4          0          0          0         84   ffixu.o
        48          0          0          0          0         68   fflt_clz.o
       104          4          0          0          0         84   fleqf.o
       258          4          0          0          0         84   fmul.o
       140          4          0          0          0         84   fnaninf.o
        10          0          0          0          0         68   fretinf.o
        98          0          0          0          0         68   frleqf.o
       100          0          0          0          0         68   retnan.o
        92          0          0          0          0         68   scalbn.o
        48          0          0          0          0         68   trapv.o
         0          0          0          0          0          0   usenofp.o
        16          6          0          0          0         68   dunder.o
        40          0          0          0          0         68   fpclassify.o
       170          0          0          0          0         96   poly.o
      2528        190        136          0          0        332   pow.o
         0          0          8          0          0          0   qnan.o
        76          0          0          0          0         84   sqrt.o
      3528        238          0         16          0        328   lib.o
      1220         42       4412         20          0        244   user.o

    ----------------------------------------------------------------------
     12902        848       4560         36        100       4856   Library Totals
        18          0          4          0          4          0   (incl. Padding)

    ----------------------------------------------------------------------

      Code (inc. data)   RO Data    RW Data    ZI Data      Debug   Library Name

       376         20          0          0         96        892   c_w.l
      4930        352          0          0          0       2744   fz_ws.l
      2830        196        144          0          0        648   m_ws.l
      4748        280       4412         36          0        572   stm32f10x.lib

    ----------------------------------------------------------------------
     12902        848       4560         36        100       4856   Library Totals

    ----------------------------------------------------------------------

==============================================================================


      Code (inc. data)   RO Data    RW Data    ZI Data      Debug   

     66210       2930       5990        112      19952     341439   Grand Totals
     66210       2930       5990        112      19952     341439   ELF Image Totals
     66210       2930       5990        112          0          0   ROM Totals

==============================================================================

    Total RO  Size (Code + RO Data)                72200 (  70.51kB)
    Total RW  Size (RW Data + ZI Data)             20064 (  19.59kB)
    Total ROM Size (Code + RO Data + RW Data)      72312 (  70.62kB)

==============================================================================

