<html>
<body>
<pre>
<h1>µVision Build Log</h1>
<h2>Project:</h2>
D:\jiang\test\CW520_9_31\CW520\CW520.uvproj
Project File Date:  09/18/2017

<h2>Output:</h2>
Build target 'Target 1'
linking...
Program Size: Code=66210 RO-data=5990 RW-data=112 ZI-data=19952  
FromELF: creating hex file...
".\CW520_18_9.axf" - 0 Error(s), 0 Warning(s).
</pre>
</body>
</html>

compiling os_mem.c...
compiling os_mutex.c...
compiling os_q.c...
compiling os_sem.c...
compiling os_task.c...
compiling os_time.c...
compiling os_tmr.c...
compiling stm32f10x_adc.c...
compiling stm32f10x_dma.c...
compiling stm32f10x_exti.c...
compiling stm32f10x_flash.c...
compiling stm32f10x_gpio.c...
compiling stm32f10x_lib.c...
compiling stm32f10x_nvic.c...
compiling stm32f10x_rcc.c...
compiling stm32f10x_sdio.c...
compiling stm32f10x_systick.c...
compiling stm32f10x_tim.c...
compiling stm32f10x_usart.c...
assembling cortexm3_macro.s...
assembling os_cpu_a.asm...
assembling STM32F10x.s...
compiling AT24C16.c...
linking...
Program Size: Code=66254 RO-data=5986 RW-data=112 ZI-data=19952  
FromELF: creating hex file...
".\CW520_17_9.axf" - 0 Error(s), 0 Warning(s).
