ARM Linker, 5.03 [Build 76] [MDK-ARM Standard]

==============================================================================

Section Cross References

    main.o(.text) refers (Special) to compat_c99.o(.text) for __use_c99_library
    main.o(.text) refers to main.o(.bss) for CHdata1
    main.o(.text) refers to stm32f10x_rcc.o(.text) for RCC_DeInit
    main.o(.text) refers to stm32f10x_flash.o(.text) for FLASH_PrefetchBufferCmd
    main.o(.text) refers to stm32f10x_gpio.o(.text) for GPIO_Init
    main.o(.text) refers to stm32f10x_nvic.o(.text) for NVIC_Init
    main.o(.text) refers to stm32f10x_usart.o(.text) for USART_Init
    main.o(.text) refers to stm32f10x_tim.o(.text) for TIM_TimeBaseInit
    main.o(.text) refers to os_time.o(.text) for OSTimeDly
    main.o(.text) refers to stm32f10x_systick.o(.text) for SysTick_SetReload
    main.o(.text) refers to stm32f10x_exti.o(.text) for EXTI_ClearITPendingBit
    main.o(.text) refers to stm32f10x_adc.o(.text) for ADC_Init
    main.o(.text) refers to main.o(.constdata) for asci1
    main.o(.text) refers to os_core.o(.text) for OSTimeTick
    main.o(.text) refers to os_cpu_a.o(.text) for OS_CPU_SR_Save
    main.o(.text) refers to user2.o(.text) for DisLED
    main.o(.text) refers to os_sem.o(.text) for OSSemPost
    main.o(.text) refers to stm32f10x_dma.o(.text) for DMA_DeInit
    main.o(.text) refers to at24c16.o(.text) for CommIIC
    main.o(.text) refers to os_core.o(.data) for OSIntNesting
    main.o(.text) refers to rt_memclr_w.o(.text) for __aeabi_memclr4
    main.o(.text) refers to os_task.o(.text) for OSTaskCreate
    main.o(.text) refers to user1.o(.text) for GetEnvTem
    main.o(.bss) refers (Special) to compat_c99.o(.text) for __use_c99_library
    main.o(.constdata) refers (Special) to compat_c99.o(.text) for __use_c99_library
    main.o(.data) refers (Special) to compat_c99.o(.text) for __use_c99_library
    user1.o(.text) refers (Special) to compat_c99.o(.text) for __use_c99_library
    user1.o(.text) refers to os_cpu_a.o(.text) for OS_CPU_SR_Save
    user1.o(.text) refers to user.o(.text) for Get1
    user1.o(.text) refers to fflt_clz.o(x$fpl$fflt) for __aeabi_i2f
    user1.o(.text) refers to fmul.o(x$fpl$fmul) for __aeabi_fmul
    user1.o(.text) refers to fdiv.o(x$fpl$fdiv) for __aeabi_fdiv
    user1.o(.text) refers to ffixu.o(x$fpl$ffixu) for __aeabi_f2uiz
    user1.o(.text) refers to main.o(.bss) for SYS
    user1.o(.text) refers to dflt_clz.o(x$fpl$dflt) for __aeabi_i2d
    user1.o(.text) refers to dmul.o(x$fpl$dmul) for __aeabi_dmul
    user1.o(.text) refers to dfix.o(x$fpl$dfix) for __aeabi_d2iz
    user1.o(.text) refers to os_time.o(.text) for OSTimeDly
    user1.o(.text) refers to user2.o(.text) for PWM_OUT
    user1.o(.text) refers to os_sem.o(.text) for OSSemPost
    user1.o(.text) refers to os_task.o(.text) for OSTaskCreate
    user1.o(.text) refers to user1.o(.data) for num
    user1.o(.text) refers to lib.o(.text) for ModData1
    user1.o(.text) refers to at24c16.o(.text) for CommIIC
    user1.o(.text) refers to faddsub_clz.o(x$fpl$fadd) for __aeabi_fadd
    user1.o(.text) refers to fleqf.o(x$fpl$fleqf) for __aeabi_cfcmple
    user1.o(.text) refers to frleqf.o(x$fpl$frleqf) for __aeabi_cfrcmple
    user1.o(.text) refers to ffix.o(x$fpl$ffix) for __aeabi_f2iz
    user1.o(.text) refers to os_core.o(.data) for OSIntNesting
    user1.o(.text) refers to os_core.o(.text) for OSIntExit
    user1.o(.data) refers (Special) to compat_c99.o(.text) for __use_c99_library
    user2.o(.text) refers (Special) to compat_c99.o(.text) for __use_c99_library
    user2.o(.text) refers to os_time.o(.text) for OSTimeDly
    user2.o(.text) refers to stm32f10x_gpio.o(.text) for GPIO_ResetBits
    user2.o(.text) refers to stm32f10x_rcc.o(.text) for RCC_GetFlagStatus
    user2.o(.text) refers to at24c16.o(.text) for CommIIC
    user2.o(.text) refers to main.o(.bss) for CHdata1
    user2.o(.text) refers to os_core.o(.text) for OSIntExit
    user2.o(.text) refers to os_core.o(.data) for OSIntNesting
    os_core.o(.text) refers (Special) to compat_c99.o(.text) for __use_c99_library
    os_core.o(.text) refers to os_cpu_a.o(.text) for OS_CPU_SR_Save
    os_core.o(.text) refers to os_core.o(.data) for OSIntNesting
    os_core.o(.text) refers to os_core.o(.constdata) for OSUnMapTbl
    os_core.o(.text) refers to os_core.o(.bss) for OSTCBPrioTbl
    os_core.o(.text) refers to os_task.o(.text) for OSTaskStkChk
    os_core.o(.text) refers to os_time.o(.text) for OSTimeDly
    os_core.o(.text) refers to os_cpu_c.o(.text) for OSTaskStatHook
    os_core.o(.text) refers to os_flag.o(.text) for OS_FlagInit
    os_core.o(.text) refers to os_dbg.o(.text) for OSDebugInit
    os_core.o(.bss) refers (Special) to compat_c99.o(.text) for __use_c99_library
    os_core.o(.constdata) refers (Special) to compat_c99.o(.text) for __use_c99_library
    os_core.o(.data) refers (Special) to compat_c99.o(.text) for __use_c99_library
[...]
    __rt_lib_shutdown_signal_1               0x08000167   Thumb Code     0  libshutdown2.o(.ARM.Collect$$libshutdown$$00000009)
    __rt_lib_shutdown_stdio_1                0x08000167   Thumb Code     0  libshutdown2.o(.ARM.Collect$$libshutdown$$00000003)
    __rt_lib_shutdown_user_alloc_1           0x08000167   Thumb Code     0  libshutdown2.o(.ARM.Collect$$libshutdown$$0000000B)
    __rt_entry                               0x08000169   Thumb Code     0  rtentry.o(.ARM.Collect$$rtentry$$00000000)
    __rt_entry_presh_1                       0x08000169   Thumb Code     0  rtentry2.o(.ARM.Collect$$rtentry$$00000002)
    __rt_entry_sh                            0x08000169   Thumb Code     0  rtentry4.o(.ARM.Collect$$rtentry$$00000004)
    __rt_entry_li                            0x0800016f   Thumb Code     0  rtentry2.o(.ARM.Collect$$rtentry$$0000000A)
    __rt_entry_postsh_1                      0x0800016f   Thumb Code     0  rtentry2.o(.ARM.Collect$$rtentry$$00000009)
    __rt_entry_main                          0x08000173   Thumb Code     0  rtentry2.o(.ARM.Collect$$rtentry$$0000000D)
    __rt_entry_postli_1                      0x08000173   Thumb Code     0  rtentry2.o(.ARM.Collect$$rtentry$$0000000C)
    __rt_exit                                0x0800017b   Thumb Code     0  rtexit.o(.ARM.Collect$$rtexit$$00000000)
    __rt_exit_ls                             0x0800017d   Thumb Code     0  rtexit2.o(.ARM.Collect$$rtexit$$00000003)
    __rt_exit_prels_1                        0x0800017d   Thumb Code     0  rtexit2.o(.ARM.Collect$$rtexit$$00000002)
    __rt_exit_exit                           0x08000181   Thumb Code     0  rtexit2.o(.ARM.Collect$$rtexit$$00000004)
    CheckD1                                  0x08000189   Thumb Code   602  main.o(.text)
    CheckD2                                  0x080003e3   Thumb Code   644  main.o(.text)
    CheckD3                                  0x08000667   Thumb Code   602  main.o(.text)
    CheckD4                                  0x080008c1   Thumb Code   614  main.o(.text)
    RCC_Configuration                        0x08000b27   Thumb Code   122  main.o(.text)
    GPIO_Configuration                       0x08000ba1   Thumb Code   324  main.o(.text)
    USART_Configuration                      0x08000ce5   Thumb Code   100  main.o(.text)
    Timer1_Config                            0x08000d49   Thumb Code   106  main.o(.text)
    KeyTurnS                                 0x08000db3   Thumb Code    70  main.o(.text)
    KeyTurnX                                 0x08000df9   Thumb Code    32  main.o(.text)
    Timer2_Config                            0x08000e19   Thumb Code   110  main.o(.text)
    Timer3_Config                            0x08000e87   Thumb Code   102  main.o(.text)
    CCdataValue                              0x08000eed   Thumb Code    56  main.o(.text)
    Tim_data                                 0x08000f25   Thumb Code    52  main.o(.text)
    Timcomm                                  0x08000f59   Thumb Code   228  main.o(.text)
    Timer4_Config                            0x0800103d   Thumb Code   102  main.o(.text)
    SysTick_Config                           0x080010a3   Thumb Code    30  main.o(.text)
    EXTI_Configuration                       0x080010c1   Thumb Code    76  main.o(.text)
    ADC_Configuration                        0x0800110d   Thumb Code   236  main.o(.text)
    SysTick_Handler                          0x080011f9   Thumb Code    72  main.o(.text)
    USART1_IRQHandler                        0x08001241   Thumb Code   210  main.o(.text)
    DMA_Configuration                        0x08001313   Thumb Code   112  main.o(.text)
    bps_init                                 0x08001383   Thumb Code    98  main.o(.text)
    IWDG_Config                              0x080013e5   Thumb Code    28  main.o(.text)
    SafeData                                 0x08001401   Thumb Code  3466  main.o(.text)
    TaskStartSaveData                        0x0800218b   Thumb Code   370  main.o(.text)
    TaskStartDisplay                         0x080022fd   Thumb Code  1286  main.o(.text)
    main                                     0x08002803   Thumb Code    34  main.o(.text)
    GetEnvTem                                0x08002845   Thumb Code   294  user1.o(.text)
    GetTem1                                  0x0800296b   Thumb Code   552  user1.o(.text)
    GetTem2                                  0x08002b93   Thumb Code   576  user1.o(.text)
    GetTem3                                  0x08002dd3   Thumb Code   548  user1.o(.text)
    GetTem4                                  0x08002ff7   Thumb Code   572  user1.o(.text)
    GetCurrent1                              0x08003233   Thumb Code   164  user1.o(.text)
    GetCurrent2                              0x080032d7   Thumb Code   164  user1.o(.text)
    GetCurrent3                              0x0800337b   Thumb Code   164  user1.o(.text)
    GetCurrent4                              0x0800341f   Thumb Code   204  user1.o(.text)
    CheckOutShort1                           0x080034eb   Thumb Code   326  user1.o(.text)
    CheckOutShort2                           0x08003631   Thumb Code   334  user1.o(.text)
    CheckOutShort3                           0x0800377f   Thumb Code   362  user1.o(.text)
    CheckOutShort4                           0x080038e9   Thumb Code   334  user1.o(.text)
    ResetManualTurn1                         0x08003a37   Thumb Code    66  user1.o(.text)
    ResetManualTurn2                         0x08003a79   Thumb Code    66  user1.o(.text)
    ResetManualTurn3                         0x08003abb   Thumb Code    62  user1.o(.text)
    ResetManualTurn4                         0x08003af9   Thumb Code    62  user1.o(.text)
    TaskPID                                  0x08003b37   Thumb Code    98  user1.o(.text)
    TaskStartPID1                            0x08003b99   Thumb Code  3264  user1.o(.text)
    TaskStartPID2                            0x08004859   Thumb Code  3264  user1.o(.text)
    TaskStartPID3                            0x08005519   Thumb Code  3262  user1.o(.text)
    TaskStartPID4                            0x080061d7   Thumb Code  3356  user1.o(.text)
    TIM2_IRQHandler                          0x08006ef3   Thumb Code    32  user1.o(.text)
    TIM3_IRQHandler                          0x08006f13   Thumb Code    28  user1.o(.text)
    TIM4_IRQHandler                          0x08006f2f   Thumb Code    28  user1.o(.text)
    TIM1_UP_IRQHandler                       0x08006f4b   Thumb Code    28  user1.o(.text)
    EXTI0_IRQHandler                         0x08006f67   Thumb Code  1108  user1.o(.text)
    delay                                    0x080073dd   Thumb Code    28  user2.o(.text)
    Delay                                    0x080073f9   Thumb Code    28  user2.o(.text)
    Relay                                    0x08007415   Thumb Code   112  user2.o(.text)
    PWM_OUT                                  0x08007485   Thumb Code    92  user2.o(.text)
    LED                                      0x080074e1   Thumb Code    92  user2.o(.text)
    DisLED                                   0x0800753d   Thumb Code   112  user2.o(.text)
    ChTUP                                    0x080075ad   Thumb Code    96  user2.o(.text)
    SetInitData                              0x0800760d   Thumb Code   272  user2.o(.text)
    LoadData                                 0x0800771d   Thumb Code  1784  user2.o(.text)
    GetCommID                                0x08007e15   Thumb Code   200  user2.o(.text)
    GetTemSV                                 0x08007edd   Thumb Code     6  user2.o(.text)
    DMAChannel1_IRQHandler                   0x08007ee3   Thumb Code   252  user2.o(.text)
    OS_StrLen                                0x0800800d   Thumb Code    20  os_core.o(.text)
    OSEventNameGet                           0x08008021   Thumb Code    98  os_core.o(.text)
    OSEventNameSet                           0x08008083   Thumb Code    86  os_core.o(.text)
    OS_EventTaskRemoveMulti                  0x080080d9   Thumb Code    60  os_core.o(.text)
    OS_Sched                                 0x0800812f   Thumb Code    88  os_core.o(.text)
    OS_EventTaskWaitMulti                    0x08008187   Thumb Code   136  os_core.o(.text)
    OSEventPendMulti                         0x0800820f   Thumb Code   632  os_core.o(.text)
    OS_TaskStatStkChk                        0x08008487   Thumb Code    54  os_core.o(.text)
    OS_TaskStat                              0x080084bd   Thumb Code   114  os_core.o(.text)
    OS_TaskIdle                              0x08008563   Thumb Code    32  os_core.o(.text)
    OS_MemClr                                0x080085b7   Thumb Code    18  os_core.o(.text)
    OSInit                                   0x080086a7   Thumb Code    44  os_core.o(.text)
    OSIntEnter                               0x080086d3   Thumb Code    28  os_core.o(.text)
    OSIntExit                                0x080086ef   Thumb Code   114  os_core.o(.text)
    OSSchedLock                              0x08008761   Thumb Code    50  os_core.o(.text)
    OSSchedUnlock                            0x08008793   Thumb Code    84  os_core.o(.text)
    OSStart                                  0x080087e7   Thumb Code    48  os_core.o(.text)
    OSStatInit                               0x08008817   Thumb Code   206  os_core.o(.text)
    OSTimeTick                               0x080088e5   Thumb Code   218  os_core.o(.text)
    OSVersion                                0x080089bf   Thumb Code     6  os_core.o(.text)
    OS_Dummy                                 0x080089c5   Thumb Code     2  os_core.o(.text)
    OS_EventTaskRemove                       0x080089c7   Thumb Code    42  os_core.o(.text)
    OS_EventTaskRdy                          0x080089f1   Thumb Code   132  os_core.o(.text)
    OS_EventTaskWait                         0x08008a75   Thumb Code   112  os_core.o(.text)
    OS_EventWaitListInit                     0x08008ae5   Thumb Code    28  os_core.o(.text)
    OS_MemCopy                               0x08008b01   Thumb Code    20  os_core.o(.text)
    OS_TCBInit                               0x08008b15   Thumb Code   296  os_core.o(.text)
    OSInitHookBegin                          0x08008c69   Thumb Code     2  os_cpu_c.o(.text)
    OSInitHookEnd                            0x08008c6b   Thumb Code     2  os_cpu_c.o(.text)
    App_TaskCreateHook                       0x08008c6d   Thumb Code     2  os_cpu_c.o(.text)
    OSTaskCreateHook                         0x08008c6f   Thumb Code    12  os_cpu_c.o(.text)
    App_TaskDelHook                          0x08008c7b   Thumb Code     2  os_cpu_c.o(.text)
    OSTaskDelHook                            0x08008c7d   Thumb Code    12  os_cpu_c.o(.text)
    App_TaskIdleHook                         0x08008c89   Thumb Code     2  os_cpu_c.o(.text)
    OSTaskIdleHook                           0x08008c8b   Thumb Code     8  os_cpu_c.o(.text)
    App_TaskStatHook                         0x08008c93   Thumb Code     2  os_cpu_c.o(.text)
    OSTaskStatHook                           0x08008c95   Thumb Code     8  os_cpu_c.o(.text)
    OSTaskStkInit                            0x08008c9d   Thumb Code   154  os_cpu_c.o(.text)
    App_TaskSwHook                           0x08008d37   Thumb Code     2  os_cpu_c.o(.text)
    App_TCBInitHook                          0x08008d39   Thumb Code     2  os_cpu_c.o(.text)
    App_TimeTickHook                         0x08008d3b   Thumb Code     2  os_cpu_c.o(.text)
    TerminalTask                             0x08008d3d   Thumb Code     2  os_cpu_c.o(.text)
    OSTaskSwHook                             0x08008d3f   Thumb Code     8  os_cpu_c.o(.text)
    OSTCBInitHook                            0x08008d47   Thumb Code    12  os_cpu_c.o(.text)
    OSTimeTickHook                           0x08008d53   Thumb Code     8  os_cpu_c.o(.text)
    OSDebugInit                              0x08008d5d   Thumb Code    96  os_dbg.o(.text)
    OSFlagAccept                             0x08008e75   Thumb Code   252  os_flag.o(.text)
    OSFlagCreate                             0x08008f71   Thumb Code    88  os_flag.o(.text)
    OS_FlagUnlink                            0x08008fc9   Thumb Code    36  os_flag.o(.text)
    OSFlagDel                                0x0800904d   Thumb Code   216  os_flag.o(.text)
    OSFlagNameGet                            0x08009125   Thumb Code    80  os_flag.o(.text)
    OSFlagNameSet                            0x08009175   Thumb Code    68  os_flag.o(.text)
    OSFlagPend                               0x08009251   Thumb Code   628  os_flag.o(.text)
    OSFlagPendGetFlagsRdy                    0x080094c5   Thumb Code    26  os_flag.o(.text)
    OSFlagPost                               0x080094df   Thumb Code   312  os_flag.o(.text)
    OSFlagQuery                              0x08009617   Thumb Code    48  os_flag.o(.text)
    OS_FlagInit                              0x08009647   Thumb Code    64  os_flag.o(.text)
    OSSemAccept                              0x08009695   Thumb Code    44  os_sem.o(.text)
    OSSemCreate                              0x080096c1   Thumb Code    74  os_sem.o(.text)
    OSSemDel                                 0x0800970b   Thumb Code   212  os_sem.o(.text)
    OSSemPend                                0x080097df   Thumb Code   234  os_sem.o(.text)
    OSSemPendAbort                           0x080098c9   Thumb Code   128  os_sem.o(.text)
    OSSemPost                                0x08009949   Thumb Code    88  os_sem.o(.text)
    OSSemQuery                               0x080099a1   Thumb Code    82  os_sem.o(.text)
    OSSemSet                                 0x080099f3   Thumb Code    68  os_sem.o(.text)
    OSTaskChangePrio                         0x08009a4d   Thumb Code   396  os_task.o(.text)
    OSTaskCreate                             0x08009bd9   Thumb Code   150  os_task.o(.text)
    OS_TaskStkClr                            0x08009c6f   Thumb Code    26  os_task.o(.text)
    OSTaskCreateExt                          0x08009c89   Thumb Code   172  os_task.o(.text)
    OSTaskDel                                0x08009d35   Thumb Code   348  os_task.o(.text)
    OSTaskDelReq                             0x08009e91   Thumb Code   100  os_task.o(.text)
    OSTaskNameGet                            0x08009ef5   Thumb Code   114  os_task.o(.text)
    OSTaskNameSet                            0x08009f67   Thumb Code   100  os_task.o(.text)
    OSTaskResume                             0x08009fcb   Thumb Code   160  os_task.o(.text)
    OSTaskStkChk                             0x0800a06b   Thumb Code   132  os_task.o(.text)
    OSTaskSuspend                            0x0800a0ef   Thumb Code   152  os_task.o(.text)
    OSTaskQuery                              0x0800a187   Thumb Code    82  os_task.o(.text)
    OSTaskRegGet                             0x0800a1d9   Thumb Code    60  os_task.o(.text)
    OSTaskRegSet                             0x0800a215   Thumb Code    96  os_task.o(.text)
    OSTimeDly                                0x0800a275   Thumb Code    94  os_time.o(.text)
    OSTimeDlyHMSM                            0x0800a2d3   Thumb Code    78  os_time.o(.text)
    OSTimeDlyResume                          0x0800a321   Thumb Code   176  os_time.o(.text)
    OSTimeGet                                0x0800a3d1   Thumb Code    24  os_time.o(.text)
    OSTimeSet                                0x0800a3e9   Thumb Code    24  os_time.o(.text)
    ADC_DeInit                               0x0800a419   Thumb Code    90  stm32f10x_adc.o(.text)
    ADC_Init                                 0x0800a473   Thumb Code    70  stm32f10x_adc.o(.text)
    ADC_StructInit                           0x0800a4b9   Thumb Code    18  stm32f10x_adc.o(.text)
    ADC_Cmd                                  0x0800a4cb   Thumb Code    22  stm32f10x_adc.o(.text)
    ADC_DMACmd                               0x0800a4e1   Thumb Code    22  stm32f10x_adc.o(.text)
    ADC_ITConfig                             0x0800a4f7   Thumb Code    24  stm32f10x_adc.o(.text)
    ADC_ResetCalibration                     0x0800a50f   Thumb Code    10  stm32f10x_adc.o(.text)
    ADC_GetResetCalibrationStatus            0x0800a519   Thumb Code    20  stm32f10x_adc.o(.text)
    ADC_StartCalibration                     0x0800a52d   Thumb Code    10  stm32f10x_adc.o(.text)
    ADC_GetCalibrationStatus                 0x0800a537   Thumb Code    20  stm32f10x_adc.o(.text)
    ADC_SoftwareStartConvCmd                 0x0800a54b   Thumb Code    22  stm32f10x_adc.o(.text)
    ADC_GetSoftwareStartConvStatus           0x0800a561   Thumb Code    20  stm32f10x_adc.o(.text)
    ADC_DiscModeChannelCountConfig           0x0800a575   Thumb Code    24  stm32f10x_adc.o(.text)
    ADC_DiscModeCmd                          0x0800a58d   Thumb Code    22  stm32f10x_adc.o(.text)
    ADC_RegularChannelConfig                 0x0800a5a3   Thumb Code   184  stm32f10x_adc.o(.text)
    ADC_ExternalTrigConvCmd                  0x0800a65b   Thumb Code    22  stm32f10x_adc.o(.text)
    ADC_GetConversionValue                   0x0800a671   Thumb Code     8  stm32f10x_adc.o(.text)
    ADC_GetDualModeConversionValue           0x0800a679   Thumb Code     6  stm32f10x_adc.o(.text)
    ADC_AutoInjectedConvCmd                  0x0800a67f   Thumb Code    22  stm32f10x_adc.o(.text)
    ADC_InjectedDiscModeCmd                  0x0800a695   Thumb Code    22  stm32f10x_adc.o(.text)
    ADC_ExternalTrigInjectedConvConfig       0x0800a6ab   Thumb Code    16  stm32f10x_adc.o(.text)
    ADC_ExternalTrigInjectedConvCmd          0x0800a6bb   Thumb Code    22  stm32f10x_adc.o(.text)
    ADC_SoftwareStartInjectedConvCmd         0x0800a6d1   Thumb Code    22  stm32f10x_adc.o(.text)
    ADC_GetSoftwareStartInjectedConvCmdStatus 0x0800a6e7   Thumb Code    20  stm32f10x_adc.o(.text)
    ADC_InjectedChannelConfig                0x0800a6fb   Thumb Code   130  stm32f10x_adc.o(.text)
    ADC_InjectedSequencerLengthConfig        0x0800a77d   Thumb Code    24  stm32f10x_adc.o(.text)
    ADC_SetInjectedOffset                    0x0800a795   Thumb Code     4  stm32f10x_adc.o(.text)
    ADC_GetInjectedConversionValue           0x0800a799   Thumb Code    10  stm32f10x_adc.o(.text)
    ADC_AnalogWatchdogCmd                    0x0800a7a3   Thumb Code    16  stm32f10x_adc.o(.text)
    ADC_AnalogWatchdogThresholdsConfig       0x0800a7b3   Thumb Code     6  stm32f10x_adc.o(.text)
    ADC_AnalogWatchdogSingleChannelConfig    0x0800a7b9   Thumb Code    16  stm32f10x_adc.o(.text)
    ADC_TempSensorVrefintCmd                 0x0800a7c9   Thumb Code    38  stm32f10x_adc.o(.text)
    ADC_GetFlagStatus                        0x0800a7ef   Thumb Code    38  stm32f10x_adc.o(.text)
    ADC_ClearFlag                            0x0800a815   Thumb Code     6  stm32f10x_adc.o(.text)
    ADC_GetITStatus                          0x0800a81b   Thumb Code    36  stm32f10x_adc.o(.text)
    ADC_ClearITPendingBit                    0x0800a83f   Thumb Code    10  stm32f10x_adc.o(.text)
    DMA_DeInit                               0x0800a849   Thumb Code   306  stm32f10x_dma.o(.text)
    DMA_Init                                 0x0800a97b   Thumb Code    60  stm32f10x_dma.o(.text)
    DMA_StructInit                           0x0800a9b7   Thumb Code    26  stm32f10x_dma.o(.text)
    DMA_Cmd                                  0x0800a9d1   Thumb Code    22  stm32f10x_dma.o(.text)
    DMA_ITConfig                             0x0800a9e7   Thumb Code    18  stm32f10x_dma.o(.text)
    DMA_GetCurrDataCounter                   0x0800a9f9   Thumb Code     8  stm32f10x_dma.o(.text)
    DMA_GetFlagStatus                        0x0800aa01   Thumb Code    38  stm32f10x_dma.o(.text)
    DMA_ClearFlag                            0x0800aa27   Thumb Code    20  stm32f10x_dma.o(.text)
    DMA_GetITStatus                          0x0800aa3b   Thumb Code    38  stm32f10x_dma.o(.text)
    DMA_ClearITPendingBit                    0x0800aa61   Thumb Code    20  stm32f10x_dma.o(.text)
    EXTI_DeInit                              0x0800aa85   Thumb Code    28  stm32f10x_exti.o(.text)
    EXTI_Init                                0x0800aaa1   Thumb Code   150  stm32f10x_exti.o(.text)
    EXTI_StructInit                          0x0800ab37   Thumb Code    16  stm32f10x_exti.o(.text)
    EXTI_GenerateSWInterrupt                 0x0800ab47   Thumb Code    16  stm32f10x_exti.o(.text)
    EXTI_GetFlagStatus                       0x0800ab57   Thumb Code    22  stm32f10x_exti.o(.text)
    EXTI_ClearFlag                           0x0800ab6d   Thumb Code     8  stm32f10x_exti.o(.text)
    EXTI_GetITStatus                         0x0800ab75   Thumb Code    34  stm32f10x_exti.o(.text)
    EXTI_ClearITPendingBit                   0x0800ab97   Thumb Code     8  stm32f10x_exti.o(.text)
    FLASH_SetLatency                         0x0800aba9   Thumb Code    22  stm32f10x_flash.o(.text)
    FLASH_HalfCycleAccessCmd                 0x0800abbf   Thumb Code    22  stm32f10x_flash.o(.text)
    FLASH_PrefetchBufferCmd                  0x0800abd5   Thumb Code    22  stm32f10x_flash.o(.text)
    FLASH_Unlock                             0x0800abeb   Thumb Code    12  stm32f10x_flash.o(.text)
    FLASH_Lock                               0x0800abf7   Thumb Code    14  stm32f10x_flash.o(.text)
    FLASH_GetStatus                          0x0800ac05   Thumb Code    48  stm32f10x_flash.o(.text)
    FLASH_WaitForLastOperation               0x0800ac4f   Thumb Code    42  stm32f10x_flash.o(.text)
    FLASH_ErasePage                          0x0800ac79   Thumb Code    76  stm32f10x_flash.o(.text)
    FLASH_EraseAllPages                      0x0800acc5   Thumb Code    72  stm32f10x_flash.o(.text)
    FLASH_EraseOptionBytes                   0x0800ad0d   Thumb Code   142  stm32f10x_flash.o(.text)
    FLASH_ProgramWord                        0x0800ad9b   Thumb Code   100  stm32f10x_flash.o(.text)
    FLASH_ProgramHalfWord                    0x0800adff   Thumb Code    64  stm32f10x_flash.o(.text)
    FLASH_ProgramOptionByteData              0x0800ae3f   Thumb Code    72  stm32f10x_flash.o(.text)
    FLASH_EnableWriteProtection              0x0800ae87   Thumb Code   182  stm32f10x_flash.o(.text)
    FLASH_ReadOutProtection                  0x0800af3d   Thumb Code   174  stm32f10x_flash.o(.text)
    FLASH_UserOptionByteConfig               0x0800afeb   Thumb Code    94  stm32f10x_flash.o(.text)
    FLASH_GetUserOptionByte                  0x0800b049   Thumb Code     8  stm32f10x_flash.o(.text)
    FLASH_GetWriteProtectionOptionByte       0x0800b051   Thumb Code     6  stm32f10x_flash.o(.text)
    FLASH_GetReadOutProtectionStatus         0x0800b057   Thumb Code    20  stm32f10x_flash.o(.text)
    FLASH_GetPrefetchBufferStatus            0x0800b06b   Thumb Code    20  stm32f10x_flash.o(.text)
    FLASH_ITConfig                           0x0800b07f   Thumb Code    26  stm32f10x_flash.o(.text)
    FLASH_GetFlagStatus                      0x0800b099   Thumb Code    42  stm32f10x_flash.o(.text)
    FLASH_ClearFlag                          0x0800b0c3   Thumb Code     6  stm32f10x_flash.o(.text)
    GPIO_DeInit                              0x0800b0d9   Thumb Code   188  stm32f10x_gpio.o(.text)
    GPIO_AFIODeInit                          0x0800b195   Thumb Code    20  stm32f10x_gpio.o(.text)
    GPIO_Init                                0x0800b1a9   Thumb Code   272  stm32f10x_gpio.o(.text)
    GPIO_StructInit                          0x0800b2b9   Thumb Code    16  stm32f10x_gpio.o(.text)
    GPIO_ReadInputDataBit                    0x0800b2c9   Thumb Code    18  stm32f10x_gpio.o(.text)
    GPIO_ReadInputData                       0x0800b2db   Thumb Code     8  stm32f10x_gpio.o(.text)
    GPIO_ReadOutputDataBit                   0x0800b2e3   Thumb Code    18  stm32f10x_gpio.o(.text)
    GPIO_ReadOutputData                      0x0800b2f5   Thumb Code     8  stm32f10x_gpio.o(.text)
    GPIO_SetBits                             0x0800b2fd   Thumb Code     4  stm32f10x_gpio.o(.text)
    GPIO_ResetBits                           0x0800b301   Thumb Code     4  stm32f10x_gpio.o(.text)
    GPIO_WriteBit                            0x0800b305   Thumb Code    10  stm32f10x_gpio.o(.text)
    GPIO_Write                               0x0800b30f   Thumb Code     4  stm32f10x_gpio.o(.text)
    GPIO_PinLockConfig                       0x0800b313   Thumb Code    18  stm32f10x_gpio.o(.text)
    GPIO_EventOutputConfig                   0x0800b325   Thumb Code    26  stm32f10x_gpio.o(.text)
    GPIO_EventOutputCmd                      0x0800b33f   Thumb Code     6  stm32f10x_gpio.o(.text)
    GPIO_PinRemapConfig                      0x0800b345   Thumb Code   106  stm32f10x_gpio.o(.text)
    GPIO_EXTILineConfig                      0x0800b3af   Thumb Code    66  stm32f10x_gpio.o(.text)
    NVIC_DeInit                              0x0800b401   Thumb Code    58  stm32f10x_nvic.o(.text)
    NVIC_SCBDeInit                           0x0800b43b   Thumb Code    76  stm32f10x_nvic.o(.text)
    NVIC_PriorityGroupConfig                 0x0800b487   Thumb Code    12  stm32f10x_nvic.o(.text)
    NVIC_Init                                0x0800b493   Thumb Code   154  stm32f10x_nvic.o(.text)
    NVIC_StructInit                          0x0800b52d   Thumb Code    12  stm32f10x_nvic.o(.text)
    NVIC_SETPRIMASK                          0x0800b539   Thumb Code     8  stm32f10x_nvic.o(.text)
    NVIC_RESETPRIMASK                        0x0800b541   Thumb Code     8  stm32f10x_nvic.o(.text)
    NVIC_SETFAULTMASK                        0x0800b549   Thumb Code     8  stm32f10x_nvic.o(.text)
    NVIC_RESETFAULTMASK                      0x0800b551   Thumb Code     8  stm32f10x_nvic.o(.text)
    NVIC_BASEPRICONFIG                       0x0800b559   Thumb Code    12  stm32f10x_nvic.o(.text)
    NVIC_GetBASEPRI                          0x0800b565   Thumb Code     8  stm32f10x_nvic.o(.text)
    NVIC_GetCurrentPendingIRQChannel         0x0800b56d   Thumb Code    10  stm32f10x_nvic.o(.text)
    NVIC_GetIRQChannelPendingBitStatus       0x0800b577   Thumb Code    42  stm32f10x_nvic.o(.text)
    NVIC_SetIRQChannelPendingBit             0x0800b5a1   Thumb Code     6  stm32f10x_nvic.o(.text)
    NVIC_ClearIRQChannelPendingBit           0x0800b5a7   Thumb Code    20  stm32f10x_nvic.o(.text)
    NVIC_GetCurrentActiveHandler             0x0800b5bb   Thumb Code    10  stm32f10x_nvic.o(.text)
    NVIC_GetIRQChannelActiveBitStatus        0x0800b5c5   Thumb Code    42  stm32f10x_nvic.o(.text)
    NVIC_GetCPUID                            0x0800b5ef   Thumb Code     8  stm32f10x_nvic.o(.text)
    NVIC_SetVectorTable                      0x0800b5f7   Thumb Code    14  stm32f10x_nvic.o(.text)
    NVIC_GenerateSystemReset                 0x0800b605   Thumb Code    12  stm32f10x_nvic.o(.text)
    NVIC_GenerateCoreReset                   0x0800b611   Thumb Code    12  stm32f10x_nvic.o(.text)
    NVIC_SystemLPConfig                      0x0800b61d   Thumb Code    34  stm32f10x_nvic.o(.text)
    NVIC_SystemHandlerConfig                 0x0800b63f   Thumb Code    48  stm32f10x_nvic.o(.text)
    NVIC_SystemHandlerPriorityConfig         0x0800b66f   Thumb Code   110  stm32f10x_nvic.o(.text)
    NVIC_GetSystemHandlerPendingBitStatus    0x0800b6dd   Thumb Code    44  stm32f10x_nvic.o(.text)
    NVIC_SetSystemHandlerPendingBit          0x0800b709   Thumb Code    22  stm32f10x_nvic.o(.text)
    NVIC_ClearSystemHandlerPendingBit        0x0800b71f   Thumb Code    26  stm32f10x_nvic.o(.text)
    NVIC_GetSystemHandlerActiveBitStatus     0x0800b739   Thumb Code    42  stm32f10x_nvic.o(.text)
    NVIC_GetFaultHandlerSources              0x0800b763   Thumb Code    66  stm32f10x_nvic.o(.text)
    NVIC_GetFaultAddress                     0x0800b7a5   Thumb Code    28  stm32f10x_nvic.o(.text)
    RCC_DeInit                               0x0800b7e1   Thumb Code    62  stm32f10x_rcc.o(.text)
    RCC_HSEConfig                            0x0800b81f   Thumb Code    70  stm32f10x_rcc.o(.text)
    RCC_GetFlagStatus                        0x0800b865   Thumb Code    56  stm32f10x_rcc.o(.text)
    RCC_WaitForHSEStartUp                    0x0800b89d   Thumb Code    62  stm32f10x_rcc.o(.text)
    RCC_AdjustHSICalibrationValue            0x0800b8db   Thumb Code    20  stm32f10x_rcc.o(.text)
    RCC_HSICmd                               0x0800b8ef   Thumb Code     6  stm32f10x_rcc.o(.text)
    RCC_PLLConfig                            0x0800b8f5   Thumb Code    24  stm32f10x_rcc.o(.text)
    RCC_PLLCmd                               0x0800b90d   Thumb Code     6  stm32f10x_rcc.o(.text)
    RCC_SYSCLKConfig                         0x0800b913   Thumb Code    18  stm32f10x_rcc.o(.text)
    RCC_GetSYSCLKSource                      0x0800b925   Thumb Code    10  stm32f10x_rcc.o(.text)
    RCC_HCLKConfig                           0x0800b92f   Thumb Code    18  stm32f10x_rcc.o(.text)
    RCC_PCLK1Config                          0x0800b941   Thumb Code    18  stm32f10x_rcc.o(.text)
    RCC_PCLK2Config                          0x0800b953   Thumb Code    20  stm32f10x_rcc.o(.text)
    RCC_ITConfig                             0x0800b967   Thumb Code    26  stm32f10x_rcc.o(.text)
    RCC_USBCLKConfig                         0x0800b981   Thumb Code     6  stm32f10x_rcc.o(.text)
    RCC_ADCCLKConfig                         0x0800b987   Thumb Code    18  stm32f10x_rcc.o(.text)
    RCC_LSEConfig                            0x0800b999   Thumb Code    44  stm32f10x_rcc.o(.text)
    RCC_LSICmd                               0x0800b9c5   Thumb Code     6  stm32f10x_rcc.o(.text)
    RCC_RTCCLKConfig                         0x0800b9cb   Thumb Code    12  stm32f10x_rcc.o(.text)
    RCC_RTCCLKCmd                            0x0800b9d7   Thumb Code     8  stm32f10x_rcc.o(.text)
    RCC_GetClocksFreq                        0x0800b9df   Thumb Code   192  stm32f10x_rcc.o(.text)
    RCC_AHBPeriphClockCmd                    0x0800ba9f   Thumb Code    26  stm32f10x_rcc.o(.text)
    RCC_APB2PeriphClockCmd                   0x0800bab9   Thumb Code    26  stm32f10x_rcc.o(.text)
    RCC_APB1PeriphClockCmd                   0x0800bad3   Thumb Code    26  stm32f10x_rcc.o(.text)
    RCC_APB2PeriphResetCmd                   0x0800baed   Thumb Code    26  stm32f10x_rcc.o(.text)
    RCC_APB1PeriphResetCmd                   0x0800bb07   Thumb Code    26  stm32f10x_rcc.o(.text)
    RCC_BackupResetCmd                       0x0800bb21   Thumb Code     8  stm32f10x_rcc.o(.text)
    RCC_ClockSecuritySystemCmd               0x0800bb29   Thumb Code     6  stm32f10x_rcc.o(.text)
    RCC_MCOConfig                            0x0800bb2f   Thumb Code     6  stm32f10x_rcc.o(.text)
    RCC_ClearFlag                            0x0800bb35   Thumb Code    14  stm32f10x_rcc.o(.text)
    RCC_GetITStatus                          0x0800bb43   Thumb Code    20  stm32f10x_rcc.o(.text)
    RCC_ClearITPendingBit                    0x0800bb57   Thumb Code     6  stm32f10x_rcc.o(.text)
    SysTick_CLKSourceConfig                  0x0800bb99   Thumb Code    40  stm32f10x_systick.o(.text)
    SysTick_SetReload                        0x0800bbc1   Thumb Code     8  stm32f10x_systick.o(.text)
    SysTick_CounterCmd                       0x0800bbc9   Thumb Code    54  stm32f10x_systick.o(.text)
    SysTick_ITConfig                         0x0800bbff   Thumb Code    38  stm32f10x_systick.o(.text)
    SysTick_GetCounter                       0x0800bc25   Thumb Code     8  stm32f10x_systick.o(.text)
    SysTick_GetFlagStatus                    0x0800bc2d   Thumb Code    46  stm32f10x_systick.o(.text)
    TIM_DeInit                               0x0800bc5d   Thumb Code   214  stm32f10x_tim.o(.text)
    TIM_TimeBaseInit                         0x0800bd33   Thumb Code    50  stm32f10x_tim.o(.text)
    TIM_OC1Init                              0x0800bd65   Thumb Code   110  stm32f10x_tim.o(.text)
    TIM_OC2Init                              0x0800bdd3   Thumb Code   148  stm32f10x_tim.o(.text)
    TIM_OC3Init                              0x0800be67   Thumb Code   144  stm32f10x_tim.o(.text)
    TIM_OC4Init                              0x0800bef7   Thumb Code   106  stm32f10x_tim.o(.text)
    TIM_SetIC4Prescaler                      0x0800bf61   Thumb Code    26  stm32f10x_tim.o(.text)
    TIM_SetIC3Prescaler                      0x0800bfcd   Thumb Code    18  stm32f10x_tim.o(.text)
    TIM_SetIC2Prescaler                      0x0800c027   Thumb Code    42  stm32f10x_tim.o(.text)
    TIM_SetIC1Prescaler                      0x0800c0a1   Thumb Code    18  stm32f10x_tim.o(.text)
    TIM_ICInit                               0x0800c0eb   Thumb Code   110  stm32f10x_tim.o(.text)
    TIM_PWMIConfig                           0x0800c159   Thumb Code   124  stm32f10x_tim.o(.text)
    TIM_BDTRConfig                           0x0800c1d5   Thumb Code    32  stm32f10x_tim.o(.text)
    TIM_TimeBaseStructInit                   0x0800c1f5   Thumb Code    18  stm32f10x_tim.o(.text)
    TIM_OCStructInit                         0x0800c207   Thumb Code    20  stm32f10x_tim.o(.text)
    TIM_ICStructInit                         0x0800c21b   Thumb Code    18  stm32f10x_tim.o(.text)
    TIM_BDTRStructInit                       0x0800c22d   Thumb Code    18  stm32f10x_tim.o(.text)
    TIM_Cmd                                  0x0800c23f   Thumb Code    24  stm32f10x_tim.o(.text)
    TIM_CtrlPWMOutputs                       0x0800c257   Thumb Code    30  stm32f10x_tim.o(.text)
    TIM_ITConfig                             0x0800c275   Thumb Code    18  stm32f10x_tim.o(.text)
    TIM_GenerateEvent                        0x0800c287   Thumb Code     4  stm32f10x_tim.o(.text)
    TIM_DMAConfig                            0x0800c28b   Thumb Code    10  stm32f10x_tim.o(.text)
    TIM_DMACmd                               0x0800c295   Thumb Code    18  stm32f10x_tim.o(.text)
    TIM_InternalClockConfig                  0x0800c2a7   Thumb Code    12  stm32f10x_tim.o(.text)
    TIM_SelectInputTrigger                   0x0800c2b3   Thumb Code    18  stm32f10x_tim.o(.text)
    TIM_ITRxExternalClockConfig              0x0800c2c5   Thumb Code    24  stm32f10x_tim.o(.text)
    TIM_TIxExternalClockConfig               0x0800c2dd   Thumb Code    62  stm32f10x_tim.o(.text)
    TIM_ETRConfig                            0x0800c31b   Thumb Code    30  stm32f10x_tim.o(.text)
    TIM_ETRClockMode1Config                  0x0800c339   Thumb Code    54  stm32f10x_tim.o(.text)
    TIM_ETRClockMode2Config                  0x0800c36f   Thumb Code    32  stm32f10x_tim.o(.text)
    TIM_PrescalerConfig                      0x0800c38f   Thumb Code     6  stm32f10x_tim.o(.text)
    TIM_CounterModeConfig                    0x0800c395   Thumb Code    18  stm32f10x_tim.o(.text)
    TIM_EncoderInterfaceConfig               0x0800c3a7   Thumb Code    66  stm32f10x_tim.o(.text)
    TIM_ForcedOC1Config                      0x0800c3e9   Thumb Code    18  stm32f10x_tim.o(.text)
    TIM_ForcedOC2Config                      0x0800c3fb   Thumb Code    26  stm32f10x_tim.o(.text)
    TIM_ForcedOC3Config                      0x0800c415   Thumb Code    18  stm32f10x_tim.o(.text)
    TIM_ForcedOC4Config                      0x0800c427   Thumb Code    26  stm32f10x_tim.o(.text)
    TIM_ARRPreloadConfig                     0x0800c441   Thumb Code    24  stm32f10x_tim.o(.text)
    TIM_SelectCOM                            0x0800c459   Thumb Code    24  stm32f10x_tim.o(.text)
    TIM_SelectCCDMA                          0x0800c471   Thumb Code    24  stm32f10x_tim.o(.text)
    TIM_CCPreloadControl                     0x0800c489   Thumb Code    24  stm32f10x_tim.o(.text)
    TIM_OC1PreloadConfig                     0x0800c4a1   Thumb Code    18  stm32f10x_tim.o(.text)
    TIM_OC2PreloadConfig                     0x0800c4b3   Thumb Code    26  stm32f10x_tim.o(.text)
    TIM_OC3PreloadConfig                     0x0800c4cd   Thumb Code    18  stm32f10x_tim.o(.text)
    TIM_OC4PreloadConfig                     0x0800c4df   Thumb Code    26  stm32f10x_tim.o(.text)
    TIM_OC1FastConfig                        0x0800c4f9   Thumb Code    18  stm32f10x_tim.o(.text)
    TIM_OC2FastConfig                        0x0800c50b   Thumb Code    26  stm32f10x_tim.o(.text)
    TIM_OC3FastConfig                        0x0800c525   Thumb Code    18  stm32f10x_tim.o(.text)
    TIM_OC4FastConfig                        0x0800c537   Thumb Code    26  stm32f10x_tim.o(.text)
    TIM_ClearOC1Ref                          0x0800c551   Thumb Code    18  stm32f10x_tim.o(.text)
    TIM_ClearOC2Ref                          0x0800c563   Thumb Code    24  stm32f10x_tim.o(.text)
    TIM_ClearOC3Ref                          0x0800c57b   Thumb Code    18  stm32f10x_tim.o(.text)
    TIM_ClearOC4Ref                          0x0800c58d   Thumb Code    24  stm32f10x_tim.o(.text)
    TIM_OC1PolarityConfig                    0x0800c5a5   Thumb Code    18  stm32f10x_tim.o(.text)
    TIM_OC1NPolarityConfig                   0x0800c5b7   Thumb Code    18  stm32f10x_tim.o(.text)
    TIM_OC2PolarityConfig                    0x0800c5c9   Thumb Code    26  stm32f10x_tim.o(.text)
    TIM_OC2NPolarityConfig                   0x0800c5e3   Thumb Code    26  stm32f10x_tim.o(.text)
    TIM_OC3PolarityConfig                    0x0800c5fd   Thumb Code    26  stm32f10x_tim.o(.text)
    TIM_OC3NPolarityConfig                   0x0800c617   Thumb Code    26  stm32f10x_tim.o(.text)
    TIM_OC4PolarityConfig                    0x0800c631   Thumb Code    26  stm32f10x_tim.o(.text)
    TIM_CCxCmd                               0x0800c64b   Thumb Code    26  stm32f10x_tim.o(.text)
    TIM_CCxNCmd                              0x0800c665   Thumb Code    26  stm32f10x_tim.o(.text)
    TIM_SelectOCxM                           0x0800c67f   Thumb Code   108  stm32f10x_tim.o(.text)
    TIM_UpdateDisableConfig                  0x0800c6eb   Thumb Code    24  stm32f10x_tim.o(.text)
    TIM_UpdateRequestConfig                  0x0800c703   Thumb Code    24  stm32f10x_tim.o(.text)
    TIM_SelectHallSensor                     0x0800c71b   Thumb Code    24  stm32f10x_tim.o(.text)
    TIM_SelectOnePulseMode                   0x0800c733   Thumb Code    18  stm32f10x_tim.o(.text)
    TIM_SelectOutputTrigger                  0x0800c745   Thumb Code    18  stm32f10x_tim.o(.text)
    TIM_SelectSlaveMode                      0x0800c757   Thumb Code    18  stm32f10x_tim.o(.text)
    TIM_SelectMasterSlaveMode                0x0800c769   Thumb Code    18  stm32f10x_tim.o(.text)
    TIM_SetCounter                           0x0800c77b   Thumb Code     4  stm32f10x_tim.o(.text)
    TIM_SetAutoreload                        0x0800c77f   Thumb Code     4  stm32f10x_tim.o(.text)
    TIM_SetCompare1                          0x0800c783   Thumb Code     4  stm32f10x_tim.o(.text)
    TIM_SetCompare2                          0x0800c787   Thumb Code     4  stm32f10x_tim.o(.text)
    TIM_SetCompare3                          0x0800c78b   Thumb Code     4  stm32f10x_tim.o(.text)
    TIM_SetCompare4                          0x0800c78f   Thumb Code     6  stm32f10x_tim.o(.text)
    TIM_SetClockDivision                     0x0800c795   Thumb Code    14  stm32f10x_tim.o(.text)
    TIM_GetCapture1                          0x0800c7a3   Thumb Code     6  stm32f10x_tim.o(.text)
    TIM_GetCapture2                          0x0800c7a9   Thumb Code     6  stm32f10x_tim.o(.text)
    TIM_GetCapture3                          0x0800c7af   Thumb Code     6  stm32f10x_tim.o(.text)
    TIM_GetCapture4                          0x0800c7b5   Thumb Code     8  stm32f10x_tim.o(.text)
    TIM_GetCounter                           0x0800c7bd   Thumb Code     6  stm32f10x_tim.o(.text)
    TIM_GetPrescaler                         0x0800c7c3   Thumb Code     6  stm32f10x_tim.o(.text)
    TIM_GetFlagStatus                        0x0800c7c9   Thumb Code    18  stm32f10x_tim.o(.text)
    TIM_ClearFlag                            0x0800c7db   Thumb Code     6  stm32f10x_tim.o(.text)
    TIM_GetITStatus                          0x0800c7e1   Thumb Code    34  stm32f10x_tim.o(.text)
    TIM_ClearITPendingBit                    0x0800c803   Thumb Code     6  stm32f10x_tim.o(.text)
    USART_DeInit                             0x0800c809   Thumb Code   146  stm32f10x_usart.o(.text)
    USART_Init                               0x0800c89b   Thumb Code   150  stm32f10x_usart.o(.text)
    USART_StructInit                         0x0800c931   Thumb Code    24  stm32f10x_usart.o(.text)
    USART_ClockInit                          0x0800c949   Thumb Code    34  stm32f10x_usart.o(.text)
    USART_ClockStructInit                    0x0800c96b   Thumb Code    12  stm32f10x_usart.o(.text)
    USART_Cmd                                0x0800c977   Thumb Code    24  stm32f10x_usart.o(.text)
    USART_ITConfig                           0x0800c98f   Thumb Code    64  stm32f10x_usart.o(.text)
    USART_DMACmd                             0x0800c9cf   Thumb Code    18  stm32f10x_usart.o(.text)
    USART_SetAddress                         0x0800c9e1   Thumb Code    18  stm32f10x_usart.o(.text)
    USART_WakeUpConfig                       0x0800c9f3   Thumb Code    18  stm32f10x_usart.o(.text)
    USART_ReceiverWakeUpCmd                  0x0800ca05   Thumb Code    24  stm32f10x_usart.o(.text)
    USART_LINBreakDetectLengthConfig         0x0800ca1d   Thumb Code    18  stm32f10x_usart.o(.text)
    USART_LINCmd                             0x0800ca2f   Thumb Code    24  stm32f10x_usart.o(.text)
    USART_SendData                           0x0800ca47   Thumb Code     8  stm32f10x_usart.o(.text)
    USART_ReceiveData                        0x0800ca4f   Thumb Code    10  stm32f10x_usart.o(.text)
    USART_SendBreak                          0x0800ca59   Thumb Code    10  stm32f10x_usart.o(.text)
    USART_SetGuardTime                       0x0800ca63   Thumb Code    16  stm32f10x_usart.o(.text)
    USART_SetPrescaler                       0x0800ca73   Thumb Code    16  stm32f10x_usart.o(.text)
    USART_SmartCardCmd                       0x0800ca83   Thumb Code    24  stm32f10x_usart.o(.text)
    USART_SmartCardNACKCmd                   0x0800ca9b   Thumb Code    24  stm32f10x_usart.o(.text)
    USART_HalfDuplexCmd                      0x0800cab3   Thumb Code    24  stm32f10x_usart.o(.text)
    USART_IrDAConfig                         0x0800cacb   Thumb Code    18  stm32f10x_usart.o(.text)
    USART_IrDACmd                            0x0800cadd   Thumb Code    24  stm32f10x_usart.o(.text)
    USART_GetFlagStatus                      0x0800caf5   Thumb Code    18  stm32f10x_usart.o(.text)
    USART_ClearFlag                          0x0800cb07   Thumb Code     6  stm32f10x_usart.o(.text)
    USART_GetITStatus                        0x0800cb0d   Thumb Code    76  stm32f10x_usart.o(.text)
    USART_ClearITPendingBit                  0x0800cb59   Thumb Code    20  stm32f10x_usart.o(.text)
    __WFI                                    0x0800cb79   Thumb Code     0  cortexm3_macro.o(.text)
    __WFE                                    0x0800cb7d   Thumb Code     0  cortexm3_macro.o(.text)
    __SEV                                    0x0800cb81   Thumb Code     0  cortexm3_macro.o(.text)
    __ISB                                    0x0800cb85   Thumb Code     0  cortexm3_macro.o(.text)
    __DSB                                    0x0800cb8b   Thumb Code     0  cortexm3_macro.o(.text)
    __DMB                                    0x0800cb91   Thumb Code     0  cortexm3_macro.o(.text)
    __SVC                                    0x0800cb97   Thumb Code     0  cortexm3_macro.o(.text)
    __MRS_CONTROL                            0x0800cb9b   Thumb Code     0  cortexm3_macro.o(.text)
    __MSR_CONTROL                            0x0800cba1   Thumb Code     0  cortexm3_macro.o(.text)
    __MRS_PSP                                0x0800cbab   Thumb Code     0  cortexm3_macro.o(.text)
    __MSR_PSP                                0x0800cbb1   Thumb Code     0  cortexm3_macro.o(.text)
    __MRS_MSP                                0x0800cbb7   Thumb Code     0  cortexm3_macro.o(.text)
    __MSR_MSP                                0x0800cbbd   Thumb Code     0  cortexm3_macro.o(.text)
    __RESETPRIMASK                           0x0800cbc3   Thumb Code     0  cortexm3_macro.o(.text)
    __SETPRIMASK                             0x0800cbc7   Thumb Code     0  cortexm3_macro.o(.text)
    __READ_PRIMASK                           0x0800cbcb   Thumb Code     0  cortexm3_macro.o(.text)
    __SETFAULTMASK                           0x0800cbd1   Thumb Code     0  cortexm3_macro.o(.text)
    __RESETFAULTMASK                         0x0800cbd5   Thumb Code     0  cortexm3_macro.o(.text)
    __READ_FAULTMASK                         0x0800cbd9   Thumb Code     0  cortexm3_macro.o(.text)
    __BASEPRICONFIG                          0x0800cbdf   Thumb Code     0  cortexm3_macro.o(.text)
    __GetBASEPRI                             0x0800cbe5   Thumb Code     0  cortexm3_macro.o(.text)
    __REV_HalfWord                           0x0800cbeb   Thumb Code     0  cortexm3_macro.o(.text)
    __REV_Word                               0x0800cbef   Thumb Code     0  cortexm3_macro.o(.text)
    OS_CPU_SR_Save                           0x0800cbf5   Thumb Code     0  os_cpu_a.o(.text)
    OS_CPU_SR_Restore                        0x0800cbfd   Thumb Code     0  os_cpu_a.o(.text)
    OSStartHighRdy                           0x0800cc03   Thumb Code     0  os_cpu_a.o(.text)
    OSCtxSw                                  0x0800cc23   Thumb Code     0  os_cpu_a.o(.text)
    OSIntCtxSw                               0x0800cc2d   Thumb Code     0  os_cpu_a.o(.text)
    PendSV_Handler                           0x0800cc37   Thumb Code     0  os_cpu_a.o(.text)
    Reset_Handler                            0x0800cc99   Thumb Code     4  stm32f10x.o(.text)
    NMI_Handler                              0x0800cc9d   Thumb Code     2  stm32f10x.o(.text)
    HardFault_Handler                        0x0800cc9f   Thumb Code     2  stm32f10x.o(.text)
    MemManage_Handler                        0x0800cca1   Thumb Code     2  stm32f10x.o(.text)
    BusFault_Handler                         0x0800cca3   Thumb Code     2  stm32f10x.o(.text)
    UsageFault_Handler                       0x0800cca5   Thumb Code     2  stm32f10x.o(.text)
    SVC_Handler                              0x0800cca7   Thumb Code     2  stm32f10x.o(.text)
    DebugMon_Handler                         0x0800cca9   Thumb Code     2  stm32f10x.o(.text)
    ADC_IRQHandler                           0x0800ccaf   Thumb Code     0  stm32f10x.o(.text)
    CAN_RX1_IRQHandler                       0x0800ccaf   Thumb Code     0  stm32f10x.o(.text)
    CAN_SCE_IRQHandler                       0x0800ccaf   Thumb Code     0  stm32f10x.o(.text)
    DMAChannel2_IRQHandler                   0x0800ccaf   Thumb Code     0  stm32f10x.o(.text)
    DMAChannel3_IRQHandler                   0x0800ccaf   Thumb Code     0  stm32f10x.o(.text)
    DMAChannel4_IRQHandler                   0x0800ccaf   Thumb Code     0  stm32f10x.o(.text)
    DMAChannel5_IRQHandler                   0x0800ccaf   Thumb Code     0  stm32f10x.o(.text)
    DMAChannel6_IRQHandler                   0x0800ccaf   Thumb Code     0  stm32f10x.o(.text)
    DMAChannel7_IRQHandler                   0x0800ccaf   Thumb Code     0  stm32f10x.o(.text)
    EXTI15_10_IRQHandler                     0x0800ccaf   Thumb Code     0  stm32f10x.o(.text)
    EXTI1_IRQHandler                         0x0800ccaf   Thumb Code     0  stm32f10x.o(.text)
    EXTI2_IRQHandler                         0x0800ccaf   Thumb Code     0  stm32f10x.o(.text)
    EXTI3_IRQHandler                         0x0800ccaf   Thumb Code     0  stm32f10x.o(.text)
    EXTI4_IRQHandler                         0x0800ccaf   Thumb Code     0  stm32f10x.o(.text)
    EXTI9_5_IRQHandler                       0x0800ccaf   Thumb Code     0  stm32f10x.o(.text)
    FLASH_IRQHandler                         0x0800ccaf   Thumb Code     0  stm32f10x.o(.text)
    I2C1_ER_IRQHandler                       0x0800ccaf   Thumb Code     0  stm32f10x.o(.text)
    I2C1_EV_IRQHandler                       0x0800ccaf   Thumb Code     0  stm32f10x.o(.text)
    I2C2_ER_IRQHandler                       0x0800ccaf   Thumb Code     0  stm32f10x.o(.text)
    I2C2_EV_IRQHandler                       0x0800ccaf   Thumb Code     0  stm32f10x.o(.text)
    PVD_IRQHandler                           0x0800ccaf   Thumb Code     0  stm32f10x.o(.text)
    RCC_IRQHandler                           0x0800ccaf   Thumb Code     0  stm32f10x.o(.text)
    RTCAlarm_IRQHandler                      0x0800ccaf   Thumb Code     0  stm32f10x.o(.text)
    RTC_IRQHandler                           0x0800ccaf   Thumb Code     0  stm32f10x.o(.text)
    SPI1_IRQHandler                          0x0800ccaf   Thumb Code     0  stm32f10x.o(.text)
    SPI2_IRQHandler                          0x0800ccaf   Thumb Code     0  stm32f10x.o(.text)
    TAMPER_IRQHandler                        0x0800ccaf   Thumb Code     0  stm32f10x.o(.text)
    TIM1_BRK_IRQHandler                      0x0800ccaf   Thumb Code     0  stm32f10x.o(.text)
    TIM1_CC_IRQHandler                       0x0800ccaf   Thumb Code     0  stm32f10x.o(.text)
    TIM1_TRG_COM_IRQHandler                  0x0800ccaf   Thumb Code     0  stm32f10x.o(.text)
    USART2_IRQHandler                        0x0800ccaf   Thumb Code     0  stm32f10x.o(.text)
    USART3_IRQHandler                        0x0800ccaf   Thumb Code     0  stm32f10x.o(.text)
    USBWakeUp_IRQHandler                     0x0800ccaf   Thumb Code     0  stm32f10x.o(.text)
    USB_HP_CAN_TX_IRQHandler                 0x0800ccaf   Thumb Code     0  stm32f10x.o(.text)
    USB_LP_CAN_RX0_IRQHandler                0x0800ccaf   Thumb Code     0  stm32f10x.o(.text)
    WWDG_IRQHandler                          0x0800ccaf   Thumb Code     0  stm32f10x.o(.text)
    __user_initial_stackheap                 0x0800ccb1   Thumb Code     0  stm32f10x.o(.text)
    I2C_delay                                0x0800ccd1   Thumb Code    14  at24c16.o(.text)
    I2C_delay1                               0x0800ccdf   Thumb Code    14  at24c16.o(.text)
    Start                                    0x0800cced   Thumb Code    90  at24c16.o(.text)
    Stop                                     0x0800cd47   Thumb Code    48  at24c16.o(.text)
    RecAck                                   0x0800cd77   Thumb Code    82  at24c16.o(.text)
    Ack                                      0x0800cdc9   Thumb Code    50  at24c16.o(.text)
    NoAck                                    0x0800cdfb   Thumb Code    48  at24c16.o(.text)
    Send                                     0x0800ce2b   Thumb Code    80  at24c16.o(.text)
    Receive                                  0x0800ce7b   Thumb Code    72  at24c16.o(.text)
    CommIIC                                  0x0800cec3   Thumb Code   610  at24c16.o(.text)
    DataConverter1                           0x0800d129   Thumb Code   778  lib.o(.text)
    DataConverter2                           0x0800d433   Thumb Code   856  lib.o(.text)
    DataConverter3                           0x0800d78b   Thumb Code   856  lib.o(.text)
    DataConverter4                           0x0800dae3   Thumb Code   850  lib.o(.text)
    ModData1                                 0x0800de35   Thumb Code    86  lib.o(.text)
    ModData2                                 0x0800de8b   Thumb Code    88  lib.o(.text)
    ConverTime                               0x0800def1   Thumb Code    88  user.o(.text)
    Get1                                     0x0800df49   Thumb Code   202  user.o(.text)
    Get1ToGet2                               0x0800e013   Thumb Code    56  user.o(.text)
    Get2                                     0x0800e04b   Thumb Code   208  user.o(.text)
    Get3                                     0x0800e11b   Thumb Code   208  user.o(.text)
    Get4                                     0x0800e1eb   Thumb Code   208  user.o(.text)
    Get5                                     0x0800e2bb   Thumb Code   246  user.o(.text)
    __aeabi_memclr4                          0x0800e3b5   Thumb Code     0  rt_memclr_w.o(.text)
    __aeabi_memclr8                          0x0800e3b5   Thumb Code     0  rt_memclr_w.o(.text)
    __rt_memclr_w                            0x0800e3b5   Thumb Code    78  rt_memclr_w.o(.text)
    _memset_w                                0x0800e3b9   Thumb Code     0  rt_memclr_w.o(.text)
    __use_two_region_memory                  0x0800e403   Thumb Code     2  heapauxi.o(.text)
    __rt_heap_escrow$2region                 0x0800e405   Thumb Code     2  heapauxi.o(.text)
    __rt_heap_expand$2region                 0x0800e407   Thumb Code     2  heapauxi.o(.text)
    __use_c99_library                        0x0800e409   Thumb Code     2  compat_c99.o(.text)
    __read_errno                             0x0800e40b   Thumb Code    10  _rserrno.o(.text)
    __set_errno                              0x0800e415   Thumb Code    12  _rserrno.o(.text)
    __aeabi_errno_addr                       0x0800e421   Thumb Code     8  rt_errno_addr_intlibspace.o(.text)
    __errno$intlibspace                      0x0800e421   Thumb Code     0  rt_errno_addr_intlibspace.o(.text)
    __rt_errno_addr$intlibspace              0x0800e421   Thumb Code     0  rt_errno_addr_intlibspace.o(.text)
    __user_libspace                          0x0800e429   Thumb Code     8  libspace.o(.text)
    __user_perproc_libspace                  0x0800e429   Thumb Code     0  libspace.o(.text)
    __user_perthread_libspace                0x0800e429   Thumb Code     0  libspace.o(.text)
    __user_setup_stackheap                   0x0800e431   Thumb Code    74  sys_stackheap_outer.o(.text)
    exit                                     0x0800e47b   Thumb Code    12  exit.o(.text)
    _sys_exit                                0x0800e489   Thumb Code     8  sys_exit.o(.text)
    __I$use$semihosting                      0x0800e495   Thumb Code     0  use_no_semi.o(.text)
    __use_no_semihosting_swi                 0x0800e495   Thumb Code     2  use_no_semi.o(.text)
    __ARM_fpclassify                         0x0800e497   Thumb Code    40  fpclassify.o(i.__ARM_fpclassify)
    __semihosting_library_function           0x0800e497   Thumb Code     0  indicate_semi.o(.text)
    __kernel_poly                            0x0800e4bf   Thumb Code   170  poly.o(i.__kernel_poly)
    __mathlib_dbl_underflow                  0x0800e569   Thumb Code    10  dunder.o(i.__mathlib_dbl_underflow)
    pow                                      0x0800e579   Thumb Code  2510  pow.o(i.pow)
    sqrt                                     0x0800ef59   Thumb Code    76  sqrt.o(i.sqrt)
    __aeabi_d2f                              0x0800efa5   Thumb Code     0  d2f.o(x$fpl$d2f)
    _d2f                                     0x0800efa5   Thumb Code    98  d2f.o(x$fpl$d2f)
    __aeabi_dadd                             0x0800f009   Thumb Code     0  daddsub_clz.o(x$fpl$dadd)
    _dadd                                    0x0800f009   Thumb Code   332  daddsub_clz.o(x$fpl$dadd)
    __fpl_dcheck_NaN1                        0x0800f159   Thumb Code    10  dcheck1.o(x$fpl$dcheck1)
    __fpl_dcmp_Inf                           0x0800f169   Thumb Code    24  dcmpi.o(x$fpl$dcmpinf)
    __aeabi_ddiv                             0x0800f181   Thumb Code     0  ddiv.o(x$fpl$ddiv)
    _ddiv                                    0x0800f181   Thumb Code   552  ddiv.o(x$fpl$ddiv)
    __aeabi_d2iz                             0x0800f431   Thumb Code     0  dfix.o(x$fpl$dfix)
    _dfix                                    0x0800f431   Thumb Code    94  dfix.o(x$fpl$dfix)
    __aeabi_i2d                              0x0800f48f   Thumb Code     0  dflt_clz.o(x$fpl$dflt)
    _dflt                                    0x0800f48f   Thumb Code    46  dflt_clz.o(x$fpl$dflt)
    __aeabi_cdcmple                          0x0800f4bd   Thumb Code     0  dleqf.o(x$fpl$dleqf)
    _dcmple                                  0x0800f4bd   Thumb Code   120  dleqf.o(x$fpl$dleqf)
    __fpl_dcmple_InfNaN                      0x0800f51f   Thumb Code     0  dleqf.o(x$fpl$dleqf)
    __aeabi_dmul                             0x0800f535   Thumb Code     0  dmul.o(x$fpl$dmul)
    _dmul                                    0x0800f535   Thumb Code   332  dmul.o(x$fpl$dmul)
    __fpl_dnaninf                            0x0800f689   Thumb Code   156  dnaninf.o(x$fpl$dnaninf)
    __fpl_dretinf                            0x0800f725   Thumb Code    12  dretinf.o(x$fpl$dretinf)
    __aeabi_cdrcmple                         0x0800f731   Thumb Code     0  drleqf.o(x$fpl$drleqf)
    _drcmple                                 0x0800f731   Thumb Code   108  drleqf.o(x$fpl$drleqf)
    __aeabi_drsub                            0x0800f79d   Thumb Code     0  daddsub_clz.o(x$fpl$drsb)
    _drsb                                    0x0800f79d   Thumb Code    22  daddsub_clz.o(x$fpl$drsb)
    _dsqrt                                   0x0800f7b5   Thumb Code   456  dsqrt_noumaal.o(x$fpl$dsqrt)
    __aeabi_dsub                             0x0800f981   Thumb Code     0  daddsub_clz.o(x$fpl$dsub)
    _dsub                                    0x0800f981   Thumb Code   464  daddsub_clz.o(x$fpl$dsub)
    __aeabi_f2d                              0x0800fb55   Thumb Code     0  f2d.o(x$fpl$f2d)
    _f2d                                     0x0800fb55   Thumb Code    86  f2d.o(x$fpl$f2d)
    __aeabi_fadd                             0x0800fbad   Thumb Code     0  faddsub_clz.o(x$fpl$fadd)
    _fadd                                    0x0800fbad   Thumb Code   196  faddsub_clz.o(x$fpl$fadd)
    __fpl_fcmp_Inf                           0x0800fc71   Thumb Code    24  fcmpi.o(x$fpl$fcmpinf)
    __aeabi_fdiv                             0x0800fc89   Thumb Code     0  fdiv.o(x$fpl$fdiv)
    _fdiv                                    0x0800fc89   Thumb Code   384  fdiv.o(x$fpl$fdiv)
    __aeabi_f2iz                             0x0800fe0d   Thumb Code     0  ffix.o(x$fpl$ffix)
    _ffix                                    0x0800fe0d   Thumb Code    54  ffix.o(x$fpl$ffix)
    __aeabi_f2uiz                            0x0800fe45   Thumb Code     0  ffixu.o(x$fpl$ffixu)
    _ffixu                                   0x0800fe45   Thumb Code    62  ffixu.o(x$fpl$ffixu)
    __aeabi_i2f                              0x0800fe85   Thumb Code     0  fflt_clz.o(x$fpl$fflt)
    _fflt                                    0x0800fe85   Thumb Code    48  fflt_clz.o(x$fpl$fflt)
    __aeabi_cfcmple                          0x0800feb5   Thumb Code     0  fleqf.o(x$fpl$fleqf)
    _fcmple                                  0x0800feb5   Thumb Code   104  fleqf.o(x$fpl$fleqf)
    __fpl_fcmple_InfNaN                      0x0800ff07   Thumb Code     0  fleqf.o(x$fpl$fleqf)
    __aeabi_fmul                             0x0800ff1d   Thumb Code     0  fmul.o(x$fpl$fmul)
    _fmul                                    0x0800ff1d   Thumb Code   258  fmul.o(x$fpl$fmul)
    __fpl_fnaninf                            0x0801001f   Thumb Code   140  fnaninf.o(x$fpl$fnaninf)
    __fpl_fretinf                            0x080100ab   Thumb Code    10  fretinf.o(x$fpl$fretinf)
    __aeabi_cfrcmple                         0x080100b5   Thumb Code     0  frleqf.o(x$fpl$frleqf)
    _frcmple                                 0x080100b5   Thumb Code    98  frleqf.o(x$fpl$frleqf)
    __aeabi_fsub                             0x08010119   Thumb Code     0  faddsub_clz.o(x$fpl$fsub)
    _fsub                                    0x08010119   Thumb Code   234  faddsub_clz.o(x$fpl$fsub)
    __fpl_return_NaN                         0x08010203   Thumb Code   100  retnan.o(x$fpl$retnan)
    __ARM_scalbn                             0x08010267   Thumb Code    92  scalbn.o(x$fpl$scalbn)
    __fpl_cmpreturn                          0x080102c3   Thumb Code    48  trapv.o(x$fpl$trapveneer)
    __I$use$fp                               0x080102f2   Number         0  usenofp.o(x$fpl$usenofp)
    ascii                                    0x080102f2   Data         256  main.o(.constdata)
    asci1                                    0x080103f2   Data         256  main.o(.constdata)
    asci2                                    0x080104f2   Data         256  main.o(.constdata)
    OSUnMapTbl                               0x080105f2   Data         256  os_core.o(.constdata)
    OSDebugEn                                0x080106f4   Data           2  os_dbg.o(.constdata)
    OSEndiannessTest                         0x080106f8   Data           4  os_dbg.o(.constdata)
    OSEventEn                                0x080106fc   Data           2  os_dbg.o(.constdata)
    OSEventMax                               0x080106fe   Data           2  os_dbg.o(.constdata)
    OSEventNameEn                            0x08010700   Data           2  os_dbg.o(.constdata)
    OSEventSize                              0x08010702   Data           2  os_dbg.o(.constdata)
    OSEventTblSize                           0x08010704   Data           2  os_dbg.o(.constdata)
    OSEventMultiEn                           0x08010706   Data           2  os_dbg.o(.constdata)
    OSFlagEn                                 0x08010708   Data           2  os_dbg.o(.constdata)
    OSFlagGrpSize                            0x0801070a   Data           2  os_dbg.o(.constdata)
    OSFlagNodeSize                           0x0801070c   Data           2  os_dbg.o(.constdata)
    OSFlagWidth                              0x0801070e   Data           2  os_dbg.o(.constdata)
    OSFlagMax                                0x08010710   Data           2  os_dbg.o(.constdata)
    OSFlagNameEn                             0x08010712   Data           2  os_dbg.o(.constdata)
    OSLowestPrio                             0x08010714   Data           2  os_dbg.o(.constdata)
    OSMboxEn                                 0x08010716   Data           2  os_dbg.o(.constdata)
    OSMemEn                                  0x08010718   Data           2  os_dbg.o(.constdata)
    OSMemMax                                 0x0801071a   Data           2  os_dbg.o(.constdata)
    OSMemNameEn                              0x0801071c   Data           2  os_dbg.o(.constdata)
    OSMemSize                                0x0801071e   Data           2  os_dbg.o(.constdata)
    OSMemTblSize                             0x08010720   Data           2  os_dbg.o(.constdata)
    OSMutexEn                                0x08010722   Data           2  os_dbg.o(.constdata)
    OSPtrSize                                0x08010724   Data           2  os_dbg.o(.constdata)
    OSQEn                                    0x08010726   Data           2  os_dbg.o(.constdata)
    OSQMax                                   0x08010728   Data           2  os_dbg.o(.constdata)
    OSQSize                                  0x0801072a   Data           2  os_dbg.o(.constdata)
    OSRdyTblSize                             0x0801072c   Data           2  os_dbg.o(.constdata)
    OSSemEn                                  0x0801072e   Data           2  os_dbg.o(.constdata)
    OSStkWidth                               0x08010730   Data           2  os_dbg.o(.constdata)
    OSTaskCreateEn                           0x08010732   Data           2  os_dbg.o(.constdata)
    OSTaskCreateExtEn                        0x08010734   Data           2  os_dbg.o(.constdata)
    OSTaskDelEn                              0x08010736   Data           2  os_dbg.o(.constdata)
    OSTaskIdleStkSize                        0x08010738   Data           2  os_dbg.o(.constdata)
    OSTaskProfileEn                          0x0801073a   Data           2  os_dbg.o(.constdata)
    OSTaskMax                                0x0801073c   Data           2  os_dbg.o(.constdata)
    OSTaskNameEn                             0x0801073e   Data           2  os_dbg.o(.constdata)
    OSTaskStatEn                             0x08010740   Data           2  os_dbg.o(.constdata)
    OSTaskStatStkSize                        0x08010742   Data           2  os_dbg.o(.constdata)
    OSTaskStatStkChkEn                       0x08010744   Data           2  os_dbg.o(.constdata)
    OSTaskSwHookEn                           0x08010746   Data           2  os_dbg.o(.constdata)
    OSTaskRegTblSize                         0x08010748   Data           2  os_dbg.o(.constdata)
    OSTCBPrioTblMax                          0x0801074a   Data           2  os_dbg.o(.constdata)
    OSTCBSize                                0x0801074c   Data           2  os_dbg.o(.constdata)
    OSTicksPerSec                            0x0801074e   Data           2  os_dbg.o(.constdata)
    OSTimeTickHookEn                         0x08010750   Data           2  os_dbg.o(.constdata)
    OSVersionNbr                             0x08010752   Data           2  os_dbg.o(.constdata)
    OSTmrEn                                  0x08010754   Data           2  os_dbg.o(.constdata)
    OSTmrCfgMax                              0x08010756   Data           2  os_dbg.o(.constdata)
    OSTmrCfgNameEn                           0x08010758   Data           2  os_dbg.o(.constdata)
    OSTmrCfgWheelSize                        0x0801075a   Data           2  os_dbg.o(.constdata)
    OSTmrCfgTicksPerSec                      0x0801075c   Data           2  os_dbg.o(.constdata)
    OSTmrSize                                0x0801075e   Data           2  os_dbg.o(.constdata)
    OSTmrTblSize                             0x08010760   Data           2  os_dbg.o(.constdata)
    OSTmrWheelSize                           0x08010762   Data           2  os_dbg.o(.constdata)
    OSTmrWheelTblSize                        0x08010764   Data           2  os_dbg.o(.constdata)
    OSDataSize                               0x08010766   Data           2  os_dbg.o(.constdata)
    TBL_out                                  0x0801077c   Data        4000  user.o(.constdata)
    TemTblJ                                  0x0801171c   Data         140  user.o(.constdata)
    TemTblK                                  0x080117a8   Data         140  user.o(.constdata)
    TemTblNTC                                0x08011834   Data         132  user.o(.constdata)
    __mathlib_zero                           0x08011940   Data           8  qnan.o(.constdata)
    Region$$Table$$Base                      0x08011948   Number         0  anon$$obj.o(Region$$Table)
    Region$$Table$$Limit                     0x08011968   Number         0  anon$$obj.o(Region$$Table)
    OSCtxSwCtr                               0x20000004   Data           4  os_core.o(.data)
    OSEventFreeList                          0x20000008   Data           4  os_core.o(.data)
    OSFlagFreeList                           0x2000000c   Data           4  os_core.o(.data)
    OSCPUUsage                               0x20000010   Data           1  os_core.o(.data)
    OSIdleCtrMax                             0x20000014   Data           4  os_core.o(.data)
    OSIdleCtrRun                             0x20000018   Data           4  os_core.o(.data)
    OSStatRdy                                0x2000001c   Data           1  os_core.o(.data)
    OSIntNesting                             0x2000001d   Data           1  os_core.o(.data)
    OSLockNesting                            0x2000001e   Data           1  os_core.o(.data)
    OSPrioCur                                0x2000001f   Data           1  os_core.o(.data)
    OSPrioHighRdy                            0x20000020   Data           1  os_core.o(.data)
    OSRdyGrp                                 0x20000021   Data           1  os_core.o(.data)
    OSRdyTbl                                 0x20000022   Data           4  os_core.o(.data)
    OSRunning                                0x20000026   Data           1  os_core.o(.data)
    OSTaskCtr                                0x20000027   Data           1  os_core.o(.data)
    OSIdleCtr                                0x20000028   Data           4  os_core.o(.data)
    OSTCBCur                                 0x2000002c   Data           4  os_core.o(.data)
    OSTCBFreeList                            0x20000030   Data           4  os_core.o(.data)
    OSTCBHighRdy                             0x20000034   Data           4  os_core.o(.data)
    OSTCBList                                0x20000038   Data           4  os_core.o(.data)
    OSTickStepState                          0x2000003c   Data           1  os_core.o(.data)
    OSTime                                   0x20000040   Data           4  os_core.o(.data)
    TaskStartStkPID1                         0x20000070   Data        2200  main.o(.bss)
    TaskStartStkPID2                         0x20000908   Data        2200  main.o(.bss)
    TaskStartStkPID3                         0x200011a0   Data        2200  main.o(.bss)
    TaskStartStkPID4                         0x20001a38   Data        2200  main.o(.bss)
    TaskStkPID                               0x200022d0   Data        1800  main.o(.bss)
    TaskStartStkSaveData                     0x200029d8   Data        1800  main.o(.bss)
    TaskStartStkDisplay                      0x200030e0   Data        1800  main.o(.bss)
    SS1                                      0x200037e8   Data          20  main.o(.bss)
    SYS                                      0x200037fc   Data         144  main.o(.bss)
    SYS0                                     0x2000388c   Data          74  main.o(.bss)
    Reg3Data                                 0x200038d6   Data          80  main.o(.bss)
    Reg4Data                                 0x20003926   Data         400  main.o(.bss)
    CHdata1                                  0x20003ab8   Data         204  main.o(.bss)
    CHdata2                                  0x20003b84   Data         204  main.o(.bss)
    CHdata3                                  0x20003c50   Data         204  main.o(.bss)
    CHdata4                                  0x20003d1c   Data         204  main.o(.bss)
    TurnData1                                0x20003de8   Data          36  main.o(.bss)
    TurnData2                                0x20003e0c   Data          36  main.o(.bss)
    TurnData3                                0x20003e30   Data          36  main.o(.bss)
    TurnData4                                0x20003e54   Data          36  main.o(.bss)
    SYS1                                     0x20003e78   Data         260  main.o(.bss)
    OSEventTbl                               0x20003f7c   Data         400  os_core.o(.bss)
    OSFlagTbl                                0x2000410c   Data          80  os_core.o(.bss)
    OSTaskStatStk                            0x2000415c   Data         512  os_core.o(.bss)
    OSTaskIdleStk                            0x2000435c   Data         512  os_core.o(.bss)
    OSTCBPrioTbl                             0x2000455c   Data         128  os_core.o(.bss)
    OSTCBTbl                                 0x200045dc   Data        1056  os_core.o(.bss)
    __libspace_start                         0x200049fc   Data          96  libspace.o(.bss)
    __temporary_stack_top$libspace           0x20004a5c   Data           0  libspace.o(.bss)



==============================================================================

Memory Map of the image

  Image Entry point : 0x080000ed

  Load Region LR_IROM1 (Base: 0x08000000, Size: 0x000119d8, Max: 0x00020000, ABSOLUTE)

    Execution Region ER_IROM1 (Base: 0x08000000, Size: 0x00011968, Max: 0x00020000, ABSOLUTE)

    Base Addr    Size         Type   Attr      Idx    E Section Name        Object

    0x08000000   0x000000ec   Data   RO          478    RESET               stm32f10x.o
    0x080000ec   0x00000008   Code   RO          510  * !!!main             c_w.l(__main.o)
    0x080000f4   0x00000034   Code   RO          779    !!!scatter          c_w.l(__scatter.o)
    0x08000128   0x0000001a   Code   RO          781    !!handler_copy      c_w.l(__scatter_copy.o)
    0x08000142   0x00000002   PAD
    0x08000144   0x0000001c   Code   RO          783    !!handler_zi        c_w.l(__scatter_zi.o)
    0x08000160   0x00000002   Code   RO          649    .ARM.Collect$$libinit$$00000000  c_w.l(libinit.o)
    0x08000162   0x00000000   Code   RO          657    .ARM.Collect$$libinit$$00000002  c_w.l(libinit2.o)
    0x08000162   0x00000000   Code   RO          660    .ARM.Collect$$libinit$$00000008  c_w.l(libinit2.o)
    0x08000162   0x00000000   Code   RO          662    .ARM.Collect$$libinit$$0000000A  c_w.l(libinit2.o)
    0x08000162   0x00000000   Code   RO          664    .ARM.Collect$$libinit$$0000000C  c_w.l(libinit2.o)
    0x08000162   0x00000000   Code   RO          667    .ARM.Collect$$libinit$$0000000F  c_w.l(libinit2.o)
    0x08000162   0x00000000   Code   RO          669    .ARM.Collect$$libinit$$00000011  c_w.l(libinit2.o)
    0x08000162   0x00000000   Code   RO          671    .ARM.Collect$$libinit$$00000013  c_w.l(libinit2.o)
    0x08000162   0x00000000   Code   RO          673    .ARM.Collect$$libinit$$00000015  c_w.l(libinit2.o)
    0x08000162   0x00000000   Code   RO          675    .ARM.Collect$$libinit$$00000017  c_w.l(libinit2.o)
    0x08000162   0x00000000   Code   RO          677    .ARM.Collect$$libinit$$00000019  c_w.l(libinit2.o)
    0x08000162   0x00000000   Code   RO          679    .ARM.Collect$$libinit$$0000001B  c_w.l(libinit2.o)
    0x08000162   0x00000000   Code   RO          681    .ARM.Collect$$libinit$$0000001D  c_w.l(libinit2.o)
    0x08000162   0x00000000   Code   RO          683    .ARM.Collect$$libinit$$0000001F  c_w.l(libinit2.o)
    0x08000162   0x00000000   Code   RO          685    .ARM.Collect$$libinit$$00000021  c_w.l(libinit2.o)
    0x08000162   0x00000000   Code   RO          687    .ARM.Collect$$libinit$$00000023  c_w.l(libinit2.o)
    0x08000162   0x00000000   Code   RO          691    .ARM.Collect$$libinit$$0000002A  c_w.l(libinit2.o)
    0x08000162   0x00000000   Code   RO          693    .ARM.Collect$$libinit$$0000002C  c_w.l(libinit2.o)
    0x08000162   0x00000000   Code   RO          695    .ARM.Collect$$libinit$$0000002E  c_w.l(libinit2.o)
    0x08000162   0x00000000   Code   RO          697    .ARM.Collect$$libinit$$00000030  c_w.l(libinit2.o)
    0x08000162   0x00000002   Code   RO          698    .ARM.Collect$$libinit$$00000031  c_w.l(libinit2.o)
    0x08000164   0x00000002   Code   RO          720    .ARM.Collect$$libshutdown$$00000000  c_w.l(libshutdown.o)
    0x08000166   0x00000000   Code   RO          734    .ARM.Collect$$libshutdown$$00000003  c_w.l(libshutdown2.o)
    0x08000166   0x00000000   Code   RO          737    .ARM.Collect$$libshutdown$$00000006  c_w.l(libshutdown2.o)
    0x08000166   0x00000000   Code   RO          740    .ARM.Collect$$libshutdown$$00000009  c_w.l(libshutdown2.o)
    0x08000166   0x00000000   Code   RO          742    .ARM.Collect$$libshutdown$$0000000B  c_w.l(libshutdown2.o)
    0x08000166   0x00000000   Code   RO          745    .ARM.Collect$$libshutdown$$0000000E  c_w.l(libshutdown2.o)
    0x08000166   0x00000002   Code   RO          746    .ARM.Collect$$libshutdown$$0000000F  c_w.l(libshutdown2.o)
    0x08000168   0x00000000   Code   RO          578    .ARM.Collect$$rtentry$$00000000  c_w.l(rtentry.o)
    0x08000168   0x00000000   Code   RO          612    .ARM.Collect$$rtentry$$00000002  c_w.l(rtentry2.o)
    0x08000168   0x00000006   Code   RO          624    .ARM.Collect$$rtentry$$00000004  c_w.l(rtentry4.o)
    0x0800016e   0x00000000   Code   RO          614    .ARM.Collect$$rtentry$$00000009  c_w.l(rtentry2.o)
    0x0800016e   0x00000004   Code   RO          615    .ARM.Collect$$rtentry$$0000000A  c_w.l(rtentry2.o)
    0x08000172   0x00000000   Code   RO          617    .ARM.Collect$$rtentry$$0000000C  c_w.l(rtentry2.o)
    0x08000172   0x00000008   Code   RO          618    .ARM.Collect$$rtentry$$0000000D  c_w.l(rtentry2.o)
    0x0800017a   0x00000002   Code   RO          654    .ARM.Collect$$rtexit$$00000000  c_w.l(rtexit.o)
    0x0800017c   0x00000000   Code   RO          702    .ARM.Collect$$rtexit$$00000002  c_w.l(rtexit2.o)
    0x0800017c   0x00000004   Code   RO          703    .ARM.Collect$$rtexit$$00000003  c_w.l(rtexit2.o)
    0x08000180   0x00000006   Code   RO          704    .ARM.Collect$$rtexit$$00000004  c_w.l(rtexit2.o)
    0x08000186   0x00000002   PAD
    0x08000188   0x000026bc   Code   RO            1    .text               main.o
    0x08002844   0x00004b98   Code   RO           88    .text               user1.o
    0x080073dc   0x00000c30   Code   RO          107    .text               user2.o
    0x0800800c   0x00000c5c   Code   RO          119    .text               os_core.o
    0x08008c68   0x000000f2   Code   RO          142    .text               os_cpu_c.o
    0x08008d5a   0x00000002   PAD
    0x08008d5c   0x00000118   Code   RO          161    .text               os_dbg.o
    0x08008e74   0x00000820   Code   RO          180    .text               os_flag.o
    0x08009694   0x000003b8   Code   RO          222    .text               os_sem.o
    0x08009a4c   0x00000828   Code   RO          234    .text               os_task.o
    0x0800a274   0x000001a4   Code   RO          246    .text               os_time.o
    0x0800a418   0x00000430   Code   RO          264    .text               stm32f10x_adc.o
    0x0800a848   0x0000023c   Code   RO          294    .text               stm32f10x_dma.o
    0x0800aa84   0x00000124   Code   RO          309    .text               stm32f10x_exti.o
    0x0800aba8   0x00000530   Code   RO          324    .text               stm32f10x_flash.o
    0x0800b0d8   0x00000328   Code   RO          339    .text               stm32f10x_gpio.o
    0x0800b400   0x000003e0   Code   RO          394    .text               stm32f10x_nvic.o
    0x0800b7e0   0x000003b8   Code   RO          406    .text               stm32f10x_rcc.o
    0x0800bb98   0x000000c2   Code   RO          433    .text               stm32f10x_systick.o
    0x0800bc5a   0x00000002   PAD
    0x0800bc5c   0x00000bac   Code   RO          445    .text               stm32f10x_tim.o
    0x0800c808   0x00000370   Code   RO          457    .text               stm32f10x_usart.o
    0x0800cb78   0x0000007a   Code   RO          469    .text               cortexm3_macro.o
    0x0800cbf2   0x00000002   PAD
    0x0800cbf4   0x000000a4   Code   RO          473    .text               os_cpu_a.o
    0x0800cc98   0x00000038   Code   RO          479    .text               stm32f10x.o
    0x0800ccd0   0x00000458   Code   RO          483    .text               at24c16.o
    0x0800d128   0x00000dc8   Code   RO          495    .text               stm32f10x.lib(lib.o)
    0x0800def0   0x000004c4   Code   RO          498    .text               stm32f10x.lib(user.o)
    0x0800e3b4   0x0000004e   Code   RO          504    .text               c_w.l(rt_memclr_w.o)
    0x0800e402   0x00000006   Code   RO          506    .text               c_w.l(heapauxi.o)
    0x0800e408   0x00000002   Code   RO          508    .text               c_w.l(compat_c99.o)
    0x0800e40a   0x00000016   Code   RO          579    .text               c_w.l(_rserrno.o)
    0x0800e420   0x00000008   Code   RO          629    .text               c_w.l(rt_errno_addr_intlibspace.o)
    0x0800e428   0x00000008   Code   RO          637    .text               c_w.l(libspace.o)
    0x0800e430   0x0000004a   Code   RO          640    .text               c_w.l(sys_stackheap_outer.o)
    0x0800e47a   0x0000000c   Code   RO          642    .text               c_w.l(exit.o)
    0x0800e486   0x00000002   PAD
    0x0800e488   0x0000000c   Code   RO          712    .text               c_w.l(sys_exit.o)
    0x0800e494   0x00000002   Code   RO          723    .text               c_w.l(use_no_semi.o)
    0x0800e496   0x00000000   Code   RO          725    .text               c_w.l(indicate_semi.o)
    0x0800e496   0x00000028   Code   RO          598    i.__ARM_fpclassify  m_ws.l(fpclassify.o)
    0x0800e4be   0x000000aa   Code   RO          600    i.__kernel_poly     m_ws.l(poly.o)
    0x0800e568   0x00000010   Code   RO          596    i.__mathlib_dbl_underflow  m_ws.l(dunder.o)
    0x0800e578   0x000009e0   Code   RO          569    i.pow               m_ws.l(pow.o)
    0x0800ef58   0x0000004c   Code   RO          604    i.sqrt              m_ws.l(sqrt.o)
    0x0800efa4   0x00000062   Code   RO          512    x$fpl$d2f           fz_ws.l(d2f.o)
    0x0800f006   0x00000002   PAD
    0x0800f008   0x00000150   Code   RO          514    x$fpl$dadd          fz_ws.l(daddsub_clz.o)
    0x0800f158   0x00000010   Code   RO          631    x$fpl$dcheck1       fz_ws.l(dcheck1.o)
    0x0800f168   0x00000018   Code   RO          650    x$fpl$dcmpinf       fz_ws.l(dcmpi.o)
    0x0800f180   0x000002b0   Code   RO          521    x$fpl$ddiv          fz_ws.l(ddiv.o)
    0x0800f430   0x0000005e   Code   RO          524    x$fpl$dfix          fz_ws.l(dfix.o)
    0x0800f48e   0x0000002e   Code   RO          529    x$fpl$dflt          fz_ws.l(dflt_clz.o)
    0x0800f4bc   0x00000078   Code   RO          633    x$fpl$dleqf         fz_ws.l(dleqf.o)
    0x0800f534   0x00000154   Code   RO          534    x$fpl$dmul          fz_ws.l(dmul.o)
    0x0800f688   0x0000009c   Code   RO          581    x$fpl$dnaninf       fz_ws.l(dnaninf.o)
    0x0800f724   0x0000000c   Code   RO          583    x$fpl$dretinf       fz_ws.l(dretinf.o)
    0x0800f730   0x0000006c   Code   RO          585    x$fpl$drleqf        fz_ws.l(drleqf.o)
    0x0800f79c   0x00000016   Code   RO          515    x$fpl$drsb          fz_ws.l(daddsub_clz.o)
    0x0800f7b2   0x00000002   PAD
    0x0800f7b4   0x000001cc   Code   RO          635    x$fpl$dsqrt         fz_ws.l(dsqrt_noumaal.o)
    0x0800f980   0x000001d4   Code   RO          516    x$fpl$dsub          fz_ws.l(daddsub_clz.o)
    0x0800fb54   0x00000056   Code   RO          536    x$fpl$f2d           fz_ws.l(f2d.o)
    0x0800fbaa   0x00000002   PAD
    0x0800fbac   0x000000c4   Code   RO          538    x$fpl$fadd          fz_ws.l(faddsub_clz.o)
    0x0800fc70   0x00000018   Code   RO          587    x$fpl$fcmpinf       fz_ws.l(fcmpi.o)
    0x0800fc88   0x00000184   Code   RO          545    x$fpl$fdiv          fz_ws.l(fdiv.o)
    0x0800fe0c   0x00000036   Code   RO          548    x$fpl$ffix          fz_ws.l(ffix.o)
    0x0800fe42   0x00000002   PAD
    0x0800fe44   0x0000003e   Code   RO          552    x$fpl$ffixu         fz_ws.l(ffixu.o)
    0x0800fe82   0x00000002   PAD
    0x0800fe84   0x00000030   Code   RO          557    x$fpl$fflt          fz_ws.l(fflt_clz.o)
    0x0800feb4   0x00000068   Code   RO          562    x$fpl$fleqf         fz_ws.l(fleqf.o)
    0x0800ff1c   0x00000102   Code   RO          564    x$fpl$fmul          fz_ws.l(fmul.o)
    0x0801001e   0x0000008c   Code   RO          589    x$fpl$fnaninf       fz_ws.l(fnaninf.o)
    0x080100aa   0x0000000a   Code   RO          591    x$fpl$fretinf       fz_ws.l(fretinf.o)
    0x080100b4   0x00000062   Code   RO          566    x$fpl$frleqf        fz_ws.l(frleqf.o)
    0x08010116   0x00000002   PAD
    0x08010118   0x000000ea   Code   RO          540    x$fpl$fsub          fz_ws.l(faddsub_clz.o)
    0x08010202   0x00000064   Code   RO          652    x$fpl$retnan        fz_ws.l(retnan.o)
    0x08010266   0x0000005c   Code   RO          593    x$fpl$scalbn        fz_ws.l(scalbn.o)
    0x080102c2   0x00000030   Code   RO          699    x$fpl$trapveneer    fz_ws.l(trapv.o)
    0x080102f2   0x00000000   Code   RO          595    x$fpl$usenofp       fz_ws.l(usenofp.o)
    0x080102f2   0x00000300   Data   RO            3    .constdata          main.o
    0x080105f2   0x00000100   Data   RO          121    .constdata          os_core.o
    0x080106f2   0x00000002   PAD
    0x080106f4   0x00000074   Data   RO          162    .constdata          os_dbg.o
    0x08010768   0x00000014   Data   RO          407    .constdata          stm32f10x_rcc.o
    0x0801077c   0x0000113c   Data   RO          499    .constdata          stm32f10x.lib(user.o)
    0x080118b8   0x00000088   Data   RO          570    .constdata          m_ws.l(pow.o)
    0x08011940   0x00000008   Data   RO          602    .constdata          m_ws.l(qnan.o)
    0x08011948   0x00000020   Data   RO          777    Region$$Table       anon$$obj.o


    Execution Region RW_IRAM1 (Base: 0x20000000, Size: 0x00004e60, Max: 0x00005000, ABSOLUTE)

    Base Addr    Size         Type   Attr      Idx    E Section Name        Object

    0x20000000   0x00000001   Data   RW           89    .data               user1.o
    0x20000001   0x00000003   PAD
    0x20000004   0x00000040   Data   RW          122    .data               os_core.o
    0x20000044   0x00000005   Data   RW          408    .data               stm32f10x_rcc.o
    0x20000049   0x00000003   PAD
    0x2000004c   0x00000010   Data   RW          496    .data               stm32f10x.lib(lib.o)
    0x2000005c   0x00000014   Data   RW          500    .data               stm32f10x.lib(user.o)
    0x20000070   0x00003f0c   Zero   RW            2    .bss                main.o
    0x20003f7c   0x00000a80   Zero   RW          120    .bss                os_core.o
    0x200049fc   0x00000060   Zero   RW          638    .bss                c_w.l(libspace.o)
    0x20004a5c   0x00000004   PAD
    0x20004a60   0x00000200   Zero   RW          477    HEAP                stm32f10x.o
    0x20004c60   0x00000200   Zero   RW          476    STACK               stm32f10x.o


==============================================================================

Image component sizes


      Code (inc. data)   RO Data    RW Data    ZI Data      Debug   Object Name

      1112         10          0          0          0       2812   at24c16.o
       122          0          0          0          0        324   cortexm3_macro.o
      9916        554        768          0      16140      90200   main.o
      3164        238        256         64       2688      18993   os_core.o
       164         32          0          0          0        256   os_cpu_a.o
       242          0          0          0          0      12816   os_cpu_c.o
       280        184        116          0          0      11783   os_dbg.o
      2080         42          0          0          0       6608   os_flag.o
       952         22          0          0          0       3738   os_sem.o
      2088         72          0          0          0       7335   os_task.o
       420         24          0          0          0       1690   os_time.o
        56         22        236          0       1024        716   stm32f10x.o
      1072         20          0          0          0      43229   stm32f10x_adc.o
       572         16          0          0          0      12575   stm32f10x_dma.o
       292         10          0          0          0       3919   stm32f10x_exti.o
      1328         34          0          0          0      11014   stm32f10x_flash.o
       808         16          0          0          0      11255   stm32f10x_gpio.o
         0          0          0          0          0      35864   stm32f10x_lib.o
       992         32          0          0          0       6960   stm32f10x_nvic.o
       952         60         20          5          0       8484   stm32f10x_rcc.o
       194          0          0          0          0       1517   stm32f10x_systick.o
      2988         16          0          0          0      23392   stm32f10x_tim.o
       880         12          0          0          0       7483   stm32f10x_usart.o
     19352        528          0          1          0      17380   user1.o
      3120        116          0          0          0       4100   user2.o

    ----------------------------------------------------------------------
     53152       2060       1430         76      19852     344443   Object Totals
         0          0         32          0          0          0   (incl. Generated)
         6          0          2          6          0          0   (incl. Padding)

    ----------------------------------------------------------------------

      Code (inc. data)   RO Data    RW Data    ZI Data      Debug   Library Member Name

         8          0          0          0          0         68   __main.o
        52          8          0          0          0          0   __scatter.o
        26          0          0          0          0          0   __scatter_copy.o
        28          0          0          0          0          0   __scatter_zi.o
        22          0          0          0          0        100   _rserrno.o
         2          0          0          0          0         68   compat_c99.o
        12          0          0          0          0         72   exit.o
         6          0          0          0          0        152   heapauxi.o
         0          0          0          0          0          0   indicate_semi.o
         2          0          0          0          0          0   libinit.o
         2          0          0          0          0          0   libinit2.o
         2          0          0          0          0          0   libshutdown.o
         2          0          0          0          0          0   libshutdown2.o
         8          4          0          0         96         68   libspace.o
         8          4          0          0          0         68   rt_errno_addr_intlibspace.o
        78          0          0          0          0         80   rt_memclr_w.o
         0          0          0          0          0          0   rtentry.o
        12          0          0          0          0          0   rtentry2.o
         6          0          0          0          0          0   rtentry4.o
         2          0          0          0          0          0   rtexit.o
        10          0          0          0          0          0   rtexit2.o
        12          4          0          0          0         68   sys_exit.o
        74          0          0          0          0         80   sys_stackheap_outer.o
         2          0          0          0          0         68   use_no_semi.o
        98          4          0          0          0         92   d2f.o
       826         16          0          0          0        348   daddsub_clz.o
        16          4          0          0          0         68   dcheck1.o
        24          0          0          0          0         68   dcmpi.o
       688        140          0          0          0        208   ddiv.o
        94          4          0          0          0         92   dfix.o
        46          0          0          0          0         68   dflt_clz.o
       120          4          0          0          0         92   dleqf.o
       340         12          0          0          0        104   dmul.o
       156          4          0          0          0         92   dnaninf.o
        12          0          0          0          0         68   dretinf.o
       108          0          0          0          0         80   drleqf.o
       460         56          0          0          0        120   dsqrt_noumaal.o
        86          4          0          0          0         84   f2d.o
       430          8          0          0          0        168   faddsub_clz.o
        24          0          0          0          0         68   fcmpi.o
       388         76          0          0          0         96   fdiv.o
        54          4          0          0          0         84   ffix.o
        62          4          0          0          0         84   ffixu.o
        48          0          0          0          0         68   fflt_clz.o
       104          4          0          0          0         84   fleqf.o
       258          4          0          0          0         84   fmul.o
       140          4          0          0          0         84   fnaninf.o
        10          0          0          0          0         68   fretinf.o
        98          0          0          0          0         68   frleqf.o
       100          0          0          0          0         68   retnan.o
        92          0          0          0          0         68   scalbn.o
        48          0          0          0          0         68   trapv.o
         0          0          0          0          0          0   usenofp.o
        16          6          0          0          0         68   dunder.o
        40          0          0          0          0         68   fpclassify.o
       170          0          0          0          0         96   poly.o
      2528        190        136          0          0        332   pow.o
         0          0          8          0          0          0   qnan.o
        76          0          0          0          0         84   sqrt.o
      3528        238          0         16          0        328   lib.o
      1220         42       4412         20          0        244   user.o

    ----------------------------------------------------------------------
     12902        848       4556         36        100       4856   Library Totals
        18          0          0          0          4          0   (incl. Padding)

    ----------------------------------------------------------------------

      Code (inc. data)   RO Data    RW Data    ZI Data      Debug   Library Name

       376         20          0          0         96        892   c_w.l
      4930        352          0          0          0       2744   fz_ws.l
      2830        196        144          0          0        648   m_ws.l
      4748        280       4412         36          0        572   stm32f10x.lib

    ----------------------------------------------------------------------
     12902        848       4556         36        100       4856   Library Totals

    ----------------------------------------------------------------------

==============================================================================


      Code (inc. data)   RO Data    RW Data    ZI Data      Debug   

     66054       2908       5986        112      19952     343943   Grand Totals
     66054       2908       5986        112      19952     343943   ELF Image Totals
     66054       2908       5986        112          0          0   ROM Totals

==============================================================================

    Total RO  Size (Code + RO Data)                72040 (  70.35kB)
    Total RW  Size (RW Data + ZI Data)             20064 (  19.59kB)
    Total ROM Size (Code + RO Data + RW Data)      72152 (  70.46kB)

==============================================================================

