<html>
<body>
<pre>
<h1>礦ision Build Log</h1>
<h2>Project:</h2>
D:\jiang\非标\CW301V2ofss\Project\MDKARM\ACR301V21.uvproj
Project File Date:  08/30/2017

<h2>Output:</h2>
Build target 'CW301V2.1'
linking...
Program Size: Code=29058 RO-data=5086 RW-data=140 ZI-data=2148  
FromELF: creating hex file...
After Build - User command #1: CopyHex_AT24XX.bat
D:\jiang\非标\CW301V2ofss\Project\MDKARM>copy Objects\CW301V21ofs.hex ..\HEX\CW301V21ofs.hex 
已复制         1 个文件。
".\Objects\CW301V21ofs.axf" - 0 Error(s), 0 Warning(s).
</pre>
</body>
</html>
