<html>
<body>
<pre>
<h1>礦ision Build Log</h1>
<h2>Project:</h2>
D:\jiang\非标\CW301V2ofset\Project\MDKARM\ACR301V21.uvproj
Project File Date:  04/24/2018

<h2>Output:</h2>
Build target 'CW301V2.1'
linking...
Program Size: Code=29138 RO-data=5086 RW-data=140 ZI-data=2148  
FromELF: creating hex file...
After Build - User command #1: CopyHex_AT24XX.bat
D:\jiang\非标\CW301V2ofset\Project\MDKARM>copy Objects\CW301V21ofs.hex ..\HEX\CW301V21ofs.hex 
已复制         1 个文件。
".\Objects\CW301V22ofs.axf" - 0 Error(s), 0 Warning(s).
Load "D:\\jiang\\非标\\CW301V2ofset\\Project\\MDKARM\\Objects\\CW301V22ofs.axf" 
Set JLink Project File to "D:\jiang\非标\CW301V2ofset\Project\MDKARM\JLinkSettings.ini"
* JLink Info: Device "STM32F103RB" selected (128 KB flash, 20 KB RAM).
 
JLink info:
------------
DLL: V4.90 , compiled Jul 28 2014 10:35:20
Firmware: J-Link V9 compiled Dec 16 2016 15:34:10
Hardware: V9.30
S/N : 59300616 
Feature(s) : RDI, FlashBP, FlashDL, JFlash, GDB 
 
* JLink Info: TotalIRLen = 9, IRPrint = 0x0011
* JLink Info: TotalIRLen = 9, IRPrint = 0x0011
* JLink Info: Found Cortex-M3 r1p1, Little endian.
* JLink Info: FPUnit: 6 code (BP) slots and 2 literal slots
* JLink Info: TPIU fitted.
ROMTableAddr = 0xE00FF003
 
Target info:
------------
Device: STM32F103RB
VTarget = 3.324V
State of Pins: 
TCK: 1, TDI: 0, TDO: 1, TMS: 0, TRES: 1, TRST: 1
Hardware-Breakpoints: 6
Software-Breakpoints: 8192
Watchpoints:          4
JTAG speed: 2000 kHz
 
Erase Done.
Programming Done.
Verify OK.
Application running ...
</pre>
</body>
</html>
01V2ofset\\Project\\MDKARM\\Objects\\CW301V22ofs.axf" 
Set JLink Project File to "D:\jiang\非标\CW301V2ofset\Project\MDKARM\JLinkSettings.ini"
* JLink Info: Device "STM32F103RB" selected (128 KB flash, 20 KB RAM).
 
JLink info:
------------
DLL: V4.90 , compiled Jul 28 2014 10:35:20
Firmware: J-Link V9 compiled Dec 16 2016 15:34:10
Hardware: V9.30
S/N : 59300616 
Feature(s) : RDI, FlashBP, FlashDL, JFlash, GDB 
 
* JLink Info: TotalIRLen = 9, IRPrint = 0x0011
* JLink Info: TotalIRLen = 9, IRPrint = 0x0011
* JLink Info: Found Cortex-M3 r1p1, Little endian.
* JLink Info: FPUnit: 6 code (BP) slots and 2 literal slots
* JLink Info: TPIU fitted.
ROMTableAddr = 0xE00FF003
 
Target info:
------------
Device: STM32F103RB
VTarget = 3.327V
State of Pins: 
TCK: 1, TDI: 0, TDO: 1, TMS: 0, TRES: 1, TRST: 1
Hardware-Breakpoints: 6
Software-Breakpoints: 8192
Watchpoints:          4
JTAG speed: 2000 kHz
 
Erase Done.
Programming Done.
Verify OK.
Application running ...
