<html>
<body>
<pre>
<h1>礦ision Build Log</h1>
<h2>Project:</h2>
D:\jiang\test\CW301V2.1\Project\MDKARM\ACR301V21.uvproj
Project File Date:  08/14/2017

<h2>Output:</h2>
Build target 'CW301V2.1'
compiling main.c...
compiling user.c...
compiling bps.c...
compiling lib.c...
compiling Taskmain1.c...
compiling Taskmain2.c...
compiling AT24CXX.c...
compiling stm32f10x_it.c...
compiling misc.c...
compiling stm32f10x_adc.c...
compiling stm32f10x_bkp.c...
compiling stm32f10x_can.c...
compiling stm32f10x_cec.c...
compiling stm32f10x_crc.c...
compiling stm32f10x_dac.c...
compiling stm32f10x_dbgmcu.c...
compiling stm32f10x_dma.c...
compiling stm32f10x_exti.c...
compiling stm32f10x_flash.c...
compiling stm32f10x_fsmc.c...
compiling stm32f10x_gpio.c...
compiling stm32f10x_i2c.c...
compiling stm32f10x_iwdg.c...
compiling stm32f10x_pwr.c...
compiling stm32f10x_rcc.c...
compiling stm32f10x_rtc.c...
compiling stm32f10x_sdio.c...
compiling stm32f10x_spi.c...
compiling stm32f10x_tim.c...
compiling stm32f10x_usart.c...
compiling stm32f10x_wwdg.c...
compiling core_cm3.c...
compiling system_stm32f10x.c...
assembling startup_stm32f10x_md.s...
linking...
Program Size: Code=28638 RO-data=5082 RW-data=140 ZI-data=2148  
FromELF: creating hex file...
After Build - User command #1: CopyHex_AT24XX.bat
D:\jiang\test\CW301V2.1\Project\MDKARM>copy Objects\CW301V21.hex ..\HEX\CW301V21.hex 
已复制         1 个文件。
".\Objects\CW301V21.axf" - 0 Error(s), 0 Warning(s).
