Component: ARM Compiler 5.06 update 1 (build 61) Tool: armlink [4d35a8]

==============================================================================

Section Cross References

    main.o(.text) refers (Special) to compat_c99.o(.text) for __use_c99_library
    main.o(.text) refers to main.o(.bss) for CHdata1
    main.o(.text) refers to stm32f10x_rcc.o(.text) for RCC_DeInit
    main.o(.text) refers to stm32f10x_flash.o(.text) for FLASH_PrefetchBufferCmd
    main.o(.text) refers to stm32f10x_gpio.o(.text) for GPIO_Init
    main.o(.text) refers to stm32f10x_nvic.o(.text) for NVIC_Init
    main.o(.text) refers to stm32f10x_usart.o(.text) for USART_Init
    main.o(.text) refers to stm32f10x_tim.o(.text) for TIM_TimeBaseInit
    main.o(.text) refers to os_time.o(.text) for OSTimeDly
    main.o(.text) refers to stm32f10x_systick.o(.text) for SysTick_SetReload
    main.o(.text) refers to stm32f10x_exti.o(.text) for EXTI_ClearITPendingBit
    main.o(.text) refers to stm32f10x_adc.o(.text) for ADC_Init
    main.o(.text) refers to main.o(.constdata) for asci1
    main.o(.text) refers to os_core.o(.text) for OSTimeTick
    main.o(.text) refers to os_cpu_a.o(.text) for OS_CPU_SR_Save
    main.o(.text) refers to user2.o(.text) for DisLED
    main.o(.text) refers to os_sem.o(.text) for OSSemPost
    main.o(.text) refers to stm32f10x_dma.o(.text) for DMA_DeInit
    main.o(.text) refers to os_core.o(.data) for OSIntNesting
    main.o(.text) refers to at24c16.o(.text) for CommIIC
    main.o(.text) refers to main.o(.data) for checkOff
    main.o(.text) refers to rt_memclr_w.o(.text) for __aeabi_memclr4
    main.o(.text) refers to os_task.o(.text) for OSTaskCreate
    main.o(.text) refers to user1.o(.text) for GetEnvTem
    main.o(.bss) refers (Special) to compat_c99.o(.text) for __use_c99_library
    main.o(.constdata) refers (Special) to compat_c99.o(.text) for __use_c99_library
    main.o(.data) refers (Special) to compat_c99.o(.text) for __use_c99_library
    user1.o(.text) refers (Special) to compat_c99.o(.text) for __use_c99_library
    user1.o(.text) refers to os_cpu_a.o(.text) for OS_CPU_SR_Save
    user1.o(.text) refers to user.o(.text) for Get1
    user1.o(.text) refers to dflt_clz.o(x$fpl$dfltu) for __aeabi_ui2d
    user1.o(.text) refers to dmul.o(x$fpl$dmul) for __aeabi_dmul
    user1.o(.text) refers to daddsub_clz.o(x$fpl$dadd) for __aeabi_dadd
    user1.o(.text) refers to dfixu.o(x$fpl$dfixu) for __aeabi_d2uiz
    user1.o(.text) refers to fflt_clz.o(x$fpl$fflt) for __aeabi_i2f
    user1.o(.text) refers to fmul.o(x$fpl$fmul) for __aeabi_fmul
    user1.o(.text) refers to fdiv.o(x$fpl$fdiv) for __aeabi_fdiv
    user1.o(.text) refers to ffixu.o(x$fpl$ffixu) for __aeabi_f2uiz
    user1.o(.text) refers to main.o(.bss) for SYS
    user1.o(.text) refers to user1.o(.data) for last
    user1.o(.text) refers to dflt_clz.o(x$fpl$dflt) for __aeabi_i2d
    user1.o(.text) refers to dfix.o(x$fpl$dfix) for __aeabi_d2iz
    user1.o(.text) refers to os_time.o(.text) for OSTimeDly
    user1.o(.text) refers to user2.o(.text) for PWM_OUT
    user1.o(.text) refers to os_sem.o(.text) for OSSemPost
    user1.o(.text) refers to os_task.o(.text) for OSTaskCreate
    user1.o(.text) refers to check.o(.text) for stTest_1
    user1.o(.text) refers to lib.o(.text) for ModData1
    user1.o(.text) refers to at24c16.o(.text) for CommIIC
    user1.o(.text) refers to faddsub_clz.o(x$fpl$fadd) for __aeabi_fadd
    user1.o(.text) refers to frleqf.o(x$fpl$frleqf) for __aeabi_cfrcmple
    user1.o(.text) refers to ffix.o(x$fpl$ffix) for __aeabi_f2iz
    user1.o(.text) refers to main.o(.data) for startDelay1
    user1.o(.text) refers to os_core.o(.data) for OSIntNesting
    user1.o(.text) refers to os_core.o(.text) for OSIntExit
    user1.o(.data) refers (Special) to compat_c99.o(.text) for __use_c99_library
    user2.o(.text) refers (Special) to compat_c99.o(.text) for __use_c99_library
    user2.o(.text) refers to os_time.o(.text) for OSTimeDly
    user2.o(.text) refers to stm32f10x_gpio.o(.text) for GPIO_ResetBits
    user2.o(.text) refers to stm32f10x_rcc.o(.text) for RCC_GetFlagStatus
    user2.o(.text) refers to at24c16.o(.text) for CommIIC
    user2.o(.text) refers to main.o(.bss) for CHdata1
    user2.o(.text) refers to main.o(.data) for checkOff
    user2.o(.text) refers to os_core.o(.text) for OSIntExit
    user2.o(.text) refers to user2.o(.constdata) for .constdata
    user2.o(.text) refers to os_core.o(.data) for OSIntNesting
    user2.o(.constdata) refers (Special) to compat_c99.o(.text) for __use_c99_library
    os_core.o(.text) refers (Special) to compat_c99.o(.text) for __use_c99_library
    os_core.o(.text) refers to os_cpu_a.o(.text) for OS_CPU_SR_Save
    os_core.o(.text) refers to os_core.o(.data) for OSIntNesting
    os_core.o(.text) refers to os_core.o(.constdata) for OSUnMapTbl
    os_core.o(.text) refers to os_core.o(.bss) for OSTCBPrioTbl
    os_core.o(.text) refers to os_task.o(.text) for OSTaskStkChk
[...]
    ResetManualTurn4                         0x080042bd   Thumb Code    62  user1.o(.text)
    TaskPID                                  0x080042fb   Thumb Code   142  user1.o(.text)
    TaskStartPID1                            0x08004389   Thumb Code  3340  user1.o(.text)
    TaskStartPID2                            0x08005095   Thumb Code  3346  user1.o(.text)
    TaskStartPID3                            0x08005da7   Thumb Code  3342  user1.o(.text)
    TaskStartPID4                            0x08006ab5   Thumb Code  3342  user1.o(.text)
    TIM2_IRQHandler                          0x080077c3   Thumb Code    92  user1.o(.text)
    TIM3_IRQHandler                          0x0800781f   Thumb Code   126  user1.o(.text)
    TIM4_IRQHandler                          0x0800789d   Thumb Code    88  user1.o(.text)
    TIM1_UP_IRQHandler                       0x080078f5   Thumb Code    88  user1.o(.text)
    EXTI0_IRQHandler                         0x0800794d   Thumb Code  1130  user1.o(.text)
    EXTI15_10_IRQHandler                     0x08007db7   Thumb Code  1104  user1.o(.text)
    delay                                    0x08008225   Thumb Code    28  user2.o(.text)
    Delay                                    0x08008241   Thumb Code    28  user2.o(.text)
    Relay                                    0x0800825d   Thumb Code   120  user2.o(.text)
    PWM_OUT                                  0x080082d5   Thumb Code    92  user2.o(.text)
    LED                                      0x08008331   Thumb Code   100  user2.o(.text)
    DisLED                                   0x08008395   Thumb Code   108  user2.o(.text)
    ChTUP                                    0x08008401   Thumb Code    96  user2.o(.text)
    SetInitData                              0x08008461   Thumb Code   274  user2.o(.text)
    LoadData                                 0x08008573   Thumb Code  1832  user2.o(.text)
    GetCommID                                0x08008c9b   Thumb Code   222  user2.o(.text)
    GetTemSV                                 0x08008d79   Thumb Code     6  user2.o(.text)
    DMAChannel1_IRQHandler                   0x08008d7f   Thumb Code   252  user2.o(.text)
    OS_StrLen                                0x08008ea5   Thumb Code    20  os_core.o(.text)
    OSEventNameGet                           0x08008eb9   Thumb Code    98  os_core.o(.text)
    OSEventNameSet                           0x08008f1b   Thumb Code    86  os_core.o(.text)
    OS_EventTaskRemoveMulti                  0x08008f71   Thumb Code    58  os_core.o(.text)
    OS_Sched                                 0x08008fc5   Thumb Code    88  os_core.o(.text)
    OS_EventTaskWaitMulti                    0x0800901d   Thumb Code   136  os_core.o(.text)
    OSEventPendMulti                         0x080090a5   Thumb Code   634  os_core.o(.text)
    OS_TaskStatStkChk                        0x0800931f   Thumb Code    54  os_core.o(.text)
    OS_TaskStat                              0x08009355   Thumb Code   114  os_core.o(.text)
    OS_TaskIdle                              0x080093fb   Thumb Code    32  os_core.o(.text)
    OS_MemClr                                0x0800944f   Thumb Code    18  os_core.o(.text)
    OSInit                                   0x0800953f   Thumb Code    44  os_core.o(.text)
    OSIntEnter                               0x0800956b   Thumb Code    28  os_core.o(.text)
    OSIntExit                                0x08009587   Thumb Code   114  os_core.o(.text)
    OSSchedLock                              0x080095f9   Thumb Code    50  os_core.o(.text)
    OSSchedUnlock                            0x0800962b   Thumb Code    84  os_core.o(.text)
    OSStart                                  0x0800967f   Thumb Code    48  os_core.o(.text)
    OSStatInit                               0x080096af   Thumb Code   206  os_core.o(.text)
    OSTimeTick                               0x0800977d   Thumb Code   210  os_core.o(.text)
    OSVersion                                0x0800984f   Thumb Code     6  os_core.o(.text)
    OS_Dummy                                 0x08009855   Thumb Code     2  os_core.o(.text)
    OS_EventTaskRemove                       0x08009857   Thumb Code    42  os_core.o(.text)
    OS_EventTaskRdy                          0x08009881   Thumb Code   128  os_core.o(.text)
    OS_EventTaskWait                         0x08009901   Thumb Code   112  os_core.o(.text)
    OS_EventWaitListInit                     0x08009971   Thumb Code    28  os_core.o(.text)
    OS_MemCopy                               0x0800998d   Thumb Code    20  os_core.o(.text)
    OS_TCBInit                               0x080099a1   Thumb Code   282  os_core.o(.text)
    OSInitHookBegin                          0x08009ae9   Thumb Code     2  os_cpu_c.o(.text)
    OSInitHookEnd                            0x08009aeb   Thumb Code     2  os_cpu_c.o(.text)
    App_TaskCreateHook                       0x08009aed   Thumb Code     2  os_cpu_c.o(.text)
    OSTaskCreateHook                         0x08009aef   Thumb Code    12  os_cpu_c.o(.text)
    App_TaskDelHook                          0x08009afb   Thumb Code     2  os_cpu_c.o(.text)
    OSTaskDelHook                            0x08009afd   Thumb Code    12  os_cpu_c.o(.text)
    App_TaskIdleHook                         0x08009b09   Thumb Code     2  os_cpu_c.o(.text)
    OSTaskIdleHook                           0x08009b0b   Thumb Code     8  os_cpu_c.o(.text)
    App_TaskStatHook                         0x08009b13   Thumb Code     2  os_cpu_c.o(.text)
    OSTaskStatHook                           0x08009b15   Thumb Code     8  os_cpu_c.o(.text)
    OSTaskStkInit                            0x08009b1d   Thumb Code   154  os_cpu_c.o(.text)
    App_TaskSwHook                           0x08009bb7   Thumb Code     2  os_cpu_c.o(.text)
    App_TCBInitHook                          0x08009bb9   Thumb Code     2  os_cpu_c.o(.text)
    App_TimeTickHook                         0x08009bbb   Thumb Code     2  os_cpu_c.o(.text)
    TerminalTask                             0x08009bbd   Thumb Code     2  os_cpu_c.o(.text)
    OSTaskSwHook                             0x08009bbf   Thumb Code     8  os_cpu_c.o(.text)
    OSTCBInitHook                            0x08009bc7   Thumb Code    12  os_cpu_c.o(.text)
    OSTimeTickHook                           0x08009bd3   Thumb Code     8  os_cpu_c.o(.text)
    OSDebugInit                              0x08009bdd   Thumb Code    96  os_dbg.o(.text)
    OSFlagAccept                             0x08009cf5   Thumb Code   252  os_flag.o(.text)
    OSFlagCreate                             0x08009df1   Thumb Code    88  os_flag.o(.text)
    OS_FlagUnlink                            0x08009e49   Thumb Code    36  os_flag.o(.text)
    OSFlagDel                                0x08009ebf   Thumb Code   216  os_flag.o(.text)
    OSFlagNameGet                            0x08009f97   Thumb Code    80  os_flag.o(.text)
    OSFlagNameSet                            0x08009fe7   Thumb Code    68  os_flag.o(.text)
    OSFlagPend                               0x0800a0c3   Thumb Code   626  os_flag.o(.text)
    OSFlagPendGetFlagsRdy                    0x0800a335   Thumb Code    26  os_flag.o(.text)
    OSFlagPost                               0x0800a34f   Thumb Code   312  os_flag.o(.text)
    OSFlagQuery                              0x0800a487   Thumb Code    48  os_flag.o(.text)
    OS_FlagInit                              0x0800a4b7   Thumb Code    64  os_flag.o(.text)
    OSSemAccept                              0x0800a505   Thumb Code    44  os_sem.o(.text)
    OSSemCreate                              0x0800a531   Thumb Code    74  os_sem.o(.text)
    OSSemDel                                 0x0800a57b   Thumb Code   212  os_sem.o(.text)
    OSSemPend                                0x0800a64f   Thumb Code   234  os_sem.o(.text)
    OSSemPendAbort                           0x0800a739   Thumb Code   128  os_sem.o(.text)
    OSSemPost                                0x0800a7b9   Thumb Code    88  os_sem.o(.text)
    OSSemQuery                               0x0800a811   Thumb Code    82  os_sem.o(.text)
    OSSemSet                                 0x0800a863   Thumb Code    68  os_sem.o(.text)
    OSTaskChangePrio                         0x0800a8bd   Thumb Code   396  os_task.o(.text)
    OSTaskCreate                             0x0800aa49   Thumb Code   150  os_task.o(.text)
    OS_TaskStkClr                            0x0800aadf   Thumb Code    26  os_task.o(.text)
    OSTaskCreateExt                          0x0800aaf9   Thumb Code   172  os_task.o(.text)
    OSTaskDel                                0x0800aba5   Thumb Code   348  os_task.o(.text)
    OSTaskDelReq                             0x0800ad01   Thumb Code   100  os_task.o(.text)
    OSTaskNameGet                            0x0800ad65   Thumb Code   114  os_task.o(.text)
    OSTaskNameSet                            0x0800add7   Thumb Code   100  os_task.o(.text)
    OSTaskResume                             0x0800ae3b   Thumb Code   154  os_task.o(.text)
    OSTaskStkChk                             0x0800aed5   Thumb Code   132  os_task.o(.text)
    OSTaskSuspend                            0x0800af59   Thumb Code   152  os_task.o(.text)
    OSTaskQuery                              0x0800aff1   Thumb Code    82  os_task.o(.text)
    OSTaskRegGet                             0x0800b043   Thumb Code    60  os_task.o(.text)
    OSTaskRegSet                             0x0800b07f   Thumb Code    94  os_task.o(.text)
    OSTimeDly                                0x0800b0dd   Thumb Code    94  os_time.o(.text)
    OSTimeDlyHMSM                            0x0800b13b   Thumb Code    78  os_time.o(.text)
    OSTimeDlyResume                          0x0800b189   Thumb Code   168  os_time.o(.text)
    OSTimeGet                                0x0800b231   Thumb Code    24  os_time.o(.text)
    OSTimeSet                                0x0800b249   Thumb Code    24  os_time.o(.text)
    ADC_DeInit                               0x0800b279   Thumb Code    90  stm32f10x_adc.o(.text)
    ADC_Init                                 0x0800b2d3   Thumb Code    70  stm32f10x_adc.o(.text)
    ADC_StructInit                           0x0800b319   Thumb Code    18  stm32f10x_adc.o(.text)
    ADC_Cmd                                  0x0800b32b   Thumb Code    22  stm32f10x_adc.o(.text)
    ADC_DMACmd                               0x0800b341   Thumb Code    22  stm32f10x_adc.o(.text)
    ADC_ITConfig                             0x0800b357   Thumb Code    24  stm32f10x_adc.o(.text)
    ADC_ResetCalibration                     0x0800b36f   Thumb Code    10  stm32f10x_adc.o(.text)
    ADC_GetResetCalibrationStatus            0x0800b379   Thumb Code    20  stm32f10x_adc.o(.text)
    ADC_StartCalibration                     0x0800b38d   Thumb Code    10  stm32f10x_adc.o(.text)
    ADC_GetCalibrationStatus                 0x0800b397   Thumb Code    20  stm32f10x_adc.o(.text)
    ADC_SoftwareStartConvCmd                 0x0800b3ab   Thumb Code    22  stm32f10x_adc.o(.text)
    ADC_GetSoftwareStartConvStatus           0x0800b3c1   Thumb Code    20  stm32f10x_adc.o(.text)
    ADC_DiscModeChannelCountConfig           0x0800b3d5   Thumb Code    24  stm32f10x_adc.o(.text)
    ADC_DiscModeCmd                          0x0800b3ed   Thumb Code    22  stm32f10x_adc.o(.text)
    ADC_RegularChannelConfig                 0x0800b403   Thumb Code   184  stm32f10x_adc.o(.text)
    ADC_ExternalTrigConvCmd                  0x0800b4bb   Thumb Code    22  stm32f10x_adc.o(.text)
    ADC_GetConversionValue                   0x0800b4d1   Thumb Code     8  stm32f10x_adc.o(.text)
    ADC_GetDualModeConversionValue           0x0800b4d9   Thumb Code     6  stm32f10x_adc.o(.text)
    ADC_AutoInjectedConvCmd                  0x0800b4df   Thumb Code    22  stm32f10x_adc.o(.text)
    ADC_InjectedDiscModeCmd                  0x0800b4f5   Thumb Code    22  stm32f10x_adc.o(.text)
    ADC_ExternalTrigInjectedConvConfig       0x0800b50b   Thumb Code    16  stm32f10x_adc.o(.text)
    ADC_ExternalTrigInjectedConvCmd          0x0800b51b   Thumb Code    22  stm32f10x_adc.o(.text)
    ADC_SoftwareStartInjectedConvCmd         0x0800b531   Thumb Code    22  stm32f10x_adc.o(.text)
    ADC_GetSoftwareStartInjectedConvCmdStatus 0x0800b547   Thumb Code    20  stm32f10x_adc.o(.text)
    ADC_InjectedChannelConfig                0x0800b55b   Thumb Code   130  stm32f10x_adc.o(.text)
    ADC_InjectedSequencerLengthConfig        0x0800b5dd   Thumb Code    24  stm32f10x_adc.o(.text)
    ADC_SetInjectedOffset                    0x0800b5f5   Thumb Code     4  stm32f10x_adc.o(.text)
    ADC_GetInjectedConversionValue           0x0800b5f9   Thumb Code    10  stm32f10x_adc.o(.text)
    ADC_AnalogWatchdogCmd                    0x0800b603   Thumb Code    16  stm32f10x_adc.o(.text)
    ADC_AnalogWatchdogThresholdsConfig       0x0800b613   Thumb Code     6  stm32f10x_adc.o(.text)
    ADC_AnalogWatchdogSingleChannelConfig    0x0800b619   Thumb Code    16  stm32f10x_adc.o(.text)
    ADC_TempSensorVrefintCmd                 0x0800b629   Thumb Code    38  stm32f10x_adc.o(.text)
    ADC_GetFlagStatus                        0x0800b64f   Thumb Code    38  stm32f10x_adc.o(.text)
    ADC_ClearFlag                            0x0800b675   Thumb Code     6  stm32f10x_adc.o(.text)
    ADC_GetITStatus                          0x0800b67b   Thumb Code    36  stm32f10x_adc.o(.text)
    ADC_ClearITPendingBit                    0x0800b69f   Thumb Code    10  stm32f10x_adc.o(.text)
    DMA_DeInit                               0x0800b6a9   Thumb Code   306  stm32f10x_dma.o(.text)
    DMA_Init                                 0x0800b7db   Thumb Code    60  stm32f10x_dma.o(.text)
    DMA_StructInit                           0x0800b817   Thumb Code    26  stm32f10x_dma.o(.text)
    DMA_Cmd                                  0x0800b831   Thumb Code    22  stm32f10x_dma.o(.text)
    DMA_ITConfig                             0x0800b847   Thumb Code    18  stm32f10x_dma.o(.text)
    DMA_GetCurrDataCounter                   0x0800b859   Thumb Code     8  stm32f10x_dma.o(.text)
    DMA_GetFlagStatus                        0x0800b861   Thumb Code    40  stm32f10x_dma.o(.text)
    DMA_ClearFlag                            0x0800b889   Thumb Code    20  stm32f10x_dma.o(.text)
    DMA_GetITStatus                          0x0800b89d   Thumb Code    40  stm32f10x_dma.o(.text)
    DMA_ClearITPendingBit                    0x0800b8c5   Thumb Code    20  stm32f10x_dma.o(.text)
    EXTI_DeInit                              0x0800b8e9   Thumb Code    28  stm32f10x_exti.o(.text)
    EXTI_Init                                0x0800b905   Thumb Code   174  stm32f10x_exti.o(.text)
    EXTI_StructInit                          0x0800b9b3   Thumb Code    16  stm32f10x_exti.o(.text)
    EXTI_GenerateSWInterrupt                 0x0800b9c3   Thumb Code    16  stm32f10x_exti.o(.text)
    EXTI_GetFlagStatus                       0x0800b9d3   Thumb Code    22  stm32f10x_exti.o(.text)
    EXTI_ClearFlag                           0x0800b9e9   Thumb Code     8  stm32f10x_exti.o(.text)
    EXTI_GetITStatus                         0x0800b9f1   Thumb Code    34  stm32f10x_exti.o(.text)
    EXTI_ClearITPendingBit                   0x0800ba13   Thumb Code     8  stm32f10x_exti.o(.text)
    FLASH_SetLatency                         0x0800ba29   Thumb Code    22  stm32f10x_flash.o(.text)
    FLASH_HalfCycleAccessCmd                 0x0800ba3f   Thumb Code    22  stm32f10x_flash.o(.text)
    FLASH_PrefetchBufferCmd                  0x0800ba55   Thumb Code    22  stm32f10x_flash.o(.text)
    FLASH_Unlock                             0x0800ba6b   Thumb Code    12  stm32f10x_flash.o(.text)
    FLASH_Lock                               0x0800ba77   Thumb Code    14  stm32f10x_flash.o(.text)
    FLASH_GetStatus                          0x0800ba85   Thumb Code    48  stm32f10x_flash.o(.text)
    FLASH_WaitForLastOperation               0x0800bacf   Thumb Code    42  stm32f10x_flash.o(.text)
    FLASH_ErasePage                          0x0800baf9   Thumb Code    76  stm32f10x_flash.o(.text)
    FLASH_EraseAllPages                      0x0800bb45   Thumb Code    72  stm32f10x_flash.o(.text)
    FLASH_EraseOptionBytes                   0x0800bb8d   Thumb Code   142  stm32f10x_flash.o(.text)
    FLASH_ProgramWord                        0x0800bc1b   Thumb Code   100  stm32f10x_flash.o(.text)
    FLASH_ProgramHalfWord                    0x0800bc7f   Thumb Code    64  stm32f10x_flash.o(.text)
    FLASH_ProgramOptionByteData              0x0800bcbf   Thumb Code    72  stm32f10x_flash.o(.text)
    FLASH_EnableWriteProtection              0x0800bd07   Thumb Code   182  stm32f10x_flash.o(.text)
    FLASH_ReadOutProtection                  0x0800bdbd   Thumb Code   174  stm32f10x_flash.o(.text)
    FLASH_UserOptionByteConfig               0x0800be6b   Thumb Code    94  stm32f10x_flash.o(.text)
    FLASH_GetUserOptionByte                  0x0800bec9   Thumb Code     8  stm32f10x_flash.o(.text)
    FLASH_GetWriteProtectionOptionByte       0x0800bed1   Thumb Code     6  stm32f10x_flash.o(.text)
    FLASH_GetReadOutProtectionStatus         0x0800bed7   Thumb Code    20  stm32f10x_flash.o(.text)
    FLASH_GetPrefetchBufferStatus            0x0800beeb   Thumb Code    20  stm32f10x_flash.o(.text)
    FLASH_ITConfig                           0x0800beff   Thumb Code    26  stm32f10x_flash.o(.text)
    FLASH_GetFlagStatus                      0x0800bf19   Thumb Code    42  stm32f10x_flash.o(.text)
    FLASH_ClearFlag                          0x0800bf43   Thumb Code     6  stm32f10x_flash.o(.text)
    GPIO_DeInit                              0x0800bf59   Thumb Code   188  stm32f10x_gpio.o(.text)
    GPIO_AFIODeInit                          0x0800c015   Thumb Code    20  stm32f10x_gpio.o(.text)
    GPIO_Init                                0x0800c029   Thumb Code   276  stm32f10x_gpio.o(.text)
    GPIO_StructInit                          0x0800c13d   Thumb Code    16  stm32f10x_gpio.o(.text)
    GPIO_ReadInputDataBit                    0x0800c14d   Thumb Code    18  stm32f10x_gpio.o(.text)
    GPIO_ReadInputData                       0x0800c15f   Thumb Code     8  stm32f10x_gpio.o(.text)
    GPIO_ReadOutputDataBit                   0x0800c167   Thumb Code    18  stm32f10x_gpio.o(.text)
    GPIO_ReadOutputData                      0x0800c179   Thumb Code     8  stm32f10x_gpio.o(.text)
    GPIO_SetBits                             0x0800c181   Thumb Code     4  stm32f10x_gpio.o(.text)
    GPIO_ResetBits                           0x0800c185   Thumb Code     4  stm32f10x_gpio.o(.text)
    GPIO_WriteBit                            0x0800c189   Thumb Code    10  stm32f10x_gpio.o(.text)
    GPIO_Write                               0x0800c193   Thumb Code     4  stm32f10x_gpio.o(.text)
    GPIO_PinLockConfig                       0x0800c197   Thumb Code    18  stm32f10x_gpio.o(.text)
    GPIO_EventOutputConfig                   0x0800c1a9   Thumb Code    26  stm32f10x_gpio.o(.text)
    GPIO_EventOutputCmd                      0x0800c1c3   Thumb Code     6  stm32f10x_gpio.o(.text)
    GPIO_PinRemapConfig                      0x0800c1c9   Thumb Code   106  stm32f10x_gpio.o(.text)
    GPIO_EXTILineConfig                      0x0800c233   Thumb Code    66  stm32f10x_gpio.o(.text)
    NVIC_DeInit                              0x0800c285   Thumb Code    54  stm32f10x_nvic.o(.text)
    NVIC_SCBDeInit                           0x0800c2bb   Thumb Code    76  stm32f10x_nvic.o(.text)
    NVIC_PriorityGroupConfig                 0x0800c307   Thumb Code    12  stm32f10x_nvic.o(.text)
    NVIC_Init                                0x0800c313   Thumb Code   152  stm32f10x_nvic.o(.text)
    NVIC_StructInit                          0x0800c3ab   Thumb Code    12  stm32f10x_nvic.o(.text)
    NVIC_SETPRIMASK                          0x0800c3b7   Thumb Code     8  stm32f10x_nvic.o(.text)
    NVIC_RESETPRIMASK                        0x0800c3bf   Thumb Code     8  stm32f10x_nvic.o(.text)
    NVIC_SETFAULTMASK                        0x0800c3c7   Thumb Code     8  stm32f10x_nvic.o(.text)
    NVIC_RESETFAULTMASK                      0x0800c3cf   Thumb Code     8  stm32f10x_nvic.o(.text)
    NVIC_BASEPRICONFIG                       0x0800c3d7   Thumb Code    12  stm32f10x_nvic.o(.text)
    NVIC_GetBASEPRI                          0x0800c3e3   Thumb Code     8  stm32f10x_nvic.o(.text)
    NVIC_GetCurrentPendingIRQChannel         0x0800c3eb   Thumb Code    10  stm32f10x_nvic.o(.text)
    NVIC_GetIRQChannelPendingBitStatus       0x0800c3f5   Thumb Code    42  stm32f10x_nvic.o(.text)
    NVIC_SetIRQChannelPendingBit             0x0800c41f   Thumb Code     6  stm32f10x_nvic.o(.text)
    NVIC_ClearIRQChannelPendingBit           0x0800c425   Thumb Code    20  stm32f10x_nvic.o(.text)
    NVIC_GetCurrentActiveHandler             0x0800c439   Thumb Code    10  stm32f10x_nvic.o(.text)
    NVIC_GetIRQChannelActiveBitStatus        0x0800c443   Thumb Code    42  stm32f10x_nvic.o(.text)
    NVIC_GetCPUID                            0x0800c46d   Thumb Code     8  stm32f10x_nvic.o(.text)
    NVIC_SetVectorTable                      0x0800c475   Thumb Code    14  stm32f10x_nvic.o(.text)
    NVIC_GenerateSystemReset                 0x0800c483   Thumb Code    12  stm32f10x_nvic.o(.text)
    NVIC_GenerateCoreReset                   0x0800c48f   Thumb Code    12  stm32f10x_nvic.o(.text)
    NVIC_SystemLPConfig                      0x0800c49b   Thumb Code    34  stm32f10x_nvic.o(.text)
    NVIC_SystemHandlerConfig                 0x0800c4bd   Thumb Code    48  stm32f10x_nvic.o(.text)
    NVIC_SystemHandlerPriorityConfig         0x0800c4ed   Thumb Code   110  stm32f10x_nvic.o(.text)
    NVIC_GetSystemHandlerPendingBitStatus    0x0800c55b   Thumb Code    44  stm32f10x_nvic.o(.text)
    NVIC_SetSystemHandlerPendingBit          0x0800c587   Thumb Code    22  stm32f10x_nvic.o(.text)
    NVIC_ClearSystemHandlerPendingBit        0x0800c59d   Thumb Code    26  stm32f10x_nvic.o(.text)
    NVIC_GetSystemHandlerActiveBitStatus     0x0800c5b7   Thumb Code    42  stm32f10x_nvic.o(.text)
    NVIC_GetFaultHandlerSources              0x0800c5e1   Thumb Code    66  stm32f10x_nvic.o(.text)
    NVIC_GetFaultAddress                     0x0800c623   Thumb Code    28  stm32f10x_nvic.o(.text)
    RCC_DeInit                               0x0800c65d   Thumb Code    62  stm32f10x_rcc.o(.text)
    RCC_HSEConfig                            0x0800c69b   Thumb Code    70  stm32f10x_rcc.o(.text)
    RCC_GetFlagStatus                        0x0800c6e1   Thumb Code    56  stm32f10x_rcc.o(.text)
    RCC_WaitForHSEStartUp                    0x0800c719   Thumb Code    62  stm32f10x_rcc.o(.text)
    RCC_AdjustHSICalibrationValue            0x0800c757   Thumb Code    20  stm32f10x_rcc.o(.text)
    RCC_HSICmd                               0x0800c76b   Thumb Code     6  stm32f10x_rcc.o(.text)
    RCC_PLLConfig                            0x0800c771   Thumb Code    24  stm32f10x_rcc.o(.text)
    RCC_PLLCmd                               0x0800c789   Thumb Code     6  stm32f10x_rcc.o(.text)
    RCC_SYSCLKConfig                         0x0800c78f   Thumb Code    18  stm32f10x_rcc.o(.text)
    RCC_GetSYSCLKSource                      0x0800c7a1   Thumb Code    10  stm32f10x_rcc.o(.text)
    RCC_HCLKConfig                           0x0800c7ab   Thumb Code    18  stm32f10x_rcc.o(.text)
    RCC_PCLK1Config                          0x0800c7bd   Thumb Code    18  stm32f10x_rcc.o(.text)
    RCC_PCLK2Config                          0x0800c7cf   Thumb Code    20  stm32f10x_rcc.o(.text)
    RCC_ITConfig                             0x0800c7e3   Thumb Code    26  stm32f10x_rcc.o(.text)
    RCC_USBCLKConfig                         0x0800c7fd   Thumb Code     8  stm32f10x_rcc.o(.text)
    RCC_ADCCLKConfig                         0x0800c805   Thumb Code    18  stm32f10x_rcc.o(.text)
    RCC_LSEConfig                            0x0800c817   Thumb Code    50  stm32f10x_rcc.o(.text)
    RCC_LSICmd                               0x0800c849   Thumb Code     6  stm32f10x_rcc.o(.text)
    RCC_RTCCLKConfig                         0x0800c84f   Thumb Code    12  stm32f10x_rcc.o(.text)
    RCC_RTCCLKCmd                            0x0800c85b   Thumb Code     8  stm32f10x_rcc.o(.text)
    RCC_GetClocksFreq                        0x0800c863   Thumb Code   192  stm32f10x_rcc.o(.text)
    RCC_AHBPeriphClockCmd                    0x0800c923   Thumb Code    26  stm32f10x_rcc.o(.text)
    RCC_APB2PeriphClockCmd                   0x0800c93d   Thumb Code    26  stm32f10x_rcc.o(.text)
    RCC_APB1PeriphClockCmd                   0x0800c957   Thumb Code    26  stm32f10x_rcc.o(.text)
    RCC_APB2PeriphResetCmd                   0x0800c971   Thumb Code    26  stm32f10x_rcc.o(.text)
    RCC_APB1PeriphResetCmd                   0x0800c98b   Thumb Code    26  stm32f10x_rcc.o(.text)
    RCC_BackupResetCmd                       0x0800c9a5   Thumb Code     8  stm32f10x_rcc.o(.text)
    RCC_ClockSecuritySystemCmd               0x0800c9ad   Thumb Code     6  stm32f10x_rcc.o(.text)
    RCC_MCOConfig                            0x0800c9b3   Thumb Code     6  stm32f10x_rcc.o(.text)
    RCC_ClearFlag                            0x0800c9b9   Thumb Code    14  stm32f10x_rcc.o(.text)
    RCC_GetITStatus                          0x0800c9c7   Thumb Code    20  stm32f10x_rcc.o(.text)
    RCC_ClearITPendingBit                    0x0800c9db   Thumb Code     6  stm32f10x_rcc.o(.text)
    SysTick_CLKSourceConfig                  0x0800ca15   Thumb Code    40  stm32f10x_systick.o(.text)
    SysTick_SetReload                        0x0800ca3d   Thumb Code     8  stm32f10x_systick.o(.text)
    SysTick_CounterCmd                       0x0800ca45   Thumb Code    54  stm32f10x_systick.o(.text)
    SysTick_ITConfig                         0x0800ca7b   Thumb Code    38  stm32f10x_systick.o(.text)
    SysTick_GetCounter                       0x0800caa1   Thumb Code     8  stm32f10x_systick.o(.text)
    SysTick_GetFlagStatus                    0x0800caa9   Thumb Code    46  stm32f10x_systick.o(.text)
    TIM_DeInit                               0x0800cad9   Thumb Code   214  stm32f10x_tim.o(.text)
    TIM_TimeBaseInit                         0x0800cbaf   Thumb Code    50  stm32f10x_tim.o(.text)
    TIM_OC1Init                              0x0800cbe1   Thumb Code   110  stm32f10x_tim.o(.text)
    TIM_OC2Init                              0x0800cc4f   Thumb Code   148  stm32f10x_tim.o(.text)
    TIM_OC3Init                              0x0800cce3   Thumb Code   144  stm32f10x_tim.o(.text)
    TIM_OC4Init                              0x0800cd73   Thumb Code   106  stm32f10x_tim.o(.text)
    TIM_SetIC4Prescaler                      0x0800cddd   Thumb Code    26  stm32f10x_tim.o(.text)
    TIM_SetIC3Prescaler                      0x0800ce49   Thumb Code    18  stm32f10x_tim.o(.text)
    TIM_SetIC2Prescaler                      0x0800cea3   Thumb Code    42  stm32f10x_tim.o(.text)
    TIM_SetIC1Prescaler                      0x0800cf1d   Thumb Code    18  stm32f10x_tim.o(.text)
    TIM_ICInit                               0x0800cf67   Thumb Code   110  stm32f10x_tim.o(.text)
    TIM_PWMIConfig                           0x0800cfd5   Thumb Code   124  stm32f10x_tim.o(.text)
    TIM_BDTRConfig                           0x0800d051   Thumb Code    32  stm32f10x_tim.o(.text)
    TIM_TimeBaseStructInit                   0x0800d071   Thumb Code    18  stm32f10x_tim.o(.text)
    TIM_OCStructInit                         0x0800d083   Thumb Code    20  stm32f10x_tim.o(.text)
    TIM_ICStructInit                         0x0800d097   Thumb Code    18  stm32f10x_tim.o(.text)
    TIM_BDTRStructInit                       0x0800d0a9   Thumb Code    18  stm32f10x_tim.o(.text)
    TIM_Cmd                                  0x0800d0bb   Thumb Code    24  stm32f10x_tim.o(.text)
    TIM_CtrlPWMOutputs                       0x0800d0d3   Thumb Code    30  stm32f10x_tim.o(.text)
    TIM_ITConfig                             0x0800d0f1   Thumb Code    18  stm32f10x_tim.o(.text)
    TIM_GenerateEvent                        0x0800d103   Thumb Code     4  stm32f10x_tim.o(.text)
    TIM_DMAConfig                            0x0800d107   Thumb Code    10  stm32f10x_tim.o(.text)
    TIM_DMACmd                               0x0800d111   Thumb Code    18  stm32f10x_tim.o(.text)
    TIM_InternalClockConfig                  0x0800d123   Thumb Code    12  stm32f10x_tim.o(.text)
    TIM_SelectInputTrigger                   0x0800d12f   Thumb Code    18  stm32f10x_tim.o(.text)
    TIM_ITRxExternalClockConfig              0x0800d141   Thumb Code    24  stm32f10x_tim.o(.text)
    TIM_TIxExternalClockConfig               0x0800d159   Thumb Code    62  stm32f10x_tim.o(.text)
    TIM_ETRConfig                            0x0800d197   Thumb Code    30  stm32f10x_tim.o(.text)
    TIM_ETRClockMode1Config                  0x0800d1b5   Thumb Code    54  stm32f10x_tim.o(.text)
    TIM_ETRClockMode2Config                  0x0800d1eb   Thumb Code    32  stm32f10x_tim.o(.text)
    TIM_PrescalerConfig                      0x0800d20b   Thumb Code     6  stm32f10x_tim.o(.text)
    TIM_CounterModeConfig                    0x0800d211   Thumb Code    18  stm32f10x_tim.o(.text)
    TIM_EncoderInterfaceConfig               0x0800d223   Thumb Code    66  stm32f10x_tim.o(.text)
    TIM_ForcedOC1Config                      0x0800d265   Thumb Code    18  stm32f10x_tim.o(.text)
    TIM_ForcedOC2Config                      0x0800d277   Thumb Code    26  stm32f10x_tim.o(.text)
    TIM_ForcedOC3Config                      0x0800d291   Thumb Code    18  stm32f10x_tim.o(.text)
    TIM_ForcedOC4Config                      0x0800d2a3   Thumb Code    26  stm32f10x_tim.o(.text)
    TIM_ARRPreloadConfig                     0x0800d2bd   Thumb Code    24  stm32f10x_tim.o(.text)
    TIM_SelectCOM                            0x0800d2d5   Thumb Code    24  stm32f10x_tim.o(.text)
    TIM_SelectCCDMA                          0x0800d2ed   Thumb Code    24  stm32f10x_tim.o(.text)
    TIM_CCPreloadControl                     0x0800d305   Thumb Code    24  stm32f10x_tim.o(.text)
    TIM_OC1PreloadConfig                     0x0800d31d   Thumb Code    18  stm32f10x_tim.o(.text)
    TIM_OC2PreloadConfig                     0x0800d32f   Thumb Code    26  stm32f10x_tim.o(.text)
    TIM_OC3PreloadConfig                     0x0800d349   Thumb Code    18  stm32f10x_tim.o(.text)
    TIM_OC4PreloadConfig                     0x0800d35b   Thumb Code    26  stm32f10x_tim.o(.text)
    TIM_OC1FastConfig                        0x0800d375   Thumb Code    18  stm32f10x_tim.o(.text)
    TIM_OC2FastConfig                        0x0800d387   Thumb Code    26  stm32f10x_tim.o(.text)
    TIM_OC3FastConfig                        0x0800d3a1   Thumb Code    18  stm32f10x_tim.o(.text)
    TIM_OC4FastConfig                        0x0800d3b3   Thumb Code    26  stm32f10x_tim.o(.text)
    TIM_ClearOC1Ref                          0x0800d3cd   Thumb Code    18  stm32f10x_tim.o(.text)
    TIM_ClearOC2Ref                          0x0800d3df   Thumb Code    24  stm32f10x_tim.o(.text)
    TIM_ClearOC3Ref                          0x0800d3f7   Thumb Code    18  stm32f10x_tim.o(.text)
    TIM_ClearOC4Ref                          0x0800d409   Thumb Code    24  stm32f10x_tim.o(.text)
    TIM_OC1PolarityConfig                    0x0800d421   Thumb Code    18  stm32f10x_tim.o(.text)
    TIM_OC1NPolarityConfig                   0x0800d433   Thumb Code    18  stm32f10x_tim.o(.text)
    TIM_OC2PolarityConfig                    0x0800d445   Thumb Code    26  stm32f10x_tim.o(.text)
    TIM_OC2NPolarityConfig                   0x0800d45f   Thumb Code    26  stm32f10x_tim.o(.text)
    TIM_OC3PolarityConfig                    0x0800d479   Thumb Code    26  stm32f10x_tim.o(.text)
    TIM_OC3NPolarityConfig                   0x0800d493   Thumb Code    26  stm32f10x_tim.o(.text)
    TIM_OC4PolarityConfig                    0x0800d4ad   Thumb Code    26  stm32f10x_tim.o(.text)
    TIM_CCxCmd                               0x0800d4c7   Thumb Code    26  stm32f10x_tim.o(.text)
    TIM_CCxNCmd                              0x0800d4e1   Thumb Code    26  stm32f10x_tim.o(.text)
    TIM_SelectOCxM                           0x0800d4fb   Thumb Code   108  stm32f10x_tim.o(.text)
    TIM_UpdateDisableConfig                  0x0800d567   Thumb Code    24  stm32f10x_tim.o(.text)
    TIM_UpdateRequestConfig                  0x0800d57f   Thumb Code    24  stm32f10x_tim.o(.text)
    TIM_SelectHallSensor                     0x0800d597   Thumb Code    24  stm32f10x_tim.o(.text)
    TIM_SelectOnePulseMode                   0x0800d5af   Thumb Code    18  stm32f10x_tim.o(.text)
    TIM_SelectOutputTrigger                  0x0800d5c1   Thumb Code    18  stm32f10x_tim.o(.text)
    TIM_SelectSlaveMode                      0x0800d5d3   Thumb Code    18  stm32f10x_tim.o(.text)
    TIM_SelectMasterSlaveMode                0x0800d5e5   Thumb Code    18  stm32f10x_tim.o(.text)
    TIM_SetCounter                           0x0800d5f7   Thumb Code     4  stm32f10x_tim.o(.text)
    TIM_SetAutoreload                        0x0800d5fb   Thumb Code     4  stm32f10x_tim.o(.text)
    TIM_SetCompare1                          0x0800d5ff   Thumb Code     4  stm32f10x_tim.o(.text)
    TIM_SetCompare2                          0x0800d603   Thumb Code     4  stm32f10x_tim.o(.text)
    TIM_SetCompare3                          0x0800d607   Thumb Code     4  stm32f10x_tim.o(.text)
    TIM_SetCompare4                          0x0800d60b   Thumb Code     6  stm32f10x_tim.o(.text)
    TIM_SetClockDivision                     0x0800d611   Thumb Code    14  stm32f10x_tim.o(.text)
    TIM_GetCapture1                          0x0800d61f   Thumb Code     6  stm32f10x_tim.o(.text)
    TIM_GetCapture2                          0x0800d625   Thumb Code     6  stm32f10x_tim.o(.text)
    TIM_GetCapture3                          0x0800d62b   Thumb Code     6  stm32f10x_tim.o(.text)
    TIM_GetCapture4                          0x0800d631   Thumb Code     8  stm32f10x_tim.o(.text)
    TIM_GetCounter                           0x0800d639   Thumb Code     6  stm32f10x_tim.o(.text)
    TIM_GetPrescaler                         0x0800d63f   Thumb Code     6  stm32f10x_tim.o(.text)
    TIM_GetFlagStatus                        0x0800d645   Thumb Code    18  stm32f10x_tim.o(.text)
    TIM_ClearFlag                            0x0800d657   Thumb Code     6  stm32f10x_tim.o(.text)
    TIM_GetITStatus                          0x0800d65d   Thumb Code    34  stm32f10x_tim.o(.text)
    TIM_ClearITPendingBit                    0x0800d67f   Thumb Code     6  stm32f10x_tim.o(.text)
    USART_DeInit                             0x0800d685   Thumb Code   146  stm32f10x_usart.o(.text)
    USART_Init                               0x0800d717   Thumb Code   150  stm32f10x_usart.o(.text)
    USART_StructInit                         0x0800d7ad   Thumb Code    24  stm32f10x_usart.o(.text)
    USART_ClockInit                          0x0800d7c5   Thumb Code    34  stm32f10x_usart.o(.text)
    USART_ClockStructInit                    0x0800d7e7   Thumb Code    12  stm32f10x_usart.o(.text)
    USART_Cmd                                0x0800d7f3   Thumb Code    24  stm32f10x_usart.o(.text)
    USART_ITConfig                           0x0800d80b   Thumb Code    64  stm32f10x_usart.o(.text)
    USART_DMACmd                             0x0800d84b   Thumb Code    18  stm32f10x_usart.o(.text)
    USART_SetAddress                         0x0800d85d   Thumb Code    18  stm32f10x_usart.o(.text)
    USART_WakeUpConfig                       0x0800d86f   Thumb Code    18  stm32f10x_usart.o(.text)
    USART_ReceiverWakeUpCmd                  0x0800d881   Thumb Code    24  stm32f10x_usart.o(.text)
    USART_LINBreakDetectLengthConfig         0x0800d899   Thumb Code    18  stm32f10x_usart.o(.text)
    USART_LINCmd                             0x0800d8ab   Thumb Code    24  stm32f10x_usart.o(.text)
    USART_SendData                           0x0800d8c3   Thumb Code     8  stm32f10x_usart.o(.text)
    USART_ReceiveData                        0x0800d8cb   Thumb Code    10  stm32f10x_usart.o(.text)
    USART_SendBreak                          0x0800d8d5   Thumb Code    10  stm32f10x_usart.o(.text)
    USART_SetGuardTime                       0x0800d8df   Thumb Code    16  stm32f10x_usart.o(.text)
    USART_SetPrescaler                       0x0800d8ef   Thumb Code    16  stm32f10x_usart.o(.text)
    USART_SmartCardCmd                       0x0800d8ff   Thumb Code    24  stm32f10x_usart.o(.text)
    USART_SmartCardNACKCmd                   0x0800d917   Thumb Code    24  stm32f10x_usart.o(.text)
    USART_HalfDuplexCmd                      0x0800d92f   Thumb Code    24  stm32f10x_usart.o(.text)
    USART_IrDAConfig                         0x0800d947   Thumb Code    18  stm32f10x_usart.o(.text)
    USART_IrDACmd                            0x0800d959   Thumb Code    24  stm32f10x_usart.o(.text)
    USART_GetFlagStatus                      0x0800d971   Thumb Code    18  stm32f10x_usart.o(.text)
    USART_ClearFlag                          0x0800d983   Thumb Code     6  stm32f10x_usart.o(.text)
    USART_GetITStatus                        0x0800d989   Thumb Code    76  stm32f10x_usart.o(.text)
    USART_ClearITPendingBit                  0x0800d9d5   Thumb Code    20  stm32f10x_usart.o(.text)
    __WFI                                    0x0800d9f5   Thumb Code     0  cortexm3_macro.o(.text)
    __WFE                                    0x0800d9f9   Thumb Code     0  cortexm3_macro.o(.text)
    __SEV                                    0x0800d9fd   Thumb Code     0  cortexm3_macro.o(.text)
    __ISB                                    0x0800da01   Thumb Code     0  cortexm3_macro.o(.text)
    __DSB                                    0x0800da07   Thumb Code     0  cortexm3_macro.o(.text)
    __DMB                                    0x0800da0d   Thumb Code     0  cortexm3_macro.o(.text)
    __SVC                                    0x0800da13   Thumb Code     0  cortexm3_macro.o(.text)
    __MRS_CONTROL                            0x0800da17   Thumb Code     0  cortexm3_macro.o(.text)
    __MSR_CONTROL                            0x0800da1d   Thumb Code     0  cortexm3_macro.o(.text)
    __MRS_PSP                                0x0800da27   Thumb Code     0  cortexm3_macro.o(.text)
    __MSR_PSP                                0x0800da2d   Thumb Code     0  cortexm3_macro.o(.text)
    __MRS_MSP                                0x0800da33   Thumb Code     0  cortexm3_macro.o(.text)
    __MSR_MSP                                0x0800da39   Thumb Code     0  cortexm3_macro.o(.text)
    __RESETPRIMASK                           0x0800da3f   Thumb Code     0  cortexm3_macro.o(.text)
    __SETPRIMASK                             0x0800da43   Thumb Code     0  cortexm3_macro.o(.text)
    __READ_PRIMASK                           0x0800da47   Thumb Code     0  cortexm3_macro.o(.text)
    __SETFAULTMASK                           0x0800da4d   Thumb Code     0  cortexm3_macro.o(.text)
    __RESETFAULTMASK                         0x0800da51   Thumb Code     0  cortexm3_macro.o(.text)
    __READ_FAULTMASK                         0x0800da55   Thumb Code     0  cortexm3_macro.o(.text)
    __BASEPRICONFIG                          0x0800da5b   Thumb Code     0  cortexm3_macro.o(.text)
    __GetBASEPRI                             0x0800da61   Thumb Code     0  cortexm3_macro.o(.text)
    __REV_HalfWord                           0x0800da67   Thumb Code     0  cortexm3_macro.o(.text)
    __REV_Word                               0x0800da6b   Thumb Code     0  cortexm3_macro.o(.text)
    OS_CPU_SR_Save                           0x0800da71   Thumb Code     0  os_cpu_a.o(.text)
    OS_CPU_SR_Restore                        0x0800da79   Thumb Code     0  os_cpu_a.o(.text)
    OSStartHighRdy                           0x0800da7f   Thumb Code     0  os_cpu_a.o(.text)
    OSCtxSw                                  0x0800da9f   Thumb Code     0  os_cpu_a.o(.text)
    OSIntCtxSw                               0x0800daa9   Thumb Code     0  os_cpu_a.o(.text)
    PendSV_Handler                           0x0800dab3   Thumb Code     0  os_cpu_a.o(.text)
    Reset_Handler                            0x0800db15   Thumb Code     4  stm32f10x.o(.text)
    NMI_Handler                              0x0800db19   Thumb Code     2  stm32f10x.o(.text)
    HardFault_Handler                        0x0800db1b   Thumb Code     2  stm32f10x.o(.text)
    MemManage_Handler                        0x0800db1d   Thumb Code     2  stm32f10x.o(.text)
    BusFault_Handler                         0x0800db1f   Thumb Code     2  stm32f10x.o(.text)
    UsageFault_Handler                       0x0800db21   Thumb Code     2  stm32f10x.o(.text)
    SVC_Handler                              0x0800db23   Thumb Code     2  stm32f10x.o(.text)
    DebugMon_Handler                         0x0800db25   Thumb Code     2  stm32f10x.o(.text)
    ADC_IRQHandler                           0x0800db2b   Thumb Code     0  stm32f10x.o(.text)
    CAN_RX1_IRQHandler                       0x0800db2b   Thumb Code     0  stm32f10x.o(.text)
    CAN_SCE_IRQHandler                       0x0800db2b   Thumb Code     0  stm32f10x.o(.text)
    DMAChannel2_IRQHandler                   0x0800db2b   Thumb Code     0  stm32f10x.o(.text)
    DMAChannel3_IRQHandler                   0x0800db2b   Thumb Code     0  stm32f10x.o(.text)
    DMAChannel4_IRQHandler                   0x0800db2b   Thumb Code     0  stm32f10x.o(.text)
    DMAChannel5_IRQHandler                   0x0800db2b   Thumb Code     0  stm32f10x.o(.text)
    DMAChannel6_IRQHandler                   0x0800db2b   Thumb Code     0  stm32f10x.o(.text)
    DMAChannel7_IRQHandler                   0x0800db2b   Thumb Code     0  stm32f10x.o(.text)
    EXTI1_IRQHandler                         0x0800db2b   Thumb Code     0  stm32f10x.o(.text)
    EXTI2_IRQHandler                         0x0800db2b   Thumb Code     0  stm32f10x.o(.text)
    EXTI3_IRQHandler                         0x0800db2b   Thumb Code     0  stm32f10x.o(.text)
    EXTI4_IRQHandler                         0x0800db2b   Thumb Code     0  stm32f10x.o(.text)
    EXTI9_5_IRQHandler                       0x0800db2b   Thumb Code     0  stm32f10x.o(.text)
    FLASH_IRQHandler                         0x0800db2b   Thumb Code     0  stm32f10x.o(.text)
    I2C1_ER_IRQHandler                       0x0800db2b   Thumb Code     0  stm32f10x.o(.text)
    I2C1_EV_IRQHandler                       0x0800db2b   Thumb Code     0  stm32f10x.o(.text)
    I2C2_ER_IRQHandler                       0x0800db2b   Thumb Code     0  stm32f10x.o(.text)
    I2C2_EV_IRQHandler                       0x0800db2b   Thumb Code     0  stm32f10x.o(.text)
    PVD_IRQHandler                           0x0800db2b   Thumb Code     0  stm32f10x.o(.text)
    RCC_IRQHandler                           0x0800db2b   Thumb Code     0  stm32f10x.o(.text)
    RTCAlarm_IRQHandler                      0x0800db2b   Thumb Code     0  stm32f10x.o(.text)
    RTC_IRQHandler                           0x0800db2b   Thumb Code     0  stm32f10x.o(.text)
    SPI1_IRQHandler                          0x0800db2b   Thumb Code     0  stm32f10x.o(.text)
    SPI2_IRQHandler                          0x0800db2b   Thumb Code     0  stm32f10x.o(.text)
    TAMPER_IRQHandler                        0x0800db2b   Thumb Code     0  stm32f10x.o(.text)
    TIM1_BRK_IRQHandler                      0x0800db2b   Thumb Code     0  stm32f10x.o(.text)
    TIM1_CC_IRQHandler                       0x0800db2b   Thumb Code     0  stm32f10x.o(.text)
    TIM1_TRG_COM_IRQHandler                  0x0800db2b   Thumb Code     0  stm32f10x.o(.text)
    USART2_IRQHandler                        0x0800db2b   Thumb Code     0  stm32f10x.o(.text)
    USART3_IRQHandler                        0x0800db2b   Thumb Code     0  stm32f10x.o(.text)
    USBWakeUp_IRQHandler                     0x0800db2b   Thumb Code     0  stm32f10x.o(.text)
    USB_HP_CAN_TX_IRQHandler                 0x0800db2b   Thumb Code     0  stm32f10x.o(.text)
    USB_LP_CAN_RX0_IRQHandler                0x0800db2b   Thumb Code     0  stm32f10x.o(.text)
    WWDG_IRQHandler                          0x0800db2b   Thumb Code     0  stm32f10x.o(.text)
    __user_initial_stackheap                 0x0800db2d   Thumb Code     0  stm32f10x.o(.text)
    I2C_delay                                0x0800db4d   Thumb Code    14  at24c16.o(.text)
    I2C_delay1                               0x0800db5b   Thumb Code    14  at24c16.o(.text)
    Start                                    0x0800db69   Thumb Code    90  at24c16.o(.text)
    Stop                                     0x0800dbc3   Thumb Code    48  at24c16.o(.text)
    RecAck                                   0x0800dbf3   Thumb Code    84  at24c16.o(.text)
    Ack                                      0x0800dc47   Thumb Code    50  at24c16.o(.text)
    NoAck                                    0x0800dc79   Thumb Code    48  at24c16.o(.text)
    Send                                     0x0800dca9   Thumb Code    80  at24c16.o(.text)
    Receive                                  0x0800dcf9   Thumb Code    72  at24c16.o(.text)
    CommIIC                                  0x0800dd41   Thumb Code   612  at24c16.o(.text)
    Hchang_1                                 0x0800dfa9   Thumb Code    46  check.o(.text)
    Hchang_2                                 0x0800dfd7   Thumb Code    46  check.o(.text)
    Hchang_3                                 0x0800e005   Thumb Code    46  check.o(.text)
    Hchang_4                                 0x0800e033   Thumb Code    46  check.o(.text)
    CurrentAdc_1                             0x0800e061   Thumb Code    48  check.o(.text)
    CurrentAdc_2                             0x0800e091   Thumb Code    48  check.o(.text)
    CurrentAdc_3                             0x0800e0c1   Thumb Code    48  check.o(.text)
    CurrentAdc_4                             0x0800e0f1   Thumb Code    48  check.o(.text)
    errCode_1                                0x0800e121   Thumb Code    36  check.o(.text)
    errCode_2                                0x0800e145   Thumb Code    38  check.o(.text)
    errCode_3                                0x0800e16b   Thumb Code    38  check.o(.text)
    errCode_4                                0x0800e191   Thumb Code    38  check.o(.text)
    check_HT_1                               0x0800e1b7   Thumb Code    66  check.o(.text)
    check_HT_2                               0x0800e1f9   Thumb Code    66  check.o(.text)
    check_HT_3                               0x0800e23b   Thumb Code    66  check.o(.text)
    check_HT_4                               0x0800e27d   Thumb Code    66  check.o(.text)
    temAdc_1                                 0x0800e2bf   Thumb Code    46  check.o(.text)
    temAdc_2                                 0x0800e2ed   Thumb Code    46  check.o(.text)
    temAdc_3                                 0x0800e31b   Thumb Code    46  check.o(.text)
    temAdc_4                                 0x0800e349   Thumb Code    46  check.o(.text)
    stTest_1                                 0x0800e377   Thumb Code   320  check.o(.text)
    stTest_2                                 0x0800e4b7   Thumb Code   254  check.o(.text)
    stTest_3                                 0x0800e5b5   Thumb Code   254  check.o(.text)
    stTest_4                                 0x0800e6b3   Thumb Code   254  check.o(.text)
    DataConverter1                           0x0800e7e1   Thumb Code   778  lib.o(.text)
    DataConverter2                           0x0800eaeb   Thumb Code   856  lib.o(.text)
    DataConverter3                           0x0800ee43   Thumb Code   856  lib.o(.text)
    DataConverter4                           0x0800f19b   Thumb Code   850  lib.o(.text)
    ModData1                                 0x0800f4ed   Thumb Code    86  lib.o(.text)
    ModData2                                 0x0800f543   Thumb Code    88  lib.o(.text)
    ConverTime                               0x0800f5a9   Thumb Code    88  user.o(.text)
    Get1                                     0x0800f601   Thumb Code   202  user.o(.text)
    Get1ToGet2                               0x0800f6cb   Thumb Code    56  user.o(.text)
    Get2                                     0x0800f703   Thumb Code   208  user.o(.text)
    Get3                                     0x0800f7d3   Thumb Code   208  user.o(.text)
    Get4                                     0x0800f8a3   Thumb Code   208  user.o(.text)
    Get5                                     0x0800f973   Thumb Code   246  user.o(.text)
    __aeabi_memclr4                          0x0800fa6d   Thumb Code     0  rt_memclr_w.o(.text)
    __aeabi_memclr8                          0x0800fa6d   Thumb Code     0  rt_memclr_w.o(.text)
    __rt_memclr_w                            0x0800fa6d   Thumb Code    78  rt_memclr_w.o(.text)
    _memset_w                                0x0800fa71   Thumb Code     0  rt_memclr_w.o(.text)
    __use_two_region_memory                  0x0800fabb   Thumb Code     2  heapauxi.o(.text)
    __rt_heap_escrow$2region                 0x0800fabd   Thumb Code     2  heapauxi.o(.text)
    __rt_heap_expand$2region                 0x0800fabf   Thumb Code     2  heapauxi.o(.text)
    __use_c99_library                        0x0800fac1   Thumb Code     2  compat_c99.o(.text)
    __read_errno                             0x0800fac3   Thumb Code    10  _rserrno.o(.text)
    __set_errno                              0x0800facd   Thumb Code    12  _rserrno.o(.text)
    __aeabi_errno_addr                       0x0800fad9   Thumb Code     8  rt_errno_addr_intlibspace.o(.text)
    __errno$intlibspace                      0x0800fad9   Thumb Code     0  rt_errno_addr_intlibspace.o(.text)
    __rt_errno_addr$intlibspace              0x0800fad9   Thumb Code     0  rt_errno_addr_intlibspace.o(.text)
    __user_libspace                          0x0800fae1   Thumb Code     8  libspace.o(.text)
    __user_perproc_libspace                  0x0800fae1   Thumb Code     0  libspace.o(.text)
    __user_perthread_libspace                0x0800fae1   Thumb Code     0  libspace.o(.text)
    __user_setup_stackheap                   0x0800fae9   Thumb Code    74  sys_stackheap_outer.o(.text)
    exit                                     0x0800fb33   Thumb Code    18  exit.o(.text)
    _sys_exit                                0x0800fb45   Thumb Code     8  sys_exit.o(.text)
    __I$use$semihosting                      0x0800fb51   Thumb Code     0  use_no_semi.o(.text)
    __use_no_semihosting_swi                 0x0800fb51   Thumb Code     2  use_no_semi.o(.text)
    __ARM_fpclassify                         0x0800fb53   Thumb Code    40  fpclassify.o(i.__ARM_fpclassify)
    __semihosting_library_function           0x0800fb53   Thumb Code     0  indicate_semi.o(.text)
    __kernel_poly                            0x0800fb7b   Thumb Code   170  poly.o(i.__kernel_poly)
    __mathlib_dbl_divzero                    0x0800fc25   Thumb Code    12  dunder.o(i.__mathlib_dbl_divzero)
    __mathlib_dbl_infnan2                    0x0800fc35   Thumb Code     4  dunder.o(i.__mathlib_dbl_infnan2)
    __mathlib_dbl_invalid                    0x0800fc39   Thumb Code    12  dunder.o(i.__mathlib_dbl_invalid)
    __mathlib_dbl_overflow                   0x0800fc45   Thumb Code    14  dunder.o(i.__mathlib_dbl_overflow)
    __mathlib_dbl_underflow                  0x0800fc55   Thumb Code    10  dunder.o(i.__mathlib_dbl_underflow)
    pow                                      0x0800fc65   Thumb Code  2512  pow.o(i.pow)
    sqrt                                     0x0801063d   Thumb Code    76  sqrt.o(i.sqrt)
    __aeabi_d2f                              0x08010689   Thumb Code     0  d2f.o(x$fpl$d2f)
    _d2f                                     0x08010689   Thumb Code    98  d2f.o(x$fpl$d2f)
    __aeabi_dadd                             0x080106ed   Thumb Code     0  daddsub_clz.o(x$fpl$dadd)
    _dadd                                    0x080106ed   Thumb Code   332  daddsub_clz.o(x$fpl$dadd)
    __fpl_dcheck_NaN1                        0x0801083d   Thumb Code    10  dcheck1.o(x$fpl$dcheck1)
    __fpl_dcmp_Inf                           0x0801084d   Thumb Code    24  dcmpi.o(x$fpl$dcmpinf)
    __aeabi_ddiv                             0x08010865   Thumb Code     0  ddiv.o(x$fpl$ddiv)
    _ddiv                                    0x08010865   Thumb Code   552  ddiv.o(x$fpl$ddiv)
    __aeabi_d2iz                             0x08010b15   Thumb Code     0  dfix.o(x$fpl$dfix)
    _dfix                                    0x08010b15   Thumb Code    94  dfix.o(x$fpl$dfix)
    __aeabi_d2uiz                            0x08010b75   Thumb Code     0  dfixu.o(x$fpl$dfixu)
    _dfixu                                   0x08010b75   Thumb Code    90  dfixu.o(x$fpl$dfixu)
    __aeabi_i2d                              0x08010bcf   Thumb Code     0  dflt_clz.o(x$fpl$dflt)
    _dflt                                    0x08010bcf   Thumb Code    46  dflt_clz.o(x$fpl$dflt)
    __aeabi_ui2d                             0x08010bfd   Thumb Code     0  dflt_clz.o(x$fpl$dfltu)
    _dfltu                                   0x08010bfd   Thumb Code    38  dflt_clz.o(x$fpl$dfltu)
    __aeabi_cdcmple                          0x08010c25   Thumb Code     0  dleqf.o(x$fpl$dleqf)
    _dcmple                                  0x08010c25   Thumb Code   120  dleqf.o(x$fpl$dleqf)
    __fpl_dcmple_InfNaN                      0x08010c87   Thumb Code     0  dleqf.o(x$fpl$dleqf)
    __aeabi_dmul                             0x08010c9d   Thumb Code     0  dmul.o(x$fpl$dmul)
    _dmul                                    0x08010c9d   Thumb Code   332  dmul.o(x$fpl$dmul)
    __fpl_dnaninf                            0x08010df1   Thumb Code   156  dnaninf.o(x$fpl$dnaninf)
    __fpl_dretinf                            0x08010e8d   Thumb Code    12  dretinf.o(x$fpl$dretinf)
    __aeabi_cdrcmple                         0x08010e99   Thumb Code     0  drleqf.o(x$fpl$drleqf)
    _drcmple                                 0x08010e99   Thumb Code   108  drleqf.o(x$fpl$drleqf)
    __aeabi_drsub                            0x08010f05   Thumb Code     0  daddsub_clz.o(x$fpl$drsb)
    _drsb                                    0x08010f05   Thumb Code    22  daddsub_clz.o(x$fpl$drsb)
    _dsqrt                                   0x08010f1d   Thumb Code   456  dsqrt_noumaal.o(x$fpl$dsqrt)
    __aeabi_dsub                             0x080110e9   Thumb Code     0  daddsub_clz.o(x$fpl$dsub)
    _dsub                                    0x080110e9   Thumb Code   464  daddsub_clz.o(x$fpl$dsub)
    __aeabi_f2d                              0x080112bd   Thumb Code     0  f2d.o(x$fpl$f2d)
    _f2d                                     0x080112bd   Thumb Code    86  f2d.o(x$fpl$f2d)
    __aeabi_fadd                             0x08011315   Thumb Code     0  faddsub_clz.o(x$fpl$fadd)
    _fadd                                    0x08011315   Thumb Code   196  faddsub_clz.o(x$fpl$fadd)
    __fpl_fcmp_Inf                           0x080113d9   Thumb Code    24  fcmpi.o(x$fpl$fcmpinf)
    __aeabi_fdiv                             0x080113f1   Thumb Code     0  fdiv.o(x$fpl$fdiv)
    _fdiv                                    0x080113f1   Thumb Code   384  fdiv.o(x$fpl$fdiv)
    __aeabi_f2iz                             0x08011575   Thumb Code     0  ffix.o(x$fpl$ffix)
    _ffix                                    0x08011575   Thumb Code    54  ffix.o(x$fpl$ffix)
    __aeabi_f2uiz                            0x080115ad   Thumb Code     0  ffixu.o(x$fpl$ffixu)
    _ffixu                                   0x080115ad   Thumb Code    62  ffixu.o(x$fpl$ffixu)
    __aeabi_i2f                              0x080115ed   Thumb Code     0  fflt_clz.o(x$fpl$fflt)
    _fflt                                    0x080115ed   Thumb Code    48  fflt_clz.o(x$fpl$fflt)
    __aeabi_cfcmple                          0x0801161d   Thumb Code     0  fleqf.o(x$fpl$fleqf)
    _fcmple                                  0x0801161d   Thumb Code   104  fleqf.o(x$fpl$fleqf)
    __fpl_fcmple_InfNaN                      0x0801166f   Thumb Code     0  fleqf.o(x$fpl$fleqf)
    __aeabi_fmul                             0x08011685   Thumb Code     0  fmul.o(x$fpl$fmul)
    _fmul                                    0x08011685   Thumb Code   258  fmul.o(x$fpl$fmul)
    __fpl_fnaninf                            0x08011787   Thumb Code   140  fnaninf.o(x$fpl$fnaninf)
    __fpl_fretinf                            0x08011813   Thumb Code    10  fretinf.o(x$fpl$fretinf)
    __aeabi_cfrcmple                         0x0801181d   Thumb Code     0  frleqf.o(x$fpl$frleqf)
    _frcmple                                 0x0801181d   Thumb Code    98  frleqf.o(x$fpl$frleqf)
    __aeabi_fsub                             0x08011881   Thumb Code     0  faddsub_clz.o(x$fpl$fsub)
    _fsub                                    0x08011881   Thumb Code   234  faddsub_clz.o(x$fpl$fsub)
    __fpl_return_NaN                         0x0801196b   Thumb Code   100  retnan.o(x$fpl$retnan)
    __ARM_scalbn                             0x080119cf   Thumb Code    92  scalbn.o(x$fpl$scalbn)
    __fpl_cmpreturn                          0x08011a2b   Thumb Code    48  trapv.o(x$fpl$trapveneer)
    __I$use$fp                               0x08011a5a   Number         0  usenofp.o(x$fpl$usenofp)
    ascii                                    0x08011a5a   Data         256  main.o(.constdata)
    asci1                                    0x08011b5a   Data         256  main.o(.constdata)
    asci2                                    0x08011c5a   Data         256  main.o(.constdata)
    OSUnMapTbl                               0x08011d66   Data         256  os_core.o(.constdata)
    OSDebugEn                                0x08011e68   Data           2  os_dbg.o(.constdata)
    OSEndiannessTest                         0x08011e6c   Data           4  os_dbg.o(.constdata)
    OSEventEn                                0x08011e70   Data           2  os_dbg.o(.constdata)
    OSEventMax                               0x08011e72   Data           2  os_dbg.o(.constdata)
    OSEventNameEn                            0x08011e74   Data           2  os_dbg.o(.constdata)
    OSEventSize                              0x08011e76   Data           2  os_dbg.o(.constdata)
    OSEventTblSize                           0x08011e78   Data           2  os_dbg.o(.constdata)
    OSEventMultiEn                           0x08011e7a   Data           2  os_dbg.o(.constdata)
    OSFlagEn                                 0x08011e7c   Data           2  os_dbg.o(.constdata)
    OSFlagGrpSize                            0x08011e7e   Data           2  os_dbg.o(.constdata)
    OSFlagNodeSize                           0x08011e80   Data           2  os_dbg.o(.constdata)
    OSFlagWidth                              0x08011e82   Data           2  os_dbg.o(.constdata)
    OSFlagMax                                0x08011e84   Data           2  os_dbg.o(.constdata)
    OSFlagNameEn                             0x08011e86   Data           2  os_dbg.o(.constdata)
    OSLowestPrio                             0x08011e88   Data           2  os_dbg.o(.constdata)
    OSMboxEn                                 0x08011e8a   Data           2  os_dbg.o(.constdata)
    OSMemEn                                  0x08011e8c   Data           2  os_dbg.o(.constdata)
    OSMemMax                                 0x08011e8e   Data           2  os_dbg.o(.constdata)
    OSMemNameEn                              0x08011e90   Data           2  os_dbg.o(.constdata)
    OSMemSize                                0x08011e92   Data           2  os_dbg.o(.constdata)
    OSMemTblSize                             0x08011e94   Data           2  os_dbg.o(.constdata)
    OSMutexEn                                0x08011e96   Data           2  os_dbg.o(.constdata)
    OSPtrSize                                0x08011e98   Data           2  os_dbg.o(.constdata)
    OSQEn                                    0x08011e9a   Data           2  os_dbg.o(.constdata)
    OSQMax                                   0x08011e9c   Data           2  os_dbg.o(.constdata)
    OSQSize                                  0x08011e9e   Data           2  os_dbg.o(.constdata)
    OSRdyTblSize                             0x08011ea0   Data           2  os_dbg.o(.constdata)
    OSSemEn                                  0x08011ea2   Data           2  os_dbg.o(.constdata)
    OSStkWidth                               0x08011ea4   Data           2  os_dbg.o(.constdata)
    OSTaskCreateEn                           0x08011ea6   Data           2  os_dbg.o(.constdata)
    OSTaskCreateExtEn                        0x08011ea8   Data           2  os_dbg.o(.constdata)
    OSTaskDelEn                              0x08011eaa   Data           2  os_dbg.o(.constdata)
    OSTaskIdleStkSize                        0x08011eac   Data           2  os_dbg.o(.constdata)
    OSTaskProfileEn                          0x08011eae   Data           2  os_dbg.o(.constdata)
    OSTaskMax                                0x08011eb0   Data           2  os_dbg.o(.constdata)
    OSTaskNameEn                             0x08011eb2   Data           2  os_dbg.o(.constdata)
    OSTaskStatEn                             0x08011eb4   Data           2  os_dbg.o(.constdata)
    OSTaskStatStkSize                        0x08011eb6   Data           2  os_dbg.o(.constdata)
    OSTaskStatStkChkEn                       0x08011eb8   Data           2  os_dbg.o(.constdata)
    OSTaskSwHookEn                           0x08011eba   Data           2  os_dbg.o(.constdata)
    OSTaskRegTblSize                         0x08011ebc   Data           2  os_dbg.o(.constdata)
    OSTCBPrioTblMax                          0x08011ebe   Data           2  os_dbg.o(.constdata)
    OSTCBSize                                0x08011ec0   Data           2  os_dbg.o(.constdata)
    OSTicksPerSec                            0x08011ec2   Data           2  os_dbg.o(.constdata)
    OSTimeTickHookEn                         0x08011ec4   Data           2  os_dbg.o(.constdata)
    OSVersionNbr                             0x08011ec6   Data           2  os_dbg.o(.constdata)
    OSTmrEn                                  0x08011ec8   Data           2  os_dbg.o(.constdata)
    OSTmrCfgMax                              0x08011eca   Data           2  os_dbg.o(.constdata)
    OSTmrCfgNameEn                           0x08011ecc   Data           2  os_dbg.o(.constdata)
    OSTmrCfgWheelSize                        0x08011ece   Data           2  os_dbg.o(.constdata)
    OSTmrCfgTicksPerSec                      0x08011ed0   Data           2  os_dbg.o(.constdata)
    OSTmrSize                                0x08011ed2   Data           2  os_dbg.o(.constdata)
    OSTmrTblSize                             0x08011ed4   Data           2  os_dbg.o(.constdata)
    OSTmrWheelSize                           0x08011ed6   Data           2  os_dbg.o(.constdata)
    OSTmrWheelTblSize                        0x08011ed8   Data           2  os_dbg.o(.constdata)
    OSDataSize                               0x08011eda   Data           2  os_dbg.o(.constdata)
    TBL_out                                  0x08011ef0   Data        4000  user.o(.constdata)
    TemTblJ                                  0x08012e90   Data         140  user.o(.constdata)
    TemTblK                                  0x08012f1c   Data         140  user.o(.constdata)
    TemTblNTC                                0x08012fa8   Data         132  user.o(.constdata)
    __mathlib_zero                           0x080130b8   Data           8  qnan.o(.constdata)
    Region$$Table$$Base                      0x080130c0   Number         0  anon$$obj.o(Region$$Table)
    Region$$Table$$Limit                     0x080130e0   Number         0  anon$$obj.o(Region$$Table)
    osErrCode                                0x20000000   Data           4  main.o(.data)
    allI                                     0x20000004   Data           1  main.o(.data)
    allN                                     0x20000005   Data           1  main.o(.data)
    alarmCount                               0x20000006   Data           1  main.o(.data)
    startDelay1                              0x20000008   Data           2  main.o(.data)
    startDelay2                              0x2000000a   Data           2  main.o(.data)
    startDelay3                              0x2000000c   Data           2  main.o(.data)
    startDelay4                              0x2000000e   Data           2  main.o(.data)
    checkOff                                 0x20000010   Data           2  main.o(.data)
    checkbak                                 0x20000012   Data           2  main.o(.data)
    checkError1                              0x20000014   Data           1  main.o(.data)
    checkError2                              0x20000015   Data           1  main.o(.data)
    checkError3                              0x20000016   Data           1  main.o(.data)
    checkError4                              0x20000017   Data           1  main.o(.data)
    OSCtxSwCtr                               0x20000094   Data           4  os_core.o(.data)
    OSEventFreeList                          0x20000098   Data           4  os_core.o(.data)
    OSFlagFreeList                           0x2000009c   Data           4  os_core.o(.data)
    OSCPUUsage                               0x200000a0   Data           1  os_core.o(.data)
    OSIdleCtrMax                             0x200000a4   Data           4  os_core.o(.data)
    OSIdleCtrRun                             0x200000a8   Data           4  os_core.o(.data)
    OSStatRdy                                0x200000ac   Data           1  os_core.o(.data)
    OSIntNesting                             0x200000ad   Data           1  os_core.o(.data)
    OSLockNesting                            0x200000ae   Data           1  os_core.o(.data)
    OSPrioCur                                0x200000af   Data           1  os_core.o(.data)
    OSPrioHighRdy                            0x200000b0   Data           1  os_core.o(.data)
    OSRdyGrp                                 0x200000b1   Data           1  os_core.o(.data)
    OSRdyTbl                                 0x200000b2   Data           4  os_core.o(.data)
    OSRunning                                0x200000b6   Data           1  os_core.o(.data)
    OSTaskCtr                                0x200000b7   Data           1  os_core.o(.data)
    OSIdleCtr                                0x200000b8   Data           4  os_core.o(.data)
    OSTCBCur                                 0x200000bc   Data           4  os_core.o(.data)
    OSTCBFreeList                            0x200000c0   Data           4  os_core.o(.data)
    OSTCBHighRdy                             0x200000c4   Data           4  os_core.o(.data)
    OSTCBList                                0x200000c8   Data           4  os_core.o(.data)
    OSTickStepState                          0x200000cc   Data           1  os_core.o(.data)
    OSTime                                   0x200000d0   Data           4  os_core.o(.data)
    TaskStartStkPID1                         0x20000108   Data        2200  main.o(.bss)
    TaskStartStkPID2                         0x200009a0   Data        2200  main.o(.bss)
    TaskStartStkPID3                         0x20001238   Data        2200  main.o(.bss)
    TaskStartStkPID4                         0x20001ad0   Data        2200  main.o(.bss)
    TaskStkPID                               0x20002368   Data        1800  main.o(.bss)
    TaskStartStkSaveData                     0x20002a70   Data        1800  main.o(.bss)
    TaskStartStkDisplay                      0x20003178   Data        1800  main.o(.bss)
    SS1                                      0x20003880   Data          20  main.o(.bss)
    SYS                                      0x20003894   Data         144  main.o(.bss)
    SYS0                                     0x20003924   Data          74  main.o(.bss)
    Reg3Data                                 0x2000396e   Data          80  main.o(.bss)
    Reg4Data                                 0x200039be   Data         400  main.o(.bss)
    CHdata1                                  0x20003b50   Data         204  main.o(.bss)
    CHdata2                                  0x20003c1c   Data         204  main.o(.bss)
    CHdata3                                  0x20003ce8   Data         204  main.o(.bss)
    CHdata4                                  0x20003db4   Data         204  main.o(.bss)
    TurnData1                                0x20003e80   Data          36  main.o(.bss)
    TurnData2                                0x20003ea4   Data          36  main.o(.bss)
    TurnData3                                0x20003ec8   Data          36  main.o(.bss)
    TurnData4                                0x20003eec   Data          36  main.o(.bss)
    SYS1                                     0x20003f10   Data         620  main.o(.bss)
    OSEventTbl                               0x2000417c   Data         400  os_core.o(.bss)
    OSFlagTbl                                0x2000430c   Data          80  os_core.o(.bss)
    OSTaskStatStk                            0x2000435c   Data         512  os_core.o(.bss)
    OSTaskIdleStk                            0x2000455c   Data         512  os_core.o(.bss)
    OSTCBPrioTbl                             0x2000475c   Data         128  os_core.o(.bss)
    OSTCBTbl                                 0x200047dc   Data        1056  os_core.o(.bss)
    __libspace_start                         0x20004bfc   Data          96  libspace.o(.bss)
    __temporary_stack_top$libspace           0x20004c5c   Data           0  libspace.o(.bss)



==============================================================================

Memory Map of the image

  Image Entry point : 0x080000ed

  Load Region LR_IROM1 (Base: 0x08000000, Size: 0x000131e8, Max: 0x00040000, ABSOLUTE)

    Execution Region ER_IROM1 (Base: 0x08000000, Size: 0x000130e0, Max: 0x00040000, ABSOLUTE)

    Base Addr    Size         Type   Attr      Idx    E Section Name        Object

    0x08000000   0x000000ec   Data   RO          479    RESET               stm32f10x.o
    0x080000ec   0x00000008   Code   RO          527  * !!!main             c_w.l(__main.o)
    0x080000f4   0x00000034   Code   RO          815    !!!scatter          c_w.l(__scatter.o)
    0x08000128   0x0000001a   Code   RO          817    !!handler_copy      c_w.l(__scatter_copy.o)
    0x08000142   0x00000002   PAD
    0x08000144   0x0000001c   Code   RO          819    !!handler_zi        c_w.l(__scatter_zi.o)
    0x08000160   0x00000002   Code   RO          682    .ARM.Collect$$libinit$$00000000  c_w.l(libinit.o)
    0x08000162   0x00000000   Code   RO          690    .ARM.Collect$$libinit$$00000002  c_w.l(libinit2.o)
    0x08000162   0x00000000   Code   RO          692    .ARM.Collect$$libinit$$00000004  c_w.l(libinit2.o)
    0x08000162   0x00000000   Code   RO          695    .ARM.Collect$$libinit$$0000000A  c_w.l(libinit2.o)
    0x08000162   0x00000000   Code   RO          697    .ARM.Collect$$libinit$$0000000C  c_w.l(libinit2.o)
    0x08000162   0x00000000   Code   RO          699    .ARM.Collect$$libinit$$0000000E  c_w.l(libinit2.o)
    0x08000162   0x00000000   Code   RO          702    .ARM.Collect$$libinit$$00000011  c_w.l(libinit2.o)
    0x08000162   0x00000000   Code   RO          704    .ARM.Collect$$libinit$$00000013  c_w.l(libinit2.o)
    0x08000162   0x00000000   Code   RO          706    .ARM.Collect$$libinit$$00000015  c_w.l(libinit2.o)
    0x08000162   0x00000000   Code   RO          708    .ARM.Collect$$libinit$$00000017  c_w.l(libinit2.o)
    0x08000162   0x00000000   Code   RO          710    .ARM.Collect$$libinit$$00000019  c_w.l(libinit2.o)
    0x08000162   0x00000000   Code   RO          712    .ARM.Collect$$libinit$$0000001B  c_w.l(libinit2.o)
    0x08000162   0x00000000   Code   RO          714    .ARM.Collect$$libinit$$0000001D  c_w.l(libinit2.o)
    0x08000162   0x00000000   Code   RO          716    .ARM.Collect$$libinit$$0000001F  c_w.l(libinit2.o)
    0x08000162   0x00000000   Code   RO          718    .ARM.Collect$$libinit$$00000021  c_w.l(libinit2.o)
    0x08000162   0x00000000   Code   RO          720    .ARM.Collect$$libinit$$00000023  c_w.l(libinit2.o)
    0x08000162   0x00000000   Code   RO          722    .ARM.Collect$$libinit$$00000025  c_w.l(libinit2.o)
    0x08000162   0x00000000   Code   RO          726    .ARM.Collect$$libinit$$0000002C  c_w.l(libinit2.o)
    0x08000162   0x00000000   Code   RO          728    .ARM.Collect$$libinit$$0000002E  c_w.l(libinit2.o)
    0x08000162   0x00000000   Code   RO          730    .ARM.Collect$$libinit$$00000030  c_w.l(libinit2.o)
    0x08000162   0x00000000   Code   RO          732    .ARM.Collect$$libinit$$00000032  c_w.l(libinit2.o)
    0x08000162   0x00000002   Code   RO          733    .ARM.Collect$$libinit$$00000033  c_w.l(libinit2.o)
    0x08000164   0x00000002   Code   RO          755    .ARM.Collect$$libshutdown$$00000000  c_w.l(libshutdown.o)
    0x08000166   0x00000000   Code   RO          768    .ARM.Collect$$libshutdown$$00000002  c_w.l(libshutdown2.o)
    0x08000166   0x00000000   Code   RO          770    .ARM.Collect$$libshutdown$$00000004  c_w.l(libshutdown2.o)
    0x08000166   0x00000000   Code   RO          773    .ARM.Collect$$libshutdown$$00000007  c_w.l(libshutdown2.o)
    0x08000166   0x00000000   Code   RO          776    .ARM.Collect$$libshutdown$$0000000A  c_w.l(libshutdown2.o)
    0x08000166   0x00000000   Code   RO          778    .ARM.Collect$$libshutdown$$0000000C  c_w.l(libshutdown2.o)
    0x08000166   0x00000000   Code   RO          781    .ARM.Collect$$libshutdown$$0000000F  c_w.l(libshutdown2.o)
    0x08000166   0x00000002   Code   RO          782    .ARM.Collect$$libshutdown$$00000010  c_w.l(libshutdown2.o)
    0x08000168   0x00000000   Code   RO          597    .ARM.Collect$$rtentry$$00000000  c_w.l(__rtentry.o)
    0x08000168   0x00000000   Code   RO          643    .ARM.Collect$$rtentry$$00000002  c_w.l(__rtentry2.o)
    0x08000168   0x00000006   Code   RO          655    .ARM.Collect$$rtentry$$00000004  c_w.l(__rtentry4.o)
    0x0800016e   0x00000000   Code   RO          645    .ARM.Collect$$rtentry$$00000009  c_w.l(__rtentry2.o)
    0x0800016e   0x00000004   Code   RO          646    .ARM.Collect$$rtentry$$0000000A  c_w.l(__rtentry2.o)
    0x08000172   0x00000000   Code   RO          648    .ARM.Collect$$rtentry$$0000000C  c_w.l(__rtentry2.o)
    0x08000172   0x00000008   Code   RO          649    .ARM.Collect$$rtentry$$0000000D  c_w.l(__rtentry2.o)
    0x0800017a   0x00000002   Code   RO          687    .ARM.Collect$$rtexit$$00000000  c_w.l(rtexit.o)
    0x0800017c   0x00000000   Code   RO          737    .ARM.Collect$$rtexit$$00000002  c_w.l(rtexit2.o)
    0x0800017c   0x00000004   Code   RO          738    .ARM.Collect$$rtexit$$00000003  c_w.l(rtexit2.o)
    0x08000180   0x00000006   Code   RO          739    .ARM.Collect$$rtexit$$00000004  c_w.l(rtexit2.o)
    0x08000186   0x00000002   PAD
    0x08000188   0x00002d14   Code   RO            1    .text               main.o
    0x08002e9c   0x00005388   Code   RO           88    .text               user1.o
    0x08008224   0x00000c80   Code   RO          107    .text               user2.o
    0x08008ea4   0x00000c44   Code   RO          120    .text               os_core.o
    0x08009ae8   0x000000f2   Code   RO          143    .text               os_cpu_c.o
    0x08009bda   0x00000002   PAD
    0x08009bdc   0x00000118   Code   RO          162    .text               os_dbg.o
    0x08009cf4   0x00000810   Code   RO          181    .text               os_flag.o
    0x0800a504   0x000003b8   Code   RO          223    .text               os_sem.o
    0x0800a8bc   0x00000820   Code   RO          235    .text               os_task.o
    0x0800b0dc   0x0000019c   Code   RO          247    .text               os_time.o
    0x0800b278   0x00000430   Code   RO          265    .text               stm32f10x_adc.o
    0x0800b6a8   0x00000240   Code   RO          295    .text               stm32f10x_dma.o
    0x0800b8e8   0x00000140   Code   RO          310    .text               stm32f10x_exti.o
    0x0800ba28   0x00000530   Code   RO          325    .text               stm32f10x_flash.o
    0x0800bf58   0x0000032c   Code   RO          340    .text               stm32f10x_gpio.o
    0x0800c284   0x000003d8   Code   RO          395    .text               stm32f10x_nvic.o
    0x0800c65c   0x000003b8   Code   RO          407    .text               stm32f10x_rcc.o
    0x0800ca14   0x000000c2   Code   RO          434    .text               stm32f10x_systick.o
    0x0800cad6   0x00000002   PAD
    0x0800cad8   0x00000bac   Code   RO          446    .text               stm32f10x_tim.o
    0x0800d684   0x00000370   Code   RO          458    .text               stm32f10x_usart.o
    0x0800d9f4   0x0000007a   Code   RO          470    .text               cortexm3_macro.o
    0x0800da6e   0x00000002   PAD
    0x0800da70   0x000000a4   Code   RO          474    .text               os_cpu_a.o
    0x0800db14   0x00000038   Code   RO          480    .text               stm32f10x.o
    0x0800db4c   0x0000045c   Code   RO          484    .text               at24c16.o
    0x0800dfa8   0x00000838   Code   RO          496    .text               check.o
    0x0800e7e0   0x00000dc8   Code   RO          512    .text               stm32f10x.lib(lib.o)
    0x0800f5a8   0x000004c4   Code   RO          515    .text               stm32f10x.lib(user.o)
    0x0800fa6c   0x0000004e   Code   RO          521    .text               c_w.l(rt_memclr_w.o)
    0x0800faba   0x00000006   Code   RO          523    .text               c_w.l(heapauxi.o)
    0x0800fac0   0x00000002   Code   RO          525    .text               c_w.l(compat_c99.o)
    0x0800fac2   0x00000016   Code   RO          598    .text               c_w.l(_rserrno.o)
    0x0800fad8   0x00000008   Code   RO          660    .text               c_w.l(rt_errno_addr_intlibspace.o)
    0x0800fae0   0x00000008   Code   RO          670    .text               c_w.l(libspace.o)
    0x0800fae8   0x0000004a   Code   RO          673    .text               c_w.l(sys_stackheap_outer.o)
    0x0800fb32   0x00000012   Code   RO          675    .text               c_w.l(exit.o)
    0x0800fb44   0x0000000c   Code   RO          747    .text               c_w.l(sys_exit.o)
    0x0800fb50   0x00000002   Code   RO          758    .text               c_w.l(use_no_semi.o)
    0x0800fb52   0x00000000   Code   RO          760    .text               c_w.l(indicate_semi.o)
    0x0800fb52   0x00000028   Code   RO          629    i.__ARM_fpclassify  m_ws.l(fpclassify.o)
    0x0800fb7a   0x000000aa   Code   RO          631    i.__kernel_poly     m_ws.l(poly.o)
    0x0800fc24   0x00000010   Code   RO          615    i.__mathlib_dbl_divzero  m_ws.l(dunder.o)
    0x0800fc34   0x00000004   Code   RO          617    i.__mathlib_dbl_infnan2  m_ws.l(dunder.o)
    0x0800fc38   0x0000000c   Code   RO          618    i.__mathlib_dbl_invalid  m_ws.l(dunder.o)
    0x0800fc44   0x0000000e   Code   RO          619    i.__mathlib_dbl_overflow  m_ws.l(dunder.o)
    0x0800fc52   0x00000002   PAD
    0x0800fc54   0x00000010   Code   RO          621    i.__mathlib_dbl_underflow  m_ws.l(dunder.o)
    0x0800fc64   0x000009d8   Code   RO          588    i.pow               m_ws.l(pow.o)
    0x0801063c   0x0000004c   Code   RO          635    i.sqrt              m_ws.l(sqrt.o)
    0x08010688   0x00000062   Code   RO          529    x$fpl$d2f           fz_ws.l(d2f.o)
    0x080106ea   0x00000002   PAD
    0x080106ec   0x00000150   Code   RO          531    x$fpl$dadd          fz_ws.l(daddsub_clz.o)
    0x0801083c   0x00000010   Code   RO          662    x$fpl$dcheck1       fz_ws.l(dcheck1.o)
    0x0801084c   0x00000018   Code   RO          683    x$fpl$dcmpinf       fz_ws.l(dcmpi.o)
    0x08010864   0x000002b0   Code   RO          538    x$fpl$ddiv          fz_ws.l(ddiv.o)
    0x08010b14   0x0000005e   Code   RO          541    x$fpl$dfix          fz_ws.l(dfix.o)
    0x08010b72   0x00000002   PAD
    0x08010b74   0x0000005a   Code   RO          545    x$fpl$dfixu         fz_ws.l(dfixu.o)
    0x08010bce   0x0000002e   Code   RO          550    x$fpl$dflt          fz_ws.l(dflt_clz.o)
    0x08010bfc   0x00000026   Code   RO          549    x$fpl$dfltu         fz_ws.l(dflt_clz.o)
    0x08010c22   0x00000002   PAD
    0x08010c24   0x00000078   Code   RO          664    x$fpl$dleqf         fz_ws.l(dleqf.o)
    0x08010c9c   0x00000154   Code   RO          555    x$fpl$dmul          fz_ws.l(dmul.o)
    0x08010df0   0x0000009c   Code   RO          600    x$fpl$dnaninf       fz_ws.l(dnaninf.o)
    0x08010e8c   0x0000000c   Code   RO          602    x$fpl$dretinf       fz_ws.l(dretinf.o)
    0x08010e98   0x0000006c   Code   RO          604    x$fpl$drleqf        fz_ws.l(drleqf.o)
    0x08010f04   0x00000016   Code   RO          532    x$fpl$drsb          fz_ws.l(daddsub_clz.o)
    0x08010f1a   0x00000002   PAD
    0x08010f1c   0x000001cc   Code   RO          666    x$fpl$dsqrt         fz_ws.l(dsqrt_noumaal.o)
    0x080110e8   0x000001d4   Code   RO          533    x$fpl$dsub          fz_ws.l(daddsub_clz.o)
    0x080112bc   0x00000056   Code   RO          557    x$fpl$f2d           fz_ws.l(f2d.o)
    0x08011312   0x00000002   PAD
    0x08011314   0x000000c4   Code   RO          559    x$fpl$fadd          fz_ws.l(faddsub_clz.o)
    0x080113d8   0x00000018   Code   RO          668    x$fpl$fcmpinf       fz_ws.l(fcmpi.o)
    0x080113f0   0x00000184   Code   RO          566    x$fpl$fdiv          fz_ws.l(fdiv.o)
    0x08011574   0x00000036   Code   RO          569    x$fpl$ffix          fz_ws.l(ffix.o)
    0x080115aa   0x00000002   PAD
    0x080115ac   0x0000003e   Code   RO          573    x$fpl$ffixu         fz_ws.l(ffixu.o)
    0x080115ea   0x00000002   PAD
    0x080115ec   0x00000030   Code   RO          578    x$fpl$fflt          fz_ws.l(fflt_clz.o)
    0x0801161c   0x00000068   Code   RO          606    x$fpl$fleqf         fz_ws.l(fleqf.o)
    0x08011684   0x00000102   Code   RO          583    x$fpl$fmul          fz_ws.l(fmul.o)
    0x08011786   0x0000008c   Code   RO          608    x$fpl$fnaninf       fz_ws.l(fnaninf.o)
    0x08011812   0x0000000a   Code   RO          610    x$fpl$fretinf       fz_ws.l(fretinf.o)
    0x0801181c   0x00000062   Code   RO          585    x$fpl$frleqf        fz_ws.l(frleqf.o)
    0x0801187e   0x00000002   PAD
    0x08011880   0x000000ea   Code   RO          561    x$fpl$fsub          fz_ws.l(faddsub_clz.o)
    0x0801196a   0x00000064   Code   RO          685    x$fpl$retnan        fz_ws.l(retnan.o)
    0x080119ce   0x0000005c   Code   RO          612    x$fpl$scalbn        fz_ws.l(scalbn.o)
    0x08011a2a   0x00000030   Code   RO          734    x$fpl$trapveneer    fz_ws.l(trapv.o)
    0x08011a5a   0x00000000   Code   RO          614    x$fpl$usenofp       fz_ws.l(usenofp.o)
    0x08011a5a   0x00000300   Data   RO            3    .constdata          main.o
    0x08011d5a   0x00000002   PAD
    0x08011d5c   0x0000000a   Data   RO          108    .constdata          user2.o
    0x08011d66   0x00000100   Data   RO          122    .constdata          os_core.o
    0x08011e66   0x00000002   PAD
    0x08011e68   0x00000074   Data   RO          163    .constdata          os_dbg.o
    0x08011edc   0x00000014   Data   RO          408    .constdata          stm32f10x_rcc.o
    0x08011ef0   0x0000113c   Data   RO          516    .constdata          stm32f10x.lib(user.o)
    0x0801302c   0x00000004   PAD
    0x08013030   0x00000088   Data   RO          589    .constdata          m_ws.l(pow.o)
    0x080130b8   0x00000008   Data   RO          633    .constdata          m_ws.l(qnan.o)
    0x080130c0   0x00000020   Data   RO          813    Region$$Table       anon$$obj.o


    Execution Region RW_IRAM1 (Base: 0x20000000, Size: 0x00005060, Max: 0x0000c000, ABSOLUTE)

    Base Addr    Size         Type   Attr      Idx    E Section Name        Object

    0x20000000   0x00000018   Data   RW            4    .data               main.o
    0x20000018   0x0000007c   Data   RW           89    .data               user1.o
    0x20000094   0x00000040   Data   RW          123    .data               os_core.o
    0x200000d4   0x00000008   Data   RW          409    .data               stm32f10x_rcc.o
    0x200000dc   0x00000008   Data   RW          497    .data               check.o
    0x200000e4   0x00000010   Data   RW          513    .data               stm32f10x.lib(lib.o)
    0x200000f4   0x00000014   Data   RW          517    .data               stm32f10x.lib(user.o)
    0x20000108   0x00004074   Zero   RW            2    .bss                main.o
    0x2000417c   0x00000a80   Zero   RW          121    .bss                os_core.o
    0x20004bfc   0x00000060   Zero   RW          671    .bss                c_w.l(libspace.o)
    0x20004c5c   0x00000004   PAD
    0x20004c60   0x00000200   Zero   RW          478    HEAP                stm32f10x.o
    0x20004e60   0x00000200   Zero   RW          477    STACK               stm32f10x.o


==============================================================================

Image component sizes


      Code (inc. data)   RO Data    RW Data    ZI Data      Debug   Object Name

      1116          8          0          0          0       2872   at24c16.o
      2104        112          0          8          0       9510   check.o
       122          0          0          0          0        340   cortexm3_macro.o
     11540        576        768         24      16500      92166   main.o
      3140        242        256         64       2688      19301   os_core.o
       164         32          0          0          0        272   os_cpu_a.o
       242          0          0          0          0      12888   os_cpu_c.o
       280        184        116          0          0      11807   os_dbg.o
      2064         42          0          0          0       6940   os_flag.o
       952         22          0          0          0       3934   os_sem.o
      2080         70          0          0          0       7691   os_task.o
       412         24          0          0          0       1770   os_time.o
        56         22        236          0       1024        732   stm32f10x.o
      1072         20          0          0          0      43473   stm32f10x_adc.o
       576         16          0          0          0      12619   stm32f10x_dma.o
       320         14          0          0          0       3955   stm32f10x_exti.o
      1328         34          0          0          0      11178   stm32f10x_flash.o
       812         16          0          0          0      11355   stm32f10x_gpio.o
         0          0          0          0          0      35884   stm32f10x_lib.o
       984         30          0          0          0       7084   stm32f10x_nvic.o
       952         52         20          8          0       8596   stm32f10x_rcc.o
       194          0          0          0          0       1533   stm32f10x_systick.o
      2988         16          0          0          0      24108   stm32f10x_tim.o
       880         12          0          0          0       7591   stm32f10x_usart.o
     21384        774          0        124          0      19137   user1.o
      3200        120         10          0          0       4212   user2.o

    ----------------------------------------------------------------------
     58968       2438       1442        228      20212     360948   Object Totals
         0          0         32          0          0          0   (incl. Generated)
         6          0          4          0          0          0   (incl. Padding)

    ----------------------------------------------------------------------

      Code (inc. data)   RO Data    RW Data    ZI Data      Debug   Library Member Name

         8          0          0          0          0         68   __main.o
         0          0          0          0          0          0   __rtentry.o
        12          0          0          0          0          0   __rtentry2.o
         6          0          0          0          0          0   __rtentry4.o
        52          8          0          0          0          0   __scatter.o
        26          0          0          0          0          0   __scatter_copy.o
        28          0          0          0          0          0   __scatter_zi.o
        22          0          0          0          0        100   _rserrno.o
         2          0          0          0          0         68   compat_c99.o
        18          0          0          0          0         80   exit.o
         6          0          0          0          0        152   heapauxi.o
         0          0          0          0          0          0   indicate_semi.o
         2          0          0          0          0          0   libinit.o
         2          0          0          0          0          0   libinit2.o
         2          0          0          0          0          0   libshutdown.o
         2          0          0          0          0          0   libshutdown2.o
         8          4          0          0         96         68   libspace.o
         8          4          0          0          0         68   rt_errno_addr_intlibspace.o
        78          0          0          0          0         80   rt_memclr_w.o
         2          0          0          0          0          0   rtexit.o
        10          0          0          0          0          0   rtexit2.o
        12          4          0          0          0         68   sys_exit.o
        74          0          0          0          0         80   sys_stackheap_outer.o
         2          0          0          0          0         68   use_no_semi.o
        98          4          0          0          0         92   d2f.o
       826         16          0          0          0        348   daddsub_clz.o
        16          4          0          0          0         68   dcheck1.o
        24          0          0          0          0         68   dcmpi.o
       688        140          0          0          0        208   ddiv.o
        94          4          0          0          0         92   dfix.o
        90          4          0          0          0         92   dfixu.o
        84          0          0          0          0        136   dflt_clz.o
       120          4          0          0          0         92   dleqf.o
       340         12          0          0          0        104   dmul.o
       156          4          0          0          0         92   dnaninf.o
        12          0          0          0          0         68   dretinf.o
       108          0          0          0          0         80   drleqf.o
       460         56          0          0          0        120   dsqrt_noumaal.o
        86          4          0          0          0         84   f2d.o
       430          8          0          0          0        168   faddsub_clz.o
        24          0          0          0          0         68   fcmpi.o
       388         76          0          0          0         96   fdiv.o
        54          4          0          0          0         84   ffix.o
        62          4          0          0          0         84   ffixu.o
        48          0          0          0          0         68   fflt_clz.o
       104          4          0          0          0         84   fleqf.o
       258          4          0          0          0         84   fmul.o
       140          4          0          0          0         84   fnaninf.o
        10          0          0          0          0         68   fretinf.o
        98          0          0          0          0         68   frleqf.o
       100          0          0          0          0         68   retnan.o
        92          0          0          0          0         68   scalbn.o
        48          0          0          0          0         68   trapv.o
         0          0          0          0          0          0   usenofp.o
        62         10          0          0          0        340   dunder.o
        40          0          0          0          0         68   fpclassify.o
       170          0          0          0          0         96   poly.o
      2520        190        136          0          0        324   pow.o
         0          0          8          0          0          0   qnan.o
        76          0          0          0          0         84   sqrt.o
      3528        238          0         16          0        328   lib.o
      1220         42       4412         20          0        244   user.o

    ----------------------------------------------------------------------
     13078        856       4560         36        100       5288   Library Totals
        22          0          4          0          4          0   (incl. Padding)

    ----------------------------------------------------------------------

      Code (inc. data)   RO Data    RW Data    ZI Data      Debug   Library Name

       382         20          0          0         96        900   c_w.l
      5058        356          0          0          0       2904   fz_ws.l
      2868        200        144          0          0        912   m_ws.l
      4748        280       4412         36          0        572   stm32f10x.lib

    ----------------------------------------------------------------------
     13078        856       4560         36        100       5288   Library Totals

    ----------------------------------------------------------------------

==============================================================================


      Code (inc. data)   RO Data    RW Data    ZI Data      Debug   

     72046       3294       6002        264      20312     360720   Grand Totals
     72046       3294       6002        264      20312     360720   ELF Image Totals
     72046       3294       6002        264          0          0   ROM Totals

==============================================================================

    Total RO  Size (Code + RO Data)                78048 (  76.22kB)
    Total RW  Size (RW Data + ZI Data)             20576 (  20.09kB)
    Total ROM Size (Code + RO Data + RW Data)      78312 (  76.48kB)

==============================================================================

